=== Scale factor 1 ===
Generating data at SF=1 ...
TPC-H Population Generator (Version 2.14.0)
Copyright Transaction Processing Performance Council 1994 - 2010
Loading into PostgreSQL (tpch_bench) ...
Building indexes ...
Load + index build took 155.233810000s
Analyzing tables ...
  Q1: .075582000s
  Q2: 4.025930000s
  Q3: 7.804968000s
  Q4: 8.111934000s
  Q5: 6.703845000s
  Q6: 11.741981000s
  Q7: 96.905921000s
  Q8: 3.368041000s
  Q9: 41.705971000s
  Q10: 8.392881000s
  Q11: 2.750640000s
  Q12: 3.989457000s
  Q13: 1.976361000s
  Q14: 5.878218000s
  Q15: 17.943072000s
  Q16: .779030000s
  Q17: 8.359025000s
  Q18: 4.902700000s
  Q19: 1.262524000s
  Q20: 15.818293000s
  Q21: 50.702869000s
  Q22: .309873000s
SF=1 total query time: 303.509116000s (dataset 1049.7 MB, load 155.233810000s)

=== Scale factor 2 ===
Generating data at SF=2 ...
TPC-H Population Generator (Version 2.14.0)
Copyright Transaction Processing Performance Council 1994 - 2010
Loading into PostgreSQL (tpch_bench) ...
Building indexes ...
Load + index build took 281.612831000s
Analyzing tables ...
  Q1: .045388000s
  Q2: 20.889836000s
  Q3: 12.542560000s
  Q4: 11.924619000s
  Q5: 17.994796000s
  Q6: 6.768971000s
  Q7: 135.134964000s
  Q8: 9.194274000s
  Q9: 56.932596000s
  Q10: 13.118715000s
  Q11: 9.113726000s
  Q12: 7.665989000s
  Q13: 2.743512000s
  Q14: 10.612775000s
  Q15: 28.481054000s
  Q16: .938545000s
  Q17: 10.436727000s
  Q18: 8.806229000s
  Q19: 1.218684000s
  Q20: 29.400921000s
  Q21: 9.509901000s
  Q22: .620205000s
SF=2 total query time: 404.094987000s (dataset 2114.5 MB, load 281.612831000s)

=== Scale factor 4 ===
Generating data at SF=4 ...
TPC-H Population Generator (Version 2.14.0)
Copyright Transaction Processing Performance Council 1994 - 2010
Open failed for ./nation.tbl at bm_utils.c:417
Loading into PostgreSQL (tpch_bench) ...
psql:schema.sql:4: WARNING:  could not truncate file "base/16384/16573": No space left on device
psql:schema.sql:4: WARNING:  could not truncate file "base/16384/16596": No space left on device
psql:schema.sql:4: WARNING:  could not truncate file "base/16384/16570": No space left on device
psql:schema.sql:4: WARNING:  could not truncate file "base/16384/16598": No space left on device
psql:schema.sql:4: WARNING:  could not truncate file "base/16384/16614": No space left on device
psql:schema.sql:4: WARNING:  could not truncate file "base/16384/16579": No space left on device
psql:schema.sql:4: WARNING:  could not truncate file "base/16384/16579_fsm": No space left on device
psql:schema.sql:4: WARNING:  could not truncate file "base/16384/16579_vm": No space left on device
psql:schema.sql:4: WARNING:  could not truncate file "base/16384/16602": No space left on device
psql:schema.sql:4: WARNING:  could not truncate file "base/16384/16615": No space left on device
psql:schema.sql:4: WARNING:  could not truncate file "base/16384/16585": No space left on device
psql:schema.sql:4: WARNING:  could not truncate file "base/16384/16585_fsm": No space left on device
psql:schema.sql:4: WARNING:  could not truncate file "base/16384/16585_vm": No space left on device
psql:schema.sql:4: WARNING:  could not truncate file "base/16384/16604": No space left on device
psql:schema.sql:4: WARNING:  could not truncate file "base/16384/16616": No space left on device
psql:schema.sql:4: WARNING:  could not truncate file "base/16384/16576": No space left on device
psql:schema.sql:4: WARNING:  could not truncate file "base/16384/16576_fsm": No space left on device
psql:schema.sql:4: WARNING:  could not truncate file "base/16384/16576_vm": No space left on device
psql:schema.sql:4: WARNING:  could not truncate file "base/16384/16600": No space left on device
psql:schema.sql:4: WARNING:  could not truncate file "base/16384/16582": No space left on device
psql:schema.sql:4: WARNING:  could not truncate file "base/16384/16582_fsm": No space left on device
sed: dbgen/data/sf4/region.tbl: No such file or directory
sed: dbgen/data/sf4/nation.tbl: No such file or directory
ERROR:  extra data after last expected column
CONTEXT:  COPY part, line 5517: "5517|gain47257|lemon yellow cornsilk chiffon ivory|Manufacturer#4|Brand#41|SMALL PLATED TIN|46|MED P..."
ERROR:  extra data after last expected column
CONTEXT:  COPY partsupp, line 22380: "47332|7333|2057|978.92|carefully according to the furious54260|4264|1322|977.39|usly pending theodol..."
ERROR:  missing data for column "c_acctbal"
CONTEXT:  COPY customer, line 599984: "599984|Customer#000599984|o5236sCdo6zLGv0|13|23-78"
sed: stdout: No space left on device
ERROR:  could not extend file "base/16384/16661": No space left on device
HINT:  Check free disk space.
CONTEXT:  COPY orders, line 596
sed: stdout: No space left on device
ERROR:  could not extend file "base/16384/16664": No space left on device
HINT:  Check free disk space.
CONTEXT:  COPY lineitem, line 533
Building indexes ...
Load + index build took 40.786347000s
Analyzing tables ...
  Q1: .041764000s
  Q2: .038190000s
  Q3: .031410000s
  Q4: .028349000s
  Q5: .026484000s
  Q6: .034611000s
  Q7: .034235000s
  Q8: .031015000s
  Q9: .028823000s
  Q10: .027664000s
  Q11: .042267000s
  Q12: .024537000s
  Q13: .023625000s
  Q14: .024878000s
  Q15: .044767000s
  Q16: .029146000s
  Q17: .025400000s
  Q18: .026704000s
  Q19: .027103000s
  Q20: .027075000s
  Q21: .030629000s
  Q22: .027211000s
SF=4 total query time: .675887000s (dataset 3667.9 MB, load 40.786347000s)

Done. See results/timings.csv and results/totals.csv
