          s_name           |                s_address                 
---------------------------+------------------------------------------
 Supplier#000000010        | Saygah3gYWMp72i PY
 Supplier#000000019        | edZT3es,nBFD8lBXTGeTl
 Supplier#000000046        | e0URUXfDOYMdKe16Z5h5StMRbzGmTs,D2cjap
 Supplier#000000108        | eL47lfhfMP7zRw
 Supplier#000000234        | iMrk7HUD87at3IIh4rBi
 Supplier#000000397        | kFrhzYG1SR8aWrHsftcptN,im88pImSkxxFu
 Supplier#000000418        | l07dIg BFdcW
 Supplier#000000423        | VCgMjClu4IDaVVMwMW0ARf1ho
 Supplier#000000438        | cePboEvTZ6IfUAG 8asHxVbEmZnLSph9z01
 Supplier#000000604        | B53WjrwJCSh14Bx,oCEinGgCJ3ZCc8m
 Supplier#000000620        | 5pd GQ2NTM3c2uR,gCg9NspSE
 Supplier#000000787        | xaSs5H BquWpG7s38xn Rf5X
 Supplier#000000976        | MVpCgFTl7sGge4cFxVXD
 Supplier#000001212        | SNWZ4sgC8Gh
 Supplier#000001339        | 5c4jzbVZLzvxrok
 Supplier#000001357        | OCkpJFqsRW63
 Supplier#000001382        | g5ztc13RCzp1h
 Supplier#000001459        | 9f0o97h4BZp2EFZdILZKMcHDa5C8K3
 Supplier#000001522        | W0C5TrNw89U
 Supplier#000001566        | FxGHzfvgqFzHSvl94ir CrV TzfDHA
 Supplier#000001578        | MI,JjL08uqYHU9tH,agj1wpSWQq 9hcP,VCC6vcR
 Supplier#000001680        | 9r1tXehZwE72p0i
 Supplier#000001793        | e37l8lvsJviZzWt5z
 Supplier#000001837        | y6OPRBPQnzsH5S9HVkTx2WZXejyXKL,8g2,
 Supplier#000001897        | tIwaK9T,jM3yIGVWR72
 Supplier#000001954        | QrTQJOkhS7WEFB3L5zbvDUSGh4lV oh
 Supplier#000001984        | M,EWRY6BhH
 Supplier#000001985        | iNpX5StxnUW8DlgToWvv9kZ Uk
 Supplier#000002158        | VxglnCKPCfx71cz0Lr
 Supplier#000002166        | AJE9Ch04InHtwRV
 Supplier#000002192        | KWu5GK8oZHC7tP
 Supplier#000002271        | Vbz1ex28,Trm
 Supplier#000002406        | iaNlOIvCCtBoOPeZVWxcc6UZzR,64pKF 96F
 Supplier#000002524        | CXLC5IFTBdK iGu
 Supplier#000002535        | A C1WmBRZA2BePs3f  nB6D
 Supplier#000002602        | So6U9dxBXM60pCxlEBmKm HZo
 Supplier#000002786        |  72f,5VdQ4nVanOO
 Supplier#000002825        | mzbJR5gHrpDZJ1SG YnDs BFH6aDRC8X
 Supplier#000002944        | IpInhMoSjE1V5Rvmn39R
 Supplier#000003001        | p,vtdzmZWY7YiO
 Supplier#000003111        | 4Zdm57kzJd8jPWW
 Supplier#000003127        | e5zpOo2IbVIwawn2OeD,uhW5urkAgBm6jTcyiA
 Supplier#000003128        | 4ElO3EqeTuKYNh,SXKuqz2m21aPP
 Supplier#000003207        | leSBkuggLEE8kYZS4EN
 Supplier#000003214        | WuxgYli,8Z,4BzFqgB EyFrV9MnX
 Supplier#000003250        | 6 DzosfrMQNELD6NjF0VczLB3qDB
 Supplier#000003459        | nt3w6L9fHbXL7,dYQ2gWssBqN
 Supplier#000003463        | 8m0HaduJeFZSVd1GRWvJkNhv4O KSM
 Supplier#000003508        | 1fKd2SgeKAmy
 Supplier#000003571        | hYkqn6DzQ2b2PuZBjBNdaUxEyAMA
 Supplier#000003623        | 0bmFB1Ux VvF30f4b62otQ1zeWETRgXw5oY
 Supplier#000003649        | 3VYKcpYiF8
 Supplier#000003704        | Ipq oyCih25j9LaPoKpE2eqGBZSnN
 Supplier#000003793        |  0PXTvv,YEplyHmw3u
 Supplier#000003820        | zsuoXVzqz,s
 Supplier#000003882        | 4fAALx0klt0jiU7BJSOk  GK1WBarg3GKZdeVf
 Supplier#000003886        | c,VP75QAJqi ig1gNOWsxXdsuZQbi4ZJ5 3
 Supplier#000003900        | CD6mwylfDc2CrjrEKzSbK9LbGEC9irn
 Supplier#000003940        | ScNf9cfd8g7RdcrtpU7Afk8NXgASA
 Supplier#000003977        | hcq,RUMaS5aQKKqG8KULXMb9aMhzPMNYdsvofo
 Supplier#000004017        | ryVd3twx7WnifLPEWrZCIqap
 Supplier#000004022        | hBM8bCaPoIiubGfQAWhkCC9TLsgZAE6Wd0O0ap
 Supplier#000004034        |  2NQRRAXCAOhQot5xjf OGgeKnTq,9e
 Supplier#000004103        | EYdd,noRdDff
 Supplier#000004159        | vCppZkSdm0jvPiaq85mk,6vt
 Supplier#000004188        | 2M4Uuj0Ciur
 Supplier#000004233        | NSgt4kMBUwpWuPSaeXASzfCE
 Supplier#000004409        | MujJ3UmLYP7XaB59nG2
 Supplier#000004433        | ,264VWuSf9l lOALdP cLe5coAdzMc
 Supplier#000004493        | mYAVD3If6OnkZ5IfYjLW9yO8cN
 Supplier#000004528        | roNpvAnFYHwel1QGrgILQ
 Supplier#000004634        | ukp63mlcz4saSWQr
 Supplier#000004684        | Wki58fvNf dzCjJD6dSxzP5i
 Supplier#000004695        | g6KTg6OgozXMozTjPx0
 Supplier#000004741        | DgYOWOKos9R6HBY0aU8WKTJp
 Supplier#000004817        | UL ZJxywDNpE5UGHSQUsxTKMppg
 Supplier#000004846        | yaGqqDppYiGSkpUnHASEkrxb5xD9SkCpI2vad
 Supplier#000004895        | TbWNU6fEkHj8VoxvOl9kDP,XwoMhs
 Supplier#000004956        | ibDuLQ0D8W1hK3m 7sMKFt5fw8XGzp1aU
 Supplier#000004971        | qrJ e9wrseQQjVb83pLYiA32KSO
 Supplier#000005038        | 279zLyZkIs17Jv3vrN5,K dZ8tZAu9xZ
 Supplier#000005315        | P41wx8QlVuH0KVF SsfB6q2Bz
 Supplier#000005365        | crrHU5sZl2 BY,oD ma5GbFI
 Supplier#000005428        | A 9bt7EzZq1uY1yQniQLTXHGUb9BE3
 Supplier#000005577        | ,p,phwcYp02ArlwhKoYr8cxGlLJOonXGTTOrYnJv
 Supplier#000005581        | UtL5rJkRV4x,RfVkCxNqSDppagiQrk5b86p
 Supplier#000005590        | gvX4lIaMD5pPI7lZQl
 Supplier#000005591        |  A39jVPWcKU82OI68FRPv5MLYkbnFhQeoH
 Supplier#000005611        | pSGcoAPtjG6R
 Supplier#000005617        | JwWENFPcbxn2nk4AGFIZCWnza8hAxf8AL1XrczXM
 Supplier#000005712        | RKoQ5ijTQ6q
 Supplier#000005752        | qKui69rK6v0l,fz1T
 Supplier#000005780        | H1BVHnv2ofhISQM1GdTUL
 Supplier#000005850        | cn4kJKDy5otUOanVqO2ooztd8b1Ob
 Supplier#000005893        | e,hz2aPH8,lHPL5l7ztoo7mLSJ
 Supplier#000005935        | vB3BeyMIWG JEMeF7,4h2
 Supplier#000005977        | V8rEW7GYlWJM3S4IIO0nmLAclj6SetYsjCEYAlAg
 Supplier#000006086        | p0WNQ0dxAfHnrN55EAMYvr6kEnWq t5
 Supplier#000006145        |  YN8CD22,RU3,LytJj0JMsbXi7DGyU2U
 Supplier#000006207        | lc7ok02O88prghZHZ8MA0v5IbJdeWHB0NhP7z
 Supplier#000006220        | FeiFBC36pFsat5
 Supplier#000006247        | 3JmrDbyjGCw1LmtsOo
 Supplier#000006425        | M40,4vzvHXPnti8pBmvCYXVC
 Supplier#000006495        | vKOq9W5U9vh2,KuaVFibFDa2kqjUR4dkj2H
 Supplier#000006530        | QyKRu05w,UoOZ0jm7 HBdG101ouPSI98iQt6Fk
 Supplier#000006577        | q2zbWFHaulmNjbAoT8UXh
 Supplier#000006609        | 80qGzNVlUr6jXFKaGU0RCVO
 Supplier#000006625        | 4e8W9wdzG6VoH
 Supplier#000006647        | MGroKuG,dU52
 Supplier#000006775        | aph5vhayqx
 Supplier#000006782        | Dt4TTM ,rc5mekbZe63Hzf2qx M,2XQsLUREfyyU
 Supplier#000006817        | txd0Gjo9v4vG9of9RTlfFhg3YzBcCx,N
 Supplier#000006832        | UgadmHfm2qXtLvuyK2MABgd7NGe0G2p0b9G
 Supplier#000006903        | UgUQMp80h0vqpULCwS0MJ,hMqFXNH3UYkSDZg6
 Supplier#000006912        | hff1tjJJ8LKrYA4Mp
 Supplier#000006916        | bu9b0Mng KRve7qcgbLvSU4r EuO 2ZyMafCz
 Supplier#000007143        | NFBf1JKFODt
 Supplier#000007174        | 4PP0sCXiIsntEaW7UsdEeGmubuVGkguV5oDQGX
 Supplier#000007230        | bVgNADApRN6dAUGrUgpuxsm XMjo2J14J
 Supplier#000007236        | NmUSpgmcSA9eBb1kp7ycjB44jpGzjiwkmZd Qtn
 Supplier#000007374        | hXPCDq Y,NT9x1WD3BEbGeZ8osHYds
 Supplier#000007430        | 6XfH6NiFdely
 Supplier#000007476        | z8RgUxhZSR
 Supplier#000007703        | odtP Txyybda
 Supplier#000007704        | mUcN2x,yodhb
 Supplier#000007707        | x0q 8pDWEg7sFFOGlUJ8x
 Supplier#000007821        | cXfD, N6NyIc5lkyw78HFkIG7LF7bClLF
 Supplier#000008009        | sFHIdVSVGrziHMFvRSAvq44JiYFvJZhO6,zBTYi
 Supplier#000008057        | nELhdFGUYN 4QRtB0ZFE3ab2jAYU,vVYoe
 Supplier#000008120        | R2WCFL3A2qo VhrjfAG
 Supplier#000008265        | Ig x7 AsU,sda27UWa
 Supplier#000008272        | rjuHAwxY92lo W5nTHeuKq3H
 Supplier#000008355        | nvgZOmTqsyNs1nlHOEYgk73J
 Supplier#000008450        | 2EySLcI4F9ySNU7lbhtqNFP9XiAcBS
 Supplier#000008612        | jQEKalzEiDSGUtUPCFnrzYWUzpQsM3GX
 Supplier#000008617        | PQqLpfsDoVloc qIy5Kmu,ooCuE0bR8M9n5AO16
 Supplier#000008732        | se9LZxoJ6lPB Zole9,nJqgf7iJkwS
 Supplier#000008758        | iRK6pTtk,Vzf
 Supplier#000008868        | Fmk O6m9t6Cb71g29R4kPeVA4wX3v,tR
 Supplier#000008901        | 80p4fwgJ1a
 Supplier#000008991        | jS19kC4v8fdR
 Supplier#000009077        | TSKc 6qUKfGVMcGf
 Supplier#000009165        | Fyt8EohQ5IReADmKJp9WHJ,3yqCXk7iAcVdVKe
 Supplier#000009212        | zmYL6C8D,yYVE4
 Supplier#000009214        | ,qaMSx5PCf Rgvw,zA2NMocm5fLSe7oWn
 Supplier#000009275        | 9ROhWwDc62wHtvElpgK5hyEVX3oAMd
 Supplier#000009289        | lAIhcH3 p,ij2ci,YjLmNmUbEnNa3OtrJ55PzE
 Supplier#000009376        | Gr91X3M1khLCOryjJ8hPe O
 Supplier#000009575        | qAdrnjTmcGUqpcVQy CdX PIiFGea,TwFl
 Supplier#000009631        | FJECow3o,khLY5f2sc
 Supplier#000009651        | wAez7p,lbPHySWeSDNRbfl4
 Supplier#000009654        | 5MNils0QhV2F3Sv,IfxOvuNBvssyh3
 Supplier#000009687        |  Ik4 Ef8rGuF0ixhIfH0v9RgzEI
 Supplier#000009813        | Lv2yLejtYVUOvp
 Supplier#000009829        | a MzUAIbIxqhIuwTZN2w ysqZHoTXipJpWMo
 Supplier#000009859        | QR0E5htVvlb4qLK50
 Supplier#000009906        | gYu, 3VzqrurtbsOpnt5,CQHy,hkRHOc
 Supplier#000010027        | 1H9sAQ03P3xva3pd3pTd7 mVjxcxW0JH
 Supplier#000010078        | QfpYtau8MAi
 Supplier#000010130        | I8ydDkIo,USizMPwiIG0jch2mvWNLIv y
 Supplier#000010133        | dtNp9WghhjUmKcs,5x
 Supplier#000010171        | IQRgsPKdMepo3huK4SegmI
 Supplier#000010182        | JNeYRvWDS9R
 Supplier#000010250        | OQtRuMsnmMPE2DDszKgGew0TUGHaczOhmdg26
 Supplier#000010258        | r09kfhba9NX0kf3Vf0hFMrgoneaD3
 Supplier#000010292        | ErD0d50KUwYtVAp5HctO1T8K
 Supplier#000010408        | myJKt9UWAwLBnja6p,r PV
 Supplier#000010479        | uGtQaeB05uEtMvQ9xsRFOj0W,DNcewTx,
 Supplier#000010506        | eJfab8NLBKgMVkH6QolES8s
 Supplier#000010583        | KrNVKmKeiSyDNskovLPk3,YEF31SkOytMW
 Supplier#000010742        | GEcJdLLfXus9afvzhMM5U6Q2h6,w
 Supplier#000010758        | j sdyuXZ8UVoS9BlNHLDQQh1dq5bPaK1Sab
 Supplier#000010867        | qAaUUl2AajxU24,U3cl,4EfilP1C9F eaD1
 Supplier#000010889        | jU4UgD8vPXSUhsWSdKx,zAwRPuO
 Supplier#000011159        |  akBb85uUVrIjaaIrUYo3OmQBVxPQ5JbLQTmel0
 Supplier#000011168        |  JZPgbfP49JtTMf7T2zPurq
 Supplier#000011242        | 6tNSbJCPyC GCDEL9ucFxKh2Mr 
 Supplier#000011262        | OokZjtrTrid,K,nzpWiBB1MHP,a
 Supplier#000011277        | K036tKGN0vGXSY8
 Supplier#000011286        | tXn5EnM1j2sg7Ri89FG0,h089x3K1lEO0HV69U7X
 Supplier#000011367        | x687l8HAw2JF 9X9eeXQz5xVpdsR6
 Supplier#000011419        | BY28dNtW1XlI9CujxtBW WiiMt
 Supplier#000011490        | NRx,GrrTjT
 Supplier#000011502        | 232xDKeCwVpd
 Supplier#000011508        | FTH1aTJgN4mS18Gi4F
 Supplier#000011528        | sChZd8084tdInhB9XuDrTk2l n
 Supplier#000011634        | Rh7ssFKrWqfKXNIOBnHuLmcGlr0EU1
 Supplier#000011695        | 6090Q6hSWS8JEJ9f4ceV,KE2 2gSxPHAiPDgmB
 Supplier#000011785        | TEczch45gK0FyyCQO2WvcuQuaxO8HCfIfXSCIK
 Supplier#000011806        |  Q2A2D,WbecW,Swa9dPhm2uC
 Supplier#000012135        | HLnmVfCNU8Pvpq0XaItkYQf15TEtCak0ss1z0
 Supplier#000012140        | f9VbF6icit9rwn
 Supplier#000012153        | GQIQL7gEoFDJ2UIWxv
 Supplier#000012228        | KhaRIqDR4F jFBwyiRK8oIVpdyeu8
 Supplier#000012371        | iSImExEfBcFKtnfQqc4re5m
 Supplier#000012567        | kIvswtuOar761kNcXFGBo
 Supplier#000012595        | UQ6d6blL,rzJ
 Supplier#000012596        | EA qDC1oZptnbn
 Supplier#000012751        | 53aFTH3HP6xyVtRgMWSEnO1
 Supplier#000012818        | aV7PDfAR8gFwDQ4WTjxw5a6JbvTXiR,0lNFTPPH
 Supplier#000012824        | 8Mh3TArWJ km4
 Supplier#000012833        | fHUZ0 ibw6GNOPGPg,cULUnU
 Supplier#000012977        | QckxJ9bN,Jj29hLkGUrApnq72iCNsDnPBKwB0Y
 Supplier#000013049        | kxz73ie,0Qs2,qmMMnw819c4Iu
 Supplier#000013067        | V5yKwe2Xxy5JEsZ s1gmjsNG9Rexbawo,3ne 
 Supplier#000013175        | 0D8nO5Z,p0Ag5JGYV3CiL8GRfvi5VuI
 Supplier#000013266        | qBgjgHgiHMaNpK bD1ssLnrK3D2T
 Supplier#000013373        | 1F7hBQSEMpAI0GZy9,7hgsso8FWXkbfzidGca
 Supplier#000013411        | 97syH  m48cSp3KzdGX
 Supplier#000013471        | f0bQ5PGDseKW50
 Supplier#000013475        | M DSzR2c0CD,YqyI eeoxg5l0v7Nnw1t
 Supplier#000013484        | rzBsiIBsgls
 Supplier#000013496        | pIt HooVQrtXlRF,POX BhsetPa
 Supplier#000013548        | FV9Rnep9Bec6XH3kVTp
 Supplier#000013560        | qM439PJ6q6fwGtM1yrbEO5
 Supplier#000013577        | T83jSZkdtGEWXm3Afgr08WD6
 Supplier#000013592        |  DXJT2S,PL6fcJIabffYsEVpH clT9Vi
 Supplier#000013726        | PfscCwFUdP2u5yJ5T
 Supplier#000013765        | HNB3YNV80Z5p2Bm
 Supplier#000013772        | VP92C8TzyBE8CW
 Supplier#000013793        | RXbiRGMk0yGl,f3Aii2suA9hsGsbHrJllNJrXS1
 Supplier#000013797        | 7fUso9BIVblnSrCqpeD695LsIsolmpue19
 Supplier#000013833        | SJYWgZcrgOmgDnu7Uocf9UWsZ1 oPwm,museuh
 Supplier#000013941        | RdABZLpkS5HhNe2NSZPTMsFFxl
 Supplier#000013981        | U6 14HCbMRT0zyIhcVob8lCpV6pqCsMFL3NY9
 Supplier#000013994        | wshtctFfgrjqk17oW1nGiMeWHR6KzRfTGCy
 Supplier#000013997        | 07UAm3XrTTfEQLHoSsndLngt9nebRxST YpbycyU
 Supplier#000014021        | gtY79b as9Nkvq3Tm6ox
 Supplier#000014061        | g7gRDY7t1,T
 Supplier#000014094        | sDBeWZ333TuZ6pDS7ZRpZ
 Supplier#000014111        | D8t1Hpn3aNR9OUIvrrDAwLbWrcmFcjqdC4y9BJk
 Supplier#000014166        | 7hLPoBMpK5EVHpz1CoyNHoGHzLgvQEN,B tR
 Supplier#000014209        | 5OKil8bb6JaYlwnJRGAJ13HvFcc9DCkMu5vGS
 Supplier#000014313        | SCZxS9bl4XrwwklUVw XI
 Supplier#000014388        | NEa5Yv3yLnmK,Z9i8BkZyG8EiGguBLkE
 Supplier#000014497        | Q5kU8gL4b3ZXo
 Supplier#000014603        | 1DNsyHuCNRDu
 Supplier#000014636        | XqpE4w5IijvSWYkki PkjB1ATnTK
 Supplier#000014893        | PQBE62QWmoUeyUJFSOc742r9QbiV
 Supplier#000014996        | P2X9YSv6SXNqmbFqggHabG0xGHG8TE8,
 Supplier#000015022        | jhyQgxLDVq
 Supplier#000015074        | Sm0Jzd8Lv6EkRnXzjBVqg0mxi
 Supplier#000015115        | 8sTCbrdwmm1oz KC9Q5DrHG8j77radZmBl
 Supplier#000015117        | VrsmNm0 5 9olNLi4RbNlOrz4Rl2
 Supplier#000015155        | LH1qPbmcPulrfmsnreIkUoKCLc1MdkvsI3GXAijr
 Supplier#000015194        | InZuzDH,crAIsGMbN419VQhfUb
 Supplier#000015234        | 0ycnYjANrm08t0saJuwW
 Supplier#000015272        | 2q3Fv YA shL8IdT
 Supplier#000015357        | L71Hl9Pmqqoqlt,eg,xLwEUEI 
 Supplier#000015378        | 0VHyXCbMZXiAtA7WyAWZMMQ0ixsuFqxhhx8j,c,o
 Supplier#000015448        | jfvwHjrCG7KzIZe5C1JRIWVDLW6kcahZxP
 Supplier#000015451        | XaUS04hA6mcow qeCHNDWtJxp2yNMCf64d4bfYJ2
 Supplier#000015488        | 0193N57zPmAtmL1zs
 Supplier#000015502        | X5YjLpKxg8AowcHDLjc8A
 Supplier#000015531        | ENswO4gPDeTxyM07PEyhYVMiziJKOo DxUXA,
 Supplier#000015621        | KMFXCjXE5INVo9DyKOJUS
 Supplier#000015636        | S,OLcqr5CBtht2ydphlOXaManOZI
 Supplier#000015678        | wSPG1FPo8s1TFJu37pYM289
 Supplier#000015751        | kjgxn9mZ,tKfCdbmjjYz
 Supplier#000015752        | gpVr5jYT3AkhD
 Supplier#000015801        | qMcsaZP0uONDjGe,URMe7CM97EFj3o2zxx
 Supplier#000015829        | z5XxbHZiFYJcauJMsf8NqGahi2rbbqk
 Supplier#000015855        | iMpU2CLquLWMi5422N6aFHMXVXW3vJlyJ2vcQS
 Supplier#000015879        | g,3zt5XlHyD5hQFFspqanDLgqjvO
 Supplier#000015922        | nGnrmrcTBIJw5KXm9jg
 Supplier#000015986        | ECWa5j7AJUqZskS3c85sRqgE6XxQmXO8x3hu
 Supplier#000016061        | oR eFZG2Kp,kAFg,7BLuUESGG4ep d,kVqg
 Supplier#000016099        | NCbHdYgTvd rFLJACGmI0XzovNtu5G au3GZ8CBs
 Supplier#000016176        | Aekb82 ZHj3G x8JGwA
 Supplier#000016275        | AQjXaIqpYzByLtgE7bRRV91ycLPetUQrZvGghY4q
 Supplier#000016286        | QWyoexQbZfi7f
 Supplier#000016335        | iUkzZ0ze4KhN88,h96WMvNFa
 Supplier#000016339        | DT9EMDKNyJhaRWNho,b2gmULq
 Supplier#000016471        | w1O8w9UdfBlNl9BM
 Supplier#000016525        | uPvYUVAbK4uA
 Supplier#000016537        | HyMxhuMapX
 Supplier#000016543        | nQ09SzlVUvclI6xD,jFDwMDD,t6tG8cT7
 Supplier#000016604        | tOBdefre9n1EeGSyPPhU
 Supplier#000016631        | q4Wu4Ld0Fk2snu
 Supplier#000016666        | kF4Yb7X,ij R0lyMCQiXYEr,RI,ASbbk
 Supplier#000016710        | 76k3ewJci8Uv
 Supplier#000016772        | VUrnRBq3x4QOT
 Supplier#000016773        | hUZLOh6Lk4XvWyA,bYRSIXlZ0P8PQOLRQeU
 Supplier#000016817        | pVkHKNpMCxarDujt0L
 Supplier#000016863        | ll9ozN,XVp3ieD8fwzZVzQzt1JRZIUatjlqxsaD
 Supplier#000016882        | T9U0XF5exeNKGVQvre
 Supplier#000016895        | 3yZNo6Jr3O7fA an6vJcyl
 Supplier#000016908        | 4nS6 ey8P6elgI fkMrDOZSOkvFaN20Nm
 Supplier#000016929        | oh,Ln6zFS1UUx61IBC
 Supplier#000017040        | kszv7hkukKRmpAEDdWA
 Supplier#000017051        | VJ2zjaBFynOQ6wgl,l vhxDa1tRQmfTlInSr
 Supplier#000017102        | HI18lSA3VJaD85gv
 Supplier#000017108        | 8yfwKKY7fXDRy
 Supplier#000017188        | wW8x9Kw,Kt5dFfBVzdkq27fQMa1,ijpd7
 Supplier#000017201        | qkgRPZwuSjgvyJdkTTyTBU97i1cNTkb2L3cRD6WH
 Supplier#000017229        | cO45fYKsKYfPNBSWYNFHjEyJq7L9cP3BTkz
 Supplier#000017263        | kNR70Rri4feqa5KxHDLP4S1fg9mvMq7
 Supplier#000017284        | 5AybOtBPArGWqoEPFG
 Supplier#000017377        | K7H5rWWx5OaAXiMX61zB3,1TQMkhhdv 
 Supplier#000017495        | go,FEYzTEoak
 Supplier#000017548        | 18RKvtXMJdfURYSG1Lql
 Supplier#000017589        | 5IiwwsWVf0
 Supplier#000017594        | n9grCj17IAEJ eEZuhfNgcpT8Gc
 Supplier#000017607        | e4lkMrq6Dh161HUnwgjmuywjr0E
 Supplier#000017669        | oRP,9yBKfo
 Supplier#000017677        | L7Mx,idFFX9G5NBth1LGQEbufKUj6,Ozukin89A,
 Supplier#000017779        | fCo0JWG ,BFv9W0cd
 Supplier#000017849        | 0AUbePXxYmc AuTUW1rD42kpiTaDrQty,hF
 Supplier#000017899        | 6eVD4Ac7hjuEPTNpFQ
 Supplier#000017951        | TkKID4bgC3g858UmgSVTUN 4FtBIqn7O9
 Supplier#000017987        | 8rksdSBrS73,QNIv7,Z2Jw4MFbxEnXY4
 Supplier#000017989        | gwbvjsJ06xnTvDMg,6c2E08,Um,tg
 Supplier#000018025        | xjVIMPxqFfyW
 Supplier#000018048        | JvQJrlrpyDn
 Supplier#000018059        | u9kR4DDZ jg5tXj4faUD2PTJVrJC9KB
 Supplier#000018078        | aXbMeOYuRmn4OYYzHWIKDRHn7deW3xaQbQ
 Supplier#000018122        | J106OgU0MHjMUxW
 Supplier#000018123        | ,85yKCRUOuHSNtg0vVp0fOudl4dtj7
 Supplier#000018133        | HsBQARIP3v2UK8AP1CoslN9M2
 Supplier#000018184        | 8WYaqZwJbRmyh 1l,fUsuoXlZUFYzPZ38og5I8IK
 Supplier#000018187        | eIT8aK5Czz,WfJs1lg
 Supplier#000018245        | 1SmDtOt6bh1sUeVvWEdui11Zjm0PY2Ug2 R5
 Supplier#000018256        | hmzeQZLE 0n Rjpm13vH5djidILbM0ISw7PLJ1
 Supplier#000018262        | EZzdQSFmzX97fmDZrrqC
 Supplier#000018353        | mQ5DhZ1TjSFGav4wDcJkJiuSKE93P
 Supplier#000018354        | DfPL,BdMCH6bBH,3kGsopbqNibN
 Supplier#000018381        | NwW0PUhtcwcb2tCF65BUaKk6,YAEKl
 Supplier#000018446        | 5MFni9SVv5bxyq10cM
 Supplier#000018486        | nROhOWS77aqTH ktnd6NRw7wXKY1lma
 Supplier#000018602        | 9sNScjjTueHUfjfVIPP
 Supplier#000018782        | E83cEUkfbrUQOA dg
 Supplier#000019035        | A9J5RWWiqosJNyxiUYRSZhbT3
 Supplier#000019097        | kMl1Y5Q8XFR8FNmo8SnhGOPehYYEdcXOa8m
 Supplier#000019199        | UMxOMDiPGi7B3MLJlaCyszacqw0vC
 Supplier#000019295        | Ycx7aDTewXd9T PwtTj0yT6gAR
 Supplier#000019365        | ZDefUWzDdexMImuN8zevf,lIAd6gEB
 Supplier#000019435        | HIP79W96 AJJmcFj56Aiqznw
 Supplier#000019443        | 0u2ccq gsIuZ53olBmmkXSC8Vyx
 Supplier#000019553        | V8gf4sUen1 Cb9XKj0
 Supplier#000019575        | XkojJYLvpzwDK XbxNoliTzVwd,f N4gsydWyXDf
 Supplier#000019593        | W4Zc2bzX1sWjS3
 Supplier#000019742        | hnKTUQ 6uzusJgR
 Supplier#000019789        | M3,Vd8iP5YCE1A2
 Supplier#000019806        | Hi3wy0xt0fcv172m9zn
(344 rows)

