          s_name           |                s_address                 
---------------------------+------------------------------------------
 Supplier#000000011        | JfwTs,LZrV, M,9C
 Supplier#000000027        | lC4CjKwNHUr6L4xIpzOBK4NlHkFTg
 Supplier#000000072        | mKpAJojtawk2alqV4 ZEbJ3PH3wfYqy AM8rGq1
 Supplier#000000099        | 4SxkTHG28nZrtT0,MnVF9H
 Supplier#000000117        | ZnlLNC,8YN10T4mjI8eq5bJ
 Supplier#000000137        | j81M1VQCvKcIVnpMnIUnBNVUOm0XYJuJY
 Supplier#000000187        | oMtyTl6hTyLQhiBwrUaa42zKOjfNobEq
 Supplier#000000191        | X dZg6Dtv17X7
 Supplier#000000196        | TQX4fMwB5tXoz4Fi4CEhALhi6
 Supplier#000000201        | e3lZO QY9QpCVdc0HXrqXB5uxXnOi r
 Supplier#000000213        | 1s7 4odatD2BWz1QjXR2 2SnFhc,Rvr2Icxh1m7f
 Supplier#000000255        | qx16XyCEUh9OawVeQWOlGlhAU32iHFPNkO
 Supplier#000000294        | 20vnacv,dtZ0mr5kukNf
 Supplier#000000302        | ow8Io1JHkPnIAGCQYCWC
 Supplier#000000319        | tcES8Ay3zcHQER9K6gAKFWlDvcg nrbPl
 Supplier#000000345        | ZYuibETx2zArwg
 Supplier#000000385        | 4RDwKCNc6 yBY
 Supplier#000000395        | vYD9APwEz6R1BFWJ,GDJ7yCUZJm
 Supplier#000000411        | G9H53XVrdbhRgvQwho1AS
 Supplier#000000527        | udKczd6U1Bm79UVDkA8P2Xa1VY qv9mvsXo
 Supplier#000000581        | X pNyEcNqxYwiP0gJ7FzkJ,haGkn
 Supplier#000000584        | XvDYsHYpmY5AkX60fj0bZo4WW
 Supplier#000000589        | 3C4,WjUCjL59QhMSxyq1
 Supplier#000000662        | geJEMlJvE3HdW96Rz3touARh
 Supplier#000000663        | tPtpVTsSAQNw,4GgXR2Hxx5FyCxxgqmW,jE sRT
 Supplier#000000724        | P92abZ6rWSfO2cm
 Supplier#000000733        | mUdSdgmayvR
 Supplier#000000798        | Q4atQnxS0XRmpP
 Supplier#000000843        | iguHIr15YUL9RMmH7U3XsDfdyEg1441
 Supplier#000000928        | VL,J8Fq0GI0BnVTaTU9Dcp9Z
 Supplier#000000947        | 6xS,tBAgcKGW,nXNhfm2Hv26uYicU3
 Supplier#000000956        | dmmnYeCuIZB7b2pWTOQ9zrAdi6zxwIrj4aT446L
 Supplier#000000962        | 0udWpU30ecw3XMLiEVhaM7I,BhufyzF4i
 Supplier#000000987        | DAWJ1lDhybbSO3mngqD28aX
 Supplier#000000995        | CgVUX8DtNbtug2M,N
 Supplier#000001006        | d0DSDuBcFCmu9jVJn,sVnyG
 Supplier#000001045        |  GYqHNiVWsfYm9U
 Supplier#000001106        | s,fPdPCojkKGWBJZvp
 Supplier#000001138        | cgnz432oKyPA0g7Y26bYorMwHFjbki pjALkt
 Supplier#000001168        | SF8uvvbHRyOVTb8APmgFEL6
 Supplier#000001179        | l9JHnPjgaxrY11cPiCE
 Supplier#000001249        | aoY82cGgJZpmWsBQaPARId5
 Supplier#000001378        | cyTlnVEoMOYxy1JjQ1jm2Wh6vr3ycFrSI21jiO
 Supplier#000001557        | ZxA5pFdT2aBu6
 Supplier#000001650        | 0R0dQzwyoH6vgewbsib0u6wnkuj,JCdR
 Supplier#000001686        | LotsVSpeE7V6C
 Supplier#000001729        | t77dnGUN7PRN68GNkfLtegp8CemKvdDbLaaE3UNd
 Supplier#000001732        | GbsJPNJVFf1BfA
 Supplier#000001763        | jlElnSpkpQuxgYbev1Z35nETkj6DQCINaQOuJ8Af
 Supplier#000001783        | ac5hhWNSEs9oqWSDfSbjsQBogoFpZI
 Supplier#000001864        | ExiJvugY2QxsI r5goq5So mi NTI Zj
 Supplier#000001928        | w5ksuneIutUKiRFmRt
 Supplier#000001976        | lbnEmZyu58MhIomv5jqN1P4aoTwRQYqaM
 Supplier#000002013        | DspSlENDW6CP6ln
 Supplier#000002021        | t89NPGwaXrWJ6Hk7K
 Supplier#000002098        | 2MCSyt8XGXTLfXRzKGf7
 Supplier#000002114        | oYrzEAWh3pExO
 Supplier#000002175        | ieMsCCBs2PWKsAJfbHwHS SL
 Supplier#000002195        | aDZzLrVyjTGTrQkFbZIsVRz HvhC4Qvd
 Supplier#000002231        | WIQCMu3Jbl9wdGTa9MBrs
 Supplier#000002247        | sBGZhF UGzdk6st1ryZYuv 1Nkv1mVi
 Supplier#000002263        | eowPbcmPy9jRFwmavlktYOCm7FwTL58Z58DBN
 Supplier#000002315        | A PIXxBK8AIEDcrDps7j0T9O7qhdBa,hiCSUyJM
 Supplier#000002363        | Ei9HRUUYW2uFGY
 Supplier#000002375        | pP4gyVgnxG22m 6pAIlNeHQQzujH
 Supplier#000002390        | HGW9n1scoMDHgF8z7O6iTm,
 Supplier#000002500        | 3E6egPL3NCIN4Vawqt0pxUoH7ji Zp
 Supplier#000002562        | 8wONfGJQNBwFNWLjnPQAC5
 Supplier#000002591        | RCENZsjugC0D,5n54w7C0aeQybazo6dl0UopQ
 Supplier#000002650        | 51iJSMOmYqTXNLB
 Supplier#000002664        | Yubrd7VE sB
 Supplier#000002687        | bfA0yTgLN6MHtwVjEknzyZA
 Supplier#000002715        | Z5oAPo57q31ygVY2IibeIZGsSA6txe3UDxOXAq
 Supplier#000002861        | 0q6yjuni0wE5g
 Supplier#000002903        | KDCfcaxRMpHV
 Supplier#000002904        | 3AVLyzSjCrHYuiLian1626bEfJgpw5J M
 Supplier#000002967        | lIgtycEJeN4N1WUZG1hX8v1irzyj4qx7kCwrCZj
 Supplier#000002994        | gMO5J1X9uSPlI3glDUSYsud,yzfOG5HTQ
 Supplier#000003083        | 1LKbnA,BDdWyZnzW
 Supplier#000003257        | 1eohH908K748ruDTuvA
 Supplier#000003432        | z,Xuzy2hzllkHfwFld,TVRK7vUQVDGZxtP6uG
 Supplier#000003460        | 0iXLHfjoBD9oySRtdK
 Supplier#000003523        | QliqObPv6XqEWceH4Q3Bj
 Supplier#000003525        | o7P4WyAXhI1qxY3s1Qfha0bIjWzi W el
 Supplier#000003530        | 0t 0sStT pH7DD GWU,D1F 6BvSk4
 Supplier#000003763        | pj1BzZfawlj8 zLBiX b
 Supplier#000003869        | ,HZ,uHgmGOyUSyXE8A5FKm
 Supplier#000003893        | czTNFPTvwoGe,lZxSzf00Q3kR9,i
 Supplier#000003938        | lVx0lB8r9ZnKIPsSTJnnSsiqpnwnz6S
 Supplier#000003953        | SjM LAIjh8Vp
 Supplier#000003962        | oNM1okCwUVKFOzke0ol7iDviZa
 Supplier#000003983        | 51aAi CtErnk,wAHIVjVRJMv4QH2YPEW9
 Supplier#000004042        | lDDnGbQOJb
 Supplier#000004077        | q15WSZZMzWG2
 Supplier#000004107        | a5szQnHbzIbBIjNk
 Supplier#000004155        | 1kFL1WiHShkArhTmnzyE2x4QLO
 Supplier#000004173        | wA,sCR0eZJGZXhl RH tkxGZgJFSmX 
 Supplier#000004193        | cYVyLCVpDyxrIIwXRjQ3Q7XM aPDzRrn
 Supplier#000004271        | jDQ3KyKBTobR86UfM7YVOf
 Supplier#000004330        | ocO7oPwQkD87
 Supplier#000004365        | s3ZEDTVQBAGeQpWNPvEXjHr QTob
 Supplier#000004431        | c7LwaiKGVuOoaP4F,OjuvEgW 
 Supplier#000004525        | xQNjiof2bcjYhUA2jSqApTzKMHcGS
 Supplier#000004558        | Thr0PyLNWrrzzeOgIFqOXFg5w6MVs5fzJc
 Supplier#000004629        | g04u2eDpI gUdAe
 Supplier#000004645        | F,lDH 3YCmLaKimHIJwiwwubh9gATstzL
 Supplier#000004718        | t1YKEJQ52LiytbQubjUkSqCrjN2WcUe7lA
 Supplier#000004724        | lljIGbk5L5dtN3mTFhSXIhi1o6GzBUyC9
 Supplier#000004733        | I1QE,rcg 143Fon8X8aceGxMVxrq2 s
 Supplier#000004990        | MgrvPgsfLD4Z2CkrORXppETrXWsYT
 Supplier#000004999        | MZ GHfeuXCvgE
 Supplier#000005008        | RxAVQWjolHk,kzy
 Supplier#000005262        | FIF9QmqWKYv,0rQdgvx9SikmUAoyG
 Supplier#000005424        | eJ44,Ds5P6Ljs2ohg5oEYMMbOAHN
 Supplier#000005541        | Y0XWrU5rdpSD 5k8Byo3x28AxIEbysGvOx
 Supplier#000005569        | Uxf0yd2cJI8WjqXeC9
 Supplier#000005695        | YOkDgHOjMdM0E8gGx6adBSLSnQ9
 Supplier#000005728        | 89BeWN6 2R3wLnroAH1XvUazx8VV2rMWNWr OEXO
 Supplier#000005729        | j9TX35udXCH1lQPVNI wTsiR92
 Supplier#000005772        | yJVMEQMeQOmXZWvlLle
 Supplier#000005829        | QMQ9k3TH9 pvKCKEXrDI0af
 Supplier#000005832        | zd9aAhG3UaqglPdUP5VErS3gmwVbCjseJEnj8g
 Supplier#000005854        | TrWjpM,jt0dnaJhGPfzM FggvMgo8CzYnr94,vM
 Supplier#000005879        | rtkHSrcVLnC
 Supplier#000005895        | 03OgeZendt7MogwRw5oKwvMfuh76e0dWpCQDY9
 Supplier#000005924        | EsAX2Kl2ePben8iCc9airPaQAuA9HIr0c9A4T,K
 Supplier#000006015        | gD r5B94LbZJMhWOezrUjy01NUeJOB4C7NoHSvHh
 Supplier#000006022        | LUbOrHuCVuEIDlOI
 Supplier#000006050        | WAbDi 8gXQkhTLxSp79Grcl
 Supplier#000006061        | xuzhMVdyWT
 Supplier#000006133        | laVL18hHUi3
 Supplier#000006249        | r6YQbtMv06I,MnHSmdapyNFU7DbV
 Supplier#000006293        | G8Cl7YvkoXL4jKmC4
 Supplier#000006309        | dwPuozxMI5LRuDS6BWZC5Ydk,
 Supplier#000006341        | XtXSvFQoDs2wMiN7hi5wv080ce
 Supplier#000006429        | 25JSp02FAStUL02dHWDmMMhjnoCyx7toe9U
 Supplier#000006438        | m3UcjwFrquBPPmK15v9j
 Supplier#000006457        | L8ka6BZ3JZfCDmNRPk3mSV,h3
 Supplier#000006571        | 3r2brZx9EKf,R5vlQkGWDhZGJ
 Supplier#000006604        | WpvmKwKdhWwK
 Supplier#000006634        | IPNINbVIYnAc6zgUzdLLuJbU4JbkR4H
 Supplier#000006656        | Bsqlxg0akZ0z5fvveCUNJgaHSHbFVIrCwr7
 Supplier#000006751        | kLs225lhdhLLN1P
 Supplier#000006752        | i8fWpSw62jh
 Supplier#000006793        | mJ4F2 l ZR8boTDtN
 Supplier#000006833        | x4IaVRBV1hzeI5eXy5DXmLn83y mmbI
 Supplier#000006856        | P0TMrpdsH6oCXz0ba43wadaU4Q33CZtgyk
 Supplier#000006895        | hIHfCilwAb
 Supplier#000006941        | 829 63db0Yo5dZTejZtn5GAj0oGhaoUpkDN
 Supplier#000006992        | Wrosic29lr6isSctUf OShRaPgFbPcLB
 Supplier#000007083        | mzBkq7paoo
 Supplier#000007266        | tgSicj2ZHIKya
 Supplier#000007320        | zwDCjiHUZck2qwqZ1ilPzA0N0E82T
 Supplier#000007533        | ucjeK PHikh0uTVT
 Supplier#000007539        | LkQVe  q9XKuQwc1voX2m2
 Supplier#000007566        | SBuR3PRFvnBZuKYfA5L051M9k6JgCgs8SnRkt8f
 Supplier#000007586        | Pq1 SpXCLkeIw9ISg2Hs5jo6L8ySmrInx
 Supplier#000007604        | ,O,SnMfEmNTLFEo6J5tBgQa9xtY WJn
 Supplier#000007648        | xijpSa3xolGv2fpo28oXUxABzv5B9FM
 Supplier#000007680        | PfdxT3eMtorxsDMGoaqPsHkt2w
 Supplier#000007750        | wtDhjsvnoWBD01XH7ydI
 Supplier#000007770        |  KYJF1DiojM,63gvVhywmy
 Supplier#000007855        | u FDeIpb3pxD9ChYiIi0bb8QLijGQfbUiZo
 Supplier#000007897        | 5iEWbfP8msH2aAUFz7LcaZwgLwgw21l2bA
 Supplier#000007930        | vofDxBRAvejcwdaWvU0wmYHWbiJt
 Supplier#000007951        | t7 GQxWwp3vnEmxJbj929uDco
 Supplier#000008012        | q RVLC5ggK7vJLk eF,73tkFu8SkxWH
 Supplier#000008262        | L2I4wL9HgO82PVzZ5nRE3HtF2H6mq
 Supplier#000008274        | Cp,iOqOr70NImmwz fCeIV
 Supplier#000008601        | Tq2xNb9t22iA
 Supplier#000008656        | sMvnqSyJogRS2Cdfrjz85bh2KgG
 Supplier#000008667        | EG3BUReUgU6UDA3JqClhk6oy3RJtBT
 Supplier#000008731        | RA7nbWrxa zBDi7,Xw JEwJ9SypWkrv HV
 Supplier#000008743        | MGEbOhOxKTbzrl9 
 Supplier#000008772        | 8MSpT0p34itImmB3BUATEeRSD
 Supplier#000008803        | pECh1zz 2V7LNdU3IQal
 Supplier#000008806        | 474Q,OCoa8ecS7v6IDJ91gm3RVu5
 Supplier#000009003        | svHUXJGOij1uq2L PYP9OFPmPdvixluPXYody
 Supplier#000009045        | XCXQUEIp36OKslCv7bLMnYnSxdAMPk3t
 Supplier#000009230        | yxMHRmhq1DWOYpaIpaSDF5xcJML
 Supplier#000009279        | dw IolA3dCDSXClsiNxJej7tF
 Supplier#000009284        | JF5cmh0k 0WFd10
 Supplier#000009382        | U635Ufh4OsWM8BBR8IbEOFFV0FQ
 Supplier#000009411        | y 9HOu3o5fXmQKc7VmA
 Supplier#000009522        | E6cXgsoyeJCXZBGE
 Supplier#000009655        | ,ZpiRbWDArIS7
 Supplier#000009672        | fupxQmsgDlv
 Supplier#000009698        | vAXg7cTjmOnY7Z
 Supplier#000009756        | WgIcZYJP2W1bmBy0Pz84TIDPzljBLjKhqq,
 Supplier#000009775        | 30kUV46mOw91fKbZOLgxrss2UT E
 Supplier#000009808        | XuqqRVaNwiJ anv5EKpXolaJc8AKrJyL
 Supplier#000009838        | PhI5kjhtQBYwDpwmN 
 Supplier#000009902        | MM5vwVRcB4v, VbKSn84P
 Supplier#000009977        | 8MBpF ,IjFsqejw2J,IoEZfTmlE7HdivNbYUBNS
 Supplier#000009983        | CQ1QB8x QKJqR8txuxa,6Cit a
(195 rows)

