 s_acctbal |          s_name           |          n_name           | p_partkey |          p_mfgr           |                s_address                 |     s_phone     |                                              s_comment                                               
-----------+---------------------------+---------------------------+-----------+---------------------------+------------------------------------------+-----------------+------------------------------------------------------------------------------------------------------
   9977.19 | Supplier#000004464        | UNITED STATES             |      1963 | Manufacturer#5            | q4ujOwFkYY1N                             | 34-684-820-7614 | lly. ironic theodolites at 
   9932.72 | Supplier#000008833        | BRAZIL                    |    196313 | Manufacturer#3            | ERwMW1YFF73uW                            | 12-292-851-6826 |  silent packages cajole pending pinto beans. unusual, regular platelets cajole blithely care
   9919.62 | Supplier#000002872        | UNITED STATES             |    132871 | Manufacturer#3            | MJ9iMo lUlY00f4glR                       | 34-995-365-6753 | as wake furiously regular accounts. slyly close pinto beans haggle furiousl
   9903.08 | Supplier#000006832        | UNITED STATES             |      1831 | Manufacturer#4            | UgadmHfm2qXtLvuyK2MABgd7NGe0G2p0b9G      | 34-323-820-1126 |  the blithely pending deposits: blithely ironic instructions
   9900.08 | Supplier#000003941        | CANADA                    |     71433 | Manufacturer#4            | Pmb05mQfBMS618O7WKqZJ 9vyv               | 13-668-659-3631 | ithely quickly bold accounts. bold pinto beans about the furious dependencies cajole qu
   9889.30 | Supplier#000007987        | CANADA                    |     65480 | Manufacturer#5            | NZXfuWO7nKQDj4xyO31N29                   | 13-178-212-4133 | ickly. furiously express courts cajole slyly. fluffily special requests hag
   9889.30 | Supplier#000007987        | CANADA                    |    155471 | Manufacturer#2            | NZXfuWO7nKQDj4xyO31N29                   | 13-178-212-4133 | ickly. furiously express courts cajole slyly. fluffily special requests hag
   9883.14 | Supplier#000002473        | BRAZIL                    |    199953 | Manufacturer#1            | VPqdi7aT,1MMyPIhiT                       | 12-215-170-2967 |  pinto beans. furiously regular pint
   9851.93 | Supplier#000006009        | PERU                      |     90990 | Manufacturer#5            | hlVgR6c 6jgsw9xaGnB7pr4jI oNKFmF         | 27-131-492-7118 | ly final requests. pending courts sleep blithely furiously regular depo
   9851.62 | Supplier#000001245        | CANADA                    |    186208 | Manufacturer#3            | bztTCfHZnsLafgtZWe,isV Gr 4IFg           | 13-597-902-8280 | s. accounts haggle slyly. f
   9821.11 | Supplier#000005987        | ARGENTINA                 |    158441 | Manufacturer#4            | TzZR8IiWBt tEspR9hcNACKHOk               | 11-688-883-4586 | kly ironic packages alongside of the packages are quickly bold deposits
   9810.82 | Supplier#000009549        | CANADA                    |     77041 | Manufacturer#5            | h3RVchUf8MzY46IzbZ0ng09                  | 13-892-235-6781 | arefully express dependencies inside the even instructions sl
   9761.92 | Supplier#000000857        | BRAZIL                    |    163308 | Manufacturer#2            | srpKWldPZrVWm0dKjc7p 8fMKm1fYF           | 12-715-212-6604 | y final ideas poach across the special dugouts. furiously pending accounts cajole furiously. fin
   9734.96 | Supplier#000009148        | ARGENTINA                 |    156632 | Manufacturer#4            | 5m5950, qkiXoBfGSXvF6h,EH,mxA6j1nr       | 11-849-244-8989 | escapades cajole above the blithely ironic ideas. 
   9615.51 | Supplier#000008855        | ARGENTINA                 |    178854 | Manufacturer#2            | 4Otz38w8BmX,F2TXhVE5TGV71QVj46tYWa       | 11-503-966-2355 | nal dependencies. express, special excuses are courts. foxes unw
   9583.71 | Supplier#000006059        | CANADA                    |    126058 | Manufacturer#3            | 4m0cv8MwJ9yX2vlwI Z                      | 13-203-160-5573 | e requests. regular accounts integrate slyly. quick accounts mold. ironic grouches detect 
   9562.61 | Supplier#000002379        | PERU                      |    137352 | Manufacturer#5            | i6Tq1AwS1Ug6copx4X                       | 27-473-939-8868 | ickly unusual foxes haggle alongside of the regular packag
   9550.77 | Supplier#000000779        | PERU                      |    135752 | Manufacturer#1            | iAtd5nxCjii                              | 27-104-960-9666 | ut the permanently silent sauternes. slyly pending dolphins integr
   9543.46 | Supplier#000009093        | ARGENTINA                 |    126580 | Manufacturer#2            | zRcf1ht4TZLlvqRBs8sBr7aJAfawyX3yvG8mg Al | 11-274-769-7251 | e the ironic dolphins are furiously regular dependencies. slow, fluffy dolphins
   9542.56 | Supplier#000000829        | BRAZIL                    |     73307 | Manufacturer#1            | w247SZbFQvw1Fp4f0JFIfVXmIBfulBxfgUg      | 12-123-147-1171 | nding packages use fluffily above the blith
   9537.43 | Supplier#000009904        | ARGENTINA                 |     92376 | Manufacturer#4            | azEeVY7d1tqsytCwYg0Zqq6BSCg0uRW          | 11-504-889-1729 | after the furiously pending requests. bravely regular packages are carefully among the bold asy
   9536.82 | Supplier#000003956        | PERU                      |    183955 | Manufacturer#3            | r0QOyhOZ ov 7Dn                          | 27-326-227-8739 | s. blithely even theodolites sleep. slyly ironic theodolites mainta
   9530.60 | Supplier#000008038        | UNITED STATES             |    195518 | Manufacturer#2            | YkkdqEh9lvZyRRE4nmJ3vsZM0                | 34-568-253-8725 | sly special deposits boost bli
   9500.54 | Supplier#000007931        | ARGENTINA                 |     82914 | Manufacturer#4            | nOT6fqQOJpmLcJjh3Dn9iQKmrOZfGNs MMWqHng  | 11-904-868-7162 | latelets sleep quickly theodolites.
   9463.06 | Supplier#000006962        | BRAZIL                    |      9461 | Manufacturer#5            | rYBTZbWb,3Bauk6x7HYEVYDc7Plnq8FovC3qZ,yS | 12-147-994-9913 | lphins. carefully unusual ideas detect dogg
   9457.95 | Supplier#000003373        | CANADA                    |     43372 | Manufacturer#5            | iy8VM48ynpc3N2OsBwAvhYakO2us9R1bi        | 13-951-330-3925 | furiously final pinto beans detect about the pinto beans. ironic pinto beans wake among the re
   9440.97 | Supplier#000005478        | CANADA                    |     40469 | Manufacturer#4            | tk1HQxRxeWlaO                            | 13-377-126-4444 | ts use carefully furiously even theodolites. ironic, even de
   9413.98 | Supplier#000001682        | CANADA                    |    141681 | Manufacturer#4            | pXTkGxrTQVyH1Rr                          | 13-856-656-2476 | furiously bold theodolites. final packages need to sleep slyly. carefully i
   9376.37 | Supplier#000006761        | CANADA                    |    141732 | Manufacturer#3            | n4jhxGMqB5prD1HhpLvwrWStOLlla            | 13-806-833-5081 |  the deposits boost at the furiously final deposits. 
   9353.26 | Supplier#000003314        | CANADA                    |     83313 | Manufacturer#1            | jnisU8MzqO4iUB3zsPcrysMw3DDUojS4q7LD     | 13-742-946-1486 | he regular excuses sleep ideas. quickly final requests mold quickly above the warhorses
   9343.63 | Supplier#000006102        | ARGENTINA                 |    178550 | Manufacturer#4            | APhYFpQ5j2m                              | 11-580-909-9223 | e ironically final platelets. blithely even sentiments nag carefully ironic theodolites. gifts sleep
   9325.95 | Supplier#000006558        | PERU                      |     29051 | Manufacturer#4            | JWcbxwFjM4HXUy                           | 27-921-648-8569 | al instructions. quickly ironic accounts haggle even, silent theodolites--
   9325.95 | Supplier#000006558        | PERU                      |    119024 | Manufacturer#3            | JWcbxwFjM4HXUy                           | 27-921-648-8569 | al instructions. quickly ironic accounts haggle even, silent theodolites--
   9263.88 | Supplier#000002657        | UNITED STATES             |     95129 | Manufacturer#4            | yPbr8IqeYqsj5l4mwKzX                     | 34-270-666-7655 | ts. dolphins above the regular pack
   9203.75 | Supplier#000009847        | BRAZIL                    |    159846 | Manufacturer#5            | tJDHVORZVvh9CgVB3                        | 12-876-329-6513 | xcuses according to the pending 
   9197.41 | Supplier#000003878        | PERU                      |    168845 | Manufacturer#1            | Qc0XoSuAoQs 8rbd9nC2,RKJJZRf             | 27-313-774-4161 | s use. furiously regular frets along the bold, express foxes haggle
   9186.59 | Supplier#000001528        | CANADA                    |     99018 | Manufacturer#1            | it4EmP9yhW0IZvUnapbYfoKXVvY2             | 13-570-757-5808 | refully express platelets; d
   9131.89 | Supplier#000004956        | UNITED STATES             |    109935 | Manufacturer#4            | ibDuLQ0D8W1hK3m 7sMKFt5fw8XGzp1aU        | 34-954-986-5576 | arefully express dolphins kindle against the carefully final accounts; sentiments 
   9121.29 | Supplier#000008378        | PERU                      |     48377 | Manufacturer#5            | yuzY2wQ KN08rNGzehM6Cg,yPiqyigN7waPc3r   | 27-270-336-4501 | tterns detect quickly instead of the ironic accounts. deposi
   9107.22 | Supplier#000000013        | CANADA                    |     47508 | Manufacturer#4            | HK71HQyWoqRWOX8GI FpgAifW,2PoH           | 13-727-620-7813 | requests engage regularly instructions. furiously special requests ar
   9086.14 | Supplier#000009301        | PERU                      |    199300 | Manufacturer#1            | cZbZX7WSUJU41dwwjFlVUHBoeY6lrv3S         | 27-159-994-1867 |  ideas are against the theodolites
   9083.87 | Supplier#000009956        | BRAZIL                    |     34949 | Manufacturer#3            | UjhY8PHXciKIqo6srufRLZP,p,t7N8           | 12-596-165-8425 | t theodolites are blithely carefully expr
   9060.27 | Supplier#000001865        | PERU                      |     84340 | Manufacturer#4            | oul9HB4pB7tz32OMRgOwSYsfRdvR,jm          | 27-399-417-8796 | . regular dependencies cajole 
   9058.38 | Supplier#000008150        | CANADA                    |    145635 | Manufacturer#3            | dfFFxptWU9                               | 13-815-421-9289 | ular theodolites detect furiou
   9042.70 | Supplier#000000544        | ARGENTINA                 |     38040 | Manufacturer#5            | pUS3drDXbPeNqvI kUNlnz5GDSU5,aLI         | 11-471-707-9878 |  sleep ironic accounts. fluffily even dependen
   9042.70 | Supplier#000000544        | ARGENTINA                 |     73022 | Manufacturer#3            | pUS3drDXbPeNqvI kUNlnz5GDSU5,aLI         | 11-471-707-9878 |  sleep ironic accounts. fluffily even dependen
   9024.46 | Supplier#000001089        | PERU                      |      8588 | Manufacturer#5            | lbAfNAr1HpY2LGSPclm2dIlpRethjTL          | 27-487-835-2285 | ts. slyly ironic instructions above the carefully ironic excuses wake instructions
   9020.20 | Supplier#000006089        | PERU                      |     81072 | Manufacturer#1            | ckjiKJQneKDwr                            | 27-787-635-6738 | al foxes. fluffily even deposits through the regularly bold 
   9014.86 | Supplier#000009974        | CANADA                    |    107463 | Manufacturer#5            | 7wJ,J5DKcxSU4Kp1cQLpbcAvB5AsvKT          | 13-981-166-5707 | gular deposits wake regularly across the blithely ironi
   9008.56 | Supplier#000001399        | CANADA                    |    136372 | Manufacturer#3            | LmrocnIMSyYOWuANx7                       | 13-337-788-5605 | y final requests haggle carefully carefully express packages. furiously express deposits nag carefu
   9000.31 | Supplier#000008848        | BRAZIL                    |     41335 | Manufacturer#2            | KyfCLN1DyhSeDYri0jglivIJF21KGgajR7drWs48 | 12-385-418-1713 | . unusual theodolites against the fluffily pending foxes detect b
   8993.38 | Supplier#000009596        | BRAZIL                    |    152050 | Manufacturer#4            | tj7GQwf5bdW                              | 12-121-359-3545 | r the even sauternes. dolphins sleep carefully blithely special dolphins. stealthily 
   8967.41 | Supplier#000009703        | PERU                      |    127190 | Manufacturer#1            | 461W023tsamk5gRq9x U                     | 27-841-617-4653 | nal deposits sleep blithely at the final theodolites. quickly final re
   8957.03 | Supplier#000001020        | ARGENTINA                 |     48515 | Manufacturer#1            | Zu9g5YKvFjex                             | 11-878-636-2246 | ress deposits haggle furiously acro
   8908.84 | Supplier#000006107        | BRAZIL                    |     26106 | Manufacturer#1            | TLGzIjsKUQ EIpec7Xy2f                    | 12-396-588-6095 | lyly pending instructions u
   8902.21 | Supplier#000004798        | ARGENTINA                 |     22295 | Manufacturer#3            | x1kpkFCop3hakg,yMhulv0Ad2                | 11-617-801-8409 | elets wake. blithely even foxes use regular, final deposits. unusual, special deposits kin
   8881.25 | Supplier#000003638        | PERU                      |    121125 | Manufacturer#4            | IuI1SJAneyEiKkGAy7fjq365CJICTFJvm5WErx   | 27-506-576-5802 |  slyly regular accounts. bold req
   8879.18 | Supplier#000006952        | PERU                      |     94442 | Manufacturer#1            | juuw6Dp yVcc55cwQ,la8QRJmVKQ0Gj          | 27-896-763-5133 | ithely. regular pinto beans sleep. even
   8872.57 | Supplier#000001810        | ARGENTINA                 |     91809 | Manufacturer#5            | Njhy11HtKe lgtid0bI05kw mLkQxcFvqV8AtI3  | 11-898-840-2232 | ross the even packages mold furiously around the slyly regula
   8865.60 | Supplier#000004646        | ARGENTINA                 |    164645 | Manufacturer#4            | 3x1lY3ib1s18KUTLHv62hNuJS6Vvmfzm         | 11-545-572-2776 |  requests. slyly even foxes sleep about the furiously pending packages. close, pe
   8863.78 | Supplier#000006978        | BRAZIL                    |      6977 | Manufacturer#4            | FS17zlWYWaXqA3aUj3oOR3sdMhTN3            | 12-218-384-6106 |  the even asymptotes cajole quickly abou
   8831.62 | Supplier#000001360        | ARGENTINA                 |     41359 | Manufacturer#4            | elN50rcw Ktxr2rzSF9rsUto8FNijhOjO        | 11-456-537-2079 | es. carefully pending ideas behind the doggedly unusual theodolites maintain busily ac
   8813.77 | Supplier#000005484        | CANADA                    |     50473 | Manufacturer#2            | saFdOR qW7AFY,3asPqiiAa11Mo22pCoN0BtPrKo | 13-696-138-7821 | ever bold theodolites are furiously regular platelets. care
   8797.40 | Supplier#000000536        | PERU                      |      8035 | Manufacturer#1            | dzf PbgzKpWBDim5S1BSPLBNzxFpxZNUE        | 27-749-678-1361 | cajole blithely slyly even dependencies. carefu
   8720.86 | Supplier#000005013        | PERU                      |    155012 | Manufacturer#5            | pA5sgFBsZ,zvG9DqKDX5LtSJRXhzCddXUxdpiKR2 | 27-950-281-5960 | d courts cajole fluffily above the slyly final ideas? blithely regula
   8720.86 | Supplier#000005013        | PERU                      |    172495 | Manufacturer#3            | pA5sgFBsZ,zvG9DqKDX5LtSJRXhzCddXUxdpiKR2 | 27-950-281-5960 | d courts cajole fluffily above the slyly final ideas? blithely regula
   8712.26 | Supplier#000004412        | BRAZIL                    |     61905 | Manufacturer#3            | I0qgeo3IuROXe9UJzYPC9gHh51               | 12-179-306-6992 | ckages after the carefully final deposits
   8695.43 | Supplier#000008275        | CANADA                    |      8274 | Manufacturer#3            | BlbNDfWg,gpXKQlLN                        | 13-427-631-2658 | ss, regular foxes cajole blithely carefully special ideas. slyly r
   8661.02 | Supplier#000002096        | CANADA                    |     19594 | Manufacturer#2            | kuxseyLtq QPLXxm9ZUrnB6Kkh92JtK5cQzzXNU  | 13-621-558-5424 |  slyly. ideas cajole carefully quickly thin braids-- speci
   8661.02 | Supplier#000002096        | CANADA                    |     72095 | Manufacturer#2            | kuxseyLtq QPLXxm9ZUrnB6Kkh92JtK5cQzzXNU  | 13-621-558-5424 |  slyly. ideas cajole carefully quickly thin braids-- speci
   8625.52 | Supplier#000003428        | BRAZIL                    |    195870 | Manufacturer#5            | gV3bZITOKab4Jyhp58KP9h,O3IjFG9,          | 12-685-903-6415 | nal deposits. idle, even platelets are. blithely even pac
   8583.56 | Supplier#000002332        | ARGENTINA                 |     89823 | Manufacturer#5            | aGeaonYAjBkJjlz58 JLrR2h                 | 11-222-148-3911 | unts. blithely brave packages wake. deposits believe quickly. blith
   8583.56 | Supplier#000002332        | ARGENTINA                 |    117309 | Manufacturer#3            | aGeaonYAjBkJjlz58 JLrR2h                 | 11-222-148-3911 | unts. blithely brave packages wake. deposits believe quickly. blith
   8581.15 | Supplier#000004227        | ARGENTINA                 |     99208 | Manufacturer#4            | 3BO8G2ObAldW4YnuYjoDytLx8CmnYoGb         | 11-223-593-6259 | pinto beans. special, final accounts snooze. slyly silent dependencies bo
   8563.41 | Supplier#000006197        | ARGENTINA                 |     18693 | Manufacturer#3            | ldcIIhw,wRVXM4i85LpAk1hxdD3JXqnMT        | 11-623-824-1214 | l asymptotes cajole slyly ironic accounts. quickly re
   8563.41 | Supplier#000006197        | ARGENTINA                 |    151166 | Manufacturer#4            | ldcIIhw,wRVXM4i85LpAk1hxdD3JXqnMT        | 11-623-824-1214 | l asymptotes cajole slyly ironic accounts. quickly re
   8557.42 | Supplier#000008549        | CANADA                    |     21042 | Manufacturer#2            | FMsXzKfMDnRHpsjdVb                       | 13-339-338-5688 |  quickly regular packages. permanently special ideas affix furiously. blithely
   8366.89 | Supplier#000000483        | BRAZIL                    |    172931 | Manufacturer#2            | ncWfnroE1n639qMrW8                       | 12-443-228-5035 | refully regular ideas. furiously express theodolites across the sl
   8344.14 | Supplier#000005203        | ARGENTINA                 |    102692 | Manufacturer#5            | 8uIpv041PoCb034MOB LeEzbtOgqY51aK        | 11-214-499-8004 |  cajole fluffily. furiousl
   8321.24 | Supplier#000001814        | UNITED STATES             |     84289 | Manufacturer#1            | eHqfI3FhFG7gT2G,Kb21V4yr NyQhVKH04yfIyj  | 34-369-553-1930 | sh fluffily special ideas. ironic realms sleep pending dependencies. carefully ironi
   8301.88 | Supplier#000004805        | UNITED STATES             |    152289 | Manufacturer#1            | 2gKQFPhqb64TUxuNtLApozpqap2lHqpzz8KEny   | 34-670-308-2884 | furiously according to the thinly bold dependencies. pending instructions eat carefully slyly 
   8289.15 | Supplier#000005846        | BRAZIL                    |     48333 | Manufacturer#3            | S0,rj6gU0qK9LVwAi9W ISF                  | 12-589-214-1265 |  unusual platelets. final platelets cajole blithely across the t
   8282.39 | Supplier#000003128        | UNITED STATES             |    183127 | Manufacturer#4            | 4ElO3EqeTuKYNh,SXKuqz2m21aPP             | 34-291-222-2494 | posits sleep furiously furiously regular 
   8237.23 | Supplier#000006207        | UNITED STATES             |     78685 | Manufacturer#5            | lc7ok02O88prghZHZ8MA0v5IbJdeWHB0NhP7z    | 34-439-812-9056 | xes. final asymptotes among the s
   8206.98 | Supplier#000003656        | CANADA                    |    108635 | Manufacturer#4            | eEYmmO2gmD JdfG32XtDgJV,db56             | 13-215-118-6468 | ng to the furiously special pinto beans maint
   8176.03 | Supplier#000009201        | PERU                      |    114178 | Manufacturer#4            | 2bhZzJ0CfQZpIdm4jYeFvfm                  | 27-762-798-5463 | across the slyly ironic packages. silent, even deposits haggle
   8121.13 | Supplier#000006728        | CANADA                    |      9227 | Manufacturer#4            | U8c2Hu4L1OG7ARgvc0eI4S                   | 13-143-487-9465 | er the ironic, special deposits ca
   8101.82 | Supplier#000005492        | PERU                      |    107961 | Manufacturer#3            | k66hEgXwo8FrHNt7Ef                       | 27-305-245-2548 | ets sleep slyly ironic requests. carefully even p
   8084.68 | Supplier#000001307        | PERU                      |    198787 | Manufacturer#4            | MPZXf,9fmn0H5Bgtfyv2c74pCy               | 27-897-389-5613 | lly special requests. regul
   8083.33 | Supplier#000003976        | CANADA                    |     53975 | Manufacturer#4            | FXTXVXGZecnK2LMNzyv,suyHOxJ hQ           | 13-782-169-4167 |  carefully final deposits wake quickly ironic, blithe asymptotes. regular
   8039.56 | Supplier#000002762        | ARGENTINA                 |     95234 | Manufacturer#3            | hFPPebJ3MhSGg8Fm8Glvq6rM                 | 11-404-694-4902 | y ironic ideas cajole slyly according to the ironic, furious deposits. express requests haggle sl
   7986.44 | Supplier#000005536        | CANADA                    |    180499 | Manufacturer#2            | Nzo9tGkpgbHT,EZ4D,77MYKl4ah1C            | 13-501-681-3157 | long the even theodolites. blithely express theodolites try to solve quickly. slyly reg
   7985.78 | Supplier#000000990        | BRAZIL                    |    148475 | Manufacturer#4            | DeOjGX,4Ns1                              | 12-647-684-5389 | y ironic packages sleep fluffily despite the grouches-- bold, special accounts nag along the carefu
   7980.89 | Supplier#000007361        | UNITED STATES             |     72346 | Manufacturer#3            | msFsvlfRdwjfLuk0FYdo5htVVDIKrdlTNeMwP    | 34-962-658-2126 | nts wake. carefully pending ideas wake blithely! e
   7963.57 | Supplier#000004454        | PERU                      |     86929 | Manufacturer#1            | ZooBrOO1fXne9 eBkoNQeN7h1yRgjSA5uJ       | 27-197-527-7677 | ke fluffily. furiously even requests wake spec
   7928.93 | Supplier#000007330        | PERU                      |    182293 | Manufacturer#1            | 8sLxWqHCStxmWoU Bla1JOYJ1jQmEklP         | 27-689-370-8022 | lyly unusual ideas play busily. packages affix fluffily s
   7924.48 | Supplier#000002192        | UNITED STATES             |     37185 | Manufacturer#1            | KWu5GK8oZHC7tP                           | 34-619-665-9112 | ly bold deposits. slyly pending theod
   7898.00 | Supplier#000003652        | CANADA                    |     21149 | Manufacturer#3            | BJVxk,zw5nau6FCSum9xWVZ                  | 13-626-476-3206 | yly final deposits. furiously
   7888.41 | Supplier#000000906        | BRAZIL                    |    118394 | Manufacturer#3            | KwvAh8P9RcDPjbx9Qv2xZeWPmkCmK hY         | 12-926-664-9785 | ructions. slyly final req
   7869.69 | Supplier#000009975        | PERU                      |     62456 | Manufacturer#2            | Y2BWVNmh4TUgOEEUVnlwNdE                  | 27-388-359-6916 | ic pinto beans across the furiously furious deposits maintain carefully across the ins
(100 rows)

