          s_name           |                s_address                 
---------------------------+------------------------------------------
 Supplier#000000027        | lC4CjKwNHUr6L4xIpzOBK4NlHkFTg
 Supplier#000000072        | mKpAJojtawk2alqV4 ZEbJ3PH3wfYqy AM8rGq1
 Supplier#000000075        | 7f3gN4rP1livII
 Supplier#000000082        | WyTKA7ZpF15t1aCNlT3
 Supplier#000000119        | 4CxBrM0o4yt6LYFxZIyZ89Xnf8LZNn6KcYc
 Supplier#000000196        | TQX4fMwB5tXoz4Fi4CEhALhi6
 Supplier#000000209        | fpTboatC6ogrozMPApz2DXmlukC9YVzCLCgQOtgU
 Supplier#000000255        | qx16XyCEUh9OawVeQWOlGlhAU32iHFPNkO
 Supplier#000000345        | ZYuibETx2zArwg
 Supplier#000000385        | 4RDwKCNc6 yBY
 Supplier#000000479        | tdLkV2Ks0wBP1VlwdnPUxZnWADmxlbmRVE0a6h
 Supplier#000000499        | NbcQeBiDiN2tFiVxHIaWU03BVFIuxt 
 Supplier#000000523        | zzfDhdtZcvmVzA8rNFU,Yctj1zBN
 Supplier#000000581        | X pNyEcNqxYwiP0gJ7FzkJ,haGkn
 Supplier#000000589        | 3C4,WjUCjL59QhMSxyq1
 Supplier#000000662        | geJEMlJvE3HdW96Rz3touARh
 Supplier#000000719        | nQoXFQ,ztoTyboWFmO,a
 Supplier#000000733        | mUdSdgmayvR
 Supplier#000000750        | uJB curMQwnzz79rXo9v4jy
 Supplier#000000793        | Z4N2V ERHL ds3jr9F
 Supplier#000000843        | iguHIr15YUL9RMmH7U3XsDfdyEg1441
 Supplier#000000883        | 5ppzWDz6xcMOO09LkrAOvHzFEMfP3CIpndr
 Supplier#000000915        | hzB2437Op7JLYX73d3,qU2
 Supplier#000000928        | VL,J8Fq0GI0BnVTaTU9Dcp9Z
 Supplier#000000947        | 6xS,tBAgcKGW,nXNhfm2Hv26uYicU3
 Supplier#000000962        | 0udWpU30ecw3XMLiEVhaM7I,BhufyzF4i
 Supplier#000000987        | DAWJ1lDhybbSO3mngqD28aX
 Supplier#000000995        | CgVUX8DtNbtug2M,N
 Supplier#000001106        | s,fPdPCojkKGWBJZvp
 Supplier#000001252        | K4NQhYOSL2fnDgLS3
 Supplier#000001378        | cyTlnVEoMOYxy1JjQ1jm2Wh6vr3ycFrSI21jiO
 Supplier#000001487        | 0ISabDJ8Fj7H8qu3qPvx
 Supplier#000001515        | Eg98ocIKS2VH1hYsFQl2 wp,PnSQ3Q
 Supplier#000001557        | ZxA5pFdT2aBu6
 Supplier#000001610        | zg69 Tqwah38L7u23eK
 Supplier#000001674        | nepm7O58V97AD
 Supplier#000001686        | LotsVSpeE7V6C
 Supplier#000001704        | 9D4 qo36WR11wNoSpCQQGASZiRy4T
 Supplier#000001732        | GbsJPNJVFf1BfA
 Supplier#000001763        | jlElnSpkpQuxgYbev1Z35nETkj6DQCINaQOuJ8Af
 Supplier#000001786        | 36sVKQsSCrGnNi2Cu EjNTwF90ztyWz8g
 Supplier#000001860        | tw9w5n AwYCbIETps1ogy75zkAoWk8l
 Supplier#000001864        | ExiJvugY2QxsI r5goq5So mi NTI Zj
 Supplier#000001976        | lbnEmZyu58MhIomv5jqN1P4aoTwRQYqaM
 Supplier#000002098        | 2MCSyt8XGXTLfXRzKGf7
 Supplier#000002101        | WPQIxQOridhW55 NLbnQm
 Supplier#000002114        | oYrzEAWh3pExO
 Supplier#000002175        | ieMsCCBs2PWKsAJfbHwHS SL
 Supplier#000002184        | t2Y8XM5flj
 Supplier#000002263        | eowPbcmPy9jRFwmavlktYOCm7FwTL58Z58DBN
 Supplier#000002375        | pP4gyVgnxG22m 6pAIlNeHQQzujH
 Supplier#000002393        | e2CEFKZR9lLgj5gE7g5wxu5c33HcNqv
 Supplier#000002402        | 7jxiJXJwB1ze4uD4p7DKz44Ifg
 Supplier#000002482        | VgZca,08Okt4SYYxnN80OkUy3Lt0X0TB2ue
 Supplier#000002500        | 3E6egPL3NCIN4Vawqt0pxUoH7ji Zp
 Supplier#000002591        | RCENZsjugC0D,5n54w7C0aeQybazo6dl0UopQ
 Supplier#000002631        | jbO, cOqoJTHQAetYnUNOKa3U
 Supplier#000002644        | aOrGHuvmh2mYtEquclV,7qYjKK
 Supplier#000002650        | 51iJSMOmYqTXNLB
 Supplier#000002664        | Yubrd7VE sB
 Supplier#000002667        | 4pEWtzzONq0LV0kMQh4YzdXDJrW
 Supplier#000002670        | o8LD7HvzSuRnlafJ1CNyPnMBo 4xKIv Pl
 Supplier#000002687        | bfA0yTgLN6MHtwVjEknzyZA
 Supplier#000002736        | bSUiiXb6pyQXCCHf
 Supplier#000002861        | 0q6yjuni0wE5g
 Supplier#000002903        | KDCfcaxRMpHV
 Supplier#000002904        | 3AVLyzSjCrHYuiLian1626bEfJgpw5J M
 Supplier#000003055        | hIK4aKsmc jZgrCSUk6EyGArXqBa4
 Supplier#000003068        | aVgMmx3nfzPgpKm
 Supplier#000003083        | 1LKbnA,BDdWyZnzW
 Supplier#000003199        | dCLmojN3T0Nm9F
 Supplier#000003279        | ewVQdElxm9 
 Supplier#000003340        | 2YpvPC0Foz4750wOE0ZPaRt
 Supplier#000003392        | pvXJ 0zkf LoLsO
 Supplier#000003432        | z,Xuzy2hzllkHfwFld,TVRK7vUQVDGZxtP6uG
 Supplier#000003460        | 0iXLHfjoBD9oySRtdK
 Supplier#000003523        | QliqObPv6XqEWceH4Q3Bj
 Supplier#000003525        | o7P4WyAXhI1qxY3s1Qfha0bIjWzi W el
 Supplier#000003643        | DPMM fUKicM rvf3pg27FFtux,XG07bcom5o 
 Supplier#000003664        | aCqlSlxw,ouZcQdn
 Supplier#000003728        | l2Q01AnPC0yOpEoHhDSwERUMLMEWf182j
 Supplier#000003763        | pj1BzZfawlj8 zLBiX b
 Supplier#000003879        | vm0IFVSdSgmXgskLojAanP46aslgr1pDEus
 Supplier#000003953        | SjM LAIjh8Vp
 Supplier#000003962        | oNM1okCwUVKFOzke0ol7iDviZa
 Supplier#000003983        | 51aAi CtErnk,wAHIVjVRJMv4QH2YPEW9
 Supplier#000004077        | q15WSZZMzWG2
 Supplier#000004132        | 93NSzNRlTdFtzO6Y7YAcJVMm3k6Kejmi
 Supplier#000004225        | orvvW5KbRa0tR3r
 Supplier#000004271        | jDQ3KyKBTobR86UfM7YVOf
 Supplier#000004330        | ocO7oPwQkD87
 Supplier#000004487        |  nqVoLuwyj3PE,aNfvYh1QCoFhIi3DfqHATE
 Supplier#000004645        | F,lDH 3YCmLaKimHIJwiwwubh9gATstzL
 Supplier#000004651        | tpDO9wvNQlI
 Supplier#000004718        | t1YKEJQ52LiytbQubjUkSqCrjN2WcUe7lA
 Supplier#000004733        | I1QE,rcg 143Fon8X8aceGxMVxrq2 s
 Supplier#000004757        | ycr,b1aRZXr600sCi
 Supplier#000004999        | MZ GHfeuXCvgE
 Supplier#000005008        | RxAVQWjolHk,kzy
 Supplier#000005032        | jIz N2Ybtuqj7J28jS,r1gZiw
 Supplier#000005083        | ygFclVTpIKWAJEX6yDaN,Qeq6XUZKiKuvLRoNYq
 Supplier#000005218        | LeY2,jtHtxXE06Yj23mQJQfSL,zzwXXFXq9j
 Supplier#000005262        | FIF9QmqWKYv,0rQdgvx9SikmUAoyG
 Supplier#000005268        | thwtEsD6637kzSSBEQqtVKVZN
 Supplier#000005541        | Y0XWrU5rdpSD 5k8Byo3x28AxIEbysGvOx
 Supplier#000005569        | Uxf0yd2cJI8WjqXeC9
 Supplier#000005593        | DLs4RI0zsa WbJez23,2RPdSVo6LfVxU
 Supplier#000005758        | 9kCDpuQmHTjaOw8Lhjrt1
 Supplier#000005781        | iYF7vxZ1yn6U6QETAT UF4w95 Qy52CZr
 Supplier#000005829        | QMQ9k3TH9 pvKCKEXrDI0af
 Supplier#000005924        | EsAX2Kl2ePben8iCc9airPaQAuA9HIr0c9A4T,K
 Supplier#000005939        | wV1CDeRBCxVkAaD9nigOmyV5V,
 Supplier#000005995        | rXSzCk rTYRWsfJ
 Supplier#000006015        | gD r5B94LbZJMhWOezrUjy01NUeJOB4C7NoHSvHh
 Supplier#000006061        | xuzhMVdyWT
 Supplier#000006071        | ojOm7rfzVPqx XWyF0rvU3wbJ
 Supplier#000006105        | MK6GVEuCTdTRr7fy4  EJexX0odsVkWY
 Supplier#000006133        | laVL18hHUi3
 Supplier#000006225        | SrmCApiIP0DxRwh1LRea0ASb3fBjLx6KsFk
 Supplier#000006255        | 9dS8 2Vopjq4HrL
 Supplier#000006273        | SGMEJDhNRsinMcSCymSVfAq0uq
 Supplier#000006280        | DHbI2DZMqCY7PV
 Supplier#000006341        | XtXSvFQoDs2wMiN7hi5wv080ce
 Supplier#000006429        | 25JSp02FAStUL02dHWDmMMhjnoCyx7toe9U
 Supplier#000006438        | m3UcjwFrquBPPmK15v9j
 Supplier#000006571        | 3r2brZx9EKf,R5vlQkGWDhZGJ
 Supplier#000006634        | IPNINbVIYnAc6zgUzdLLuJbU4JbkR4H
 Supplier#000006656        | Bsqlxg0akZ0z5fvveCUNJgaHSHbFVIrCwr7
 Supplier#000006751        | kLs225lhdhLLN1P
 Supplier#000006774        | svP9cI7FSB 3a
 Supplier#000006848        | W5Vk6EiCzsZ0
 Supplier#000006856        | P0TMrpdsH6oCXz0ba43wadaU4Q33CZtgyk
 Supplier#000006867        | QqN,6nvxhphZJM84MvBXuadwxJdSwgC9N3BzG
 Supplier#000006972        | t Cj14WjX65vSj8OC0g
 Supplier#000007082        | 9lwYCbYeQ8yywFjuL870VfHcipF3T2
 Supplier#000007083        | mzBkq7paoo
 Supplier#000007283        | qSEuR1Ri4Hrk LrOLGh
 Supplier#000007411        | CNyc3Jvk4jSckyj0xU
 Supplier#000007468        |  E9dKc7,wBKDQtwEapLWicUwxs
 Supplier#000007502        | ,rSo5R1i654jwDP8DIUT1W1YW1TJ3onUPaXa,2
 Supplier#000007533        | ucjeK PHikh0uTVT
 Supplier#000007606        | WvQk,AYhITiI,7WZ7cGLmb0Yt TxU
 Supplier#000007750        | wtDhjsvnoWBD01XH7ydI
 Supplier#000007770        |  KYJF1DiojM,63gvVhywmy
 Supplier#000007855        | u FDeIpb3pxD9ChYiIi0bb8QLijGQfbUiZo
 Supplier#000007930        | vofDxBRAvejcwdaWvU0wmYHWbiJt
 Supplier#000008012        | q RVLC5ggK7vJLk eF,73tkFu8SkxWH
 Supplier#000008187        | hcgjLa 41gFrMl9t2kDPnRfB6Yo8cBW2e
 Supplier#000008208        | cc6IsCnCP6aaAez
 Supplier#000008274        | Cp,iOqOr70NImmwz fCeIV
 Supplier#000008563        | VNgYAWCC5WAEyD0zMizmj9gneLRSgXiH8XNcg e
 Supplier#000008656        | sMvnqSyJogRS2Cdfrjz85bh2KgG
 Supplier#000008667        | EG3BUReUgU6UDA3JqClhk6oy3RJtBT
 Supplier#000008778        | NAhah5alhxI 6bed,eG5hSQH
 Supplier#000008803        | pECh1zz 2V7LNdU3IQal
 Supplier#000008806        | 474Q,OCoa8ecS7v6IDJ91gm3RVu5
 Supplier#000008896        | HtivFouKEZTIhN3jeya8KEkx6rXnRoQ2U9KL9
 Supplier#000008969        | Bgr7cJ0x7Ngg1JjVZ
 Supplier#000009045        | XCXQUEIp36OKslCv7bLMnYnSxdAMPk3t
 Supplier#000009048        | ubrsBzWtANP80ndOC8AjYB9WX jiohjOdK0
 Supplier#000009088        | w0QXNsQj44PdNP79s5KRcEuY6,leVVY
 Supplier#000009222        | v9IhjRciCeigCsJZ2 8sV
 Supplier#000009230        | yxMHRmhq1DWOYpaIpaSDF5xcJML
 Supplier#000009284        | JF5cmh0k 0WFd10
 Supplier#000009308        | yV4zFJaBvx9P5wLH7,
 Supplier#000009387        | 7POl yxTprmpFaFkLy3m
 Supplier#000009411        | y 9HOu3o5fXmQKc7VmA
 Supplier#000009433        | Dq3tVIK2Hz3lV43y6EMZe8
 Supplier#000009434        | zBhG4DSvr0YB6eQ47vEa,YQDks
 Supplier#000009522        | E6cXgsoyeJCXZBGE
 Supplier#000009698        | vAXg7cTjmOnY7Z
 Supplier#000009756        | WgIcZYJP2W1bmBy0Pz84TIDPzljBLjKhqq,
 Supplier#000009808        | XuqqRVaNwiJ anv5EKpXolaJc8AKrJyL
 Supplier#000009838        | PhI5kjhtQBYwDpwmN 
 Supplier#000009962        |  YlK6u3oLVeIPXQWyeQSUvNZVsCk,Z0D0,Bo
 Supplier#000009983        | CQ1QB8x QKJqR8txuxa,6Cit a
 Supplier#000010028        | ZF5nOzykiPjYWfSDRt
 Supplier#000010038        | 0WZUrYNRVnYuYbxFy8,bUo3sLxY
 Supplier#000010085        | lXI97TRU,8,SQN5,9,xF3gkg3d70RMU9z
 Supplier#000010146        | SorfXw8rxS7VksF3oCRPFxpuNS0l1dD,gQnZeO1A
 Supplier#000010179        | uMCihaqHaMnm6
 Supplier#000010186        | sPH5s6oWXst4
 Supplier#000010248        | 2I0X8YOIs7a  26c7hgddTPYFNNi9i6
 Supplier#000010294        | ,3oUdCJXtmhGLRistJDFfTO0Ic4PSKfaS9F2U
 Supplier#000010358        |  TC2yvTQSuDd1CqGRvKXeccmtsErrJ
 Supplier#000010374        | 6,ytUgOBeZPCqKIfzcTZzNRCncKgAz1Zmeew
 Supplier#000010415        | q36tsDkAwsh88EL 5Ll02G07gZSy1xf
 Supplier#000010500        | y 2rAUy40w6AAENZGIb7eNOalGy7A9gnuv
 Supplier#000010508        | 21VY4PSwet3Jtqe7LA
 Supplier#000010578        | iF9FUZfZeHXRgYfIw7mxf7qeSRuvGDM3qoQ
 Supplier#000010613        | SzF2ssOGR,MYgE
 Supplier#000010653        | EM7vSyPXNdry32,br2KPj
 Supplier#000010786        | eglArxZiLDrsu7zdW
 Supplier#000010892        | RQWyCL5Tg7z8FUwyvEC5Yxl1K3P4Y7z9XVStNH9n
 Supplier#000010970        | IqJwRF8 YbRyrskgRn5R7cAUXCTclQ
 Supplier#000011082        | M3xKJaixi0pY y,0HOnh3h 63BFPtM30rMeyGAEk
 Supplier#000011340        | Z1mcriQtI69h
 Supplier#000011386        | PH SG6vM6f3UoIWKRFzc
 Supplier#000011404        | td8lJrm4vJyDrKwjQI18s
 Supplier#000011457        | P0H LKP6yN172Jq8b,GJnZ1rxjbuz1bC 9
 Supplier#000011477        | XxdsSIZ8AhcX8pLjjQVptkt3ECsA
 Supplier#000011526        | y o9nC5ujxw2g20ZqX1flGcy7Fw
 Supplier#000011594        | DHThkovb0Agwr9ioDJlFc
 Supplier#000011693        | OyDZToI79827r7j92iw2lb
 Supplier#000011707        | v9ZcUYtHkYpQGE5fYdR5yO7bxv
 Supplier#000011728        | RqfqXzji7f3D9o27FK7
 Supplier#000011766        | gipDRyk78FR,vVToKRDaaqh,JUhEPEgyo40ih6
 Supplier#000011786        | oo4wjmGruajIfRYSgZmLsWXTwXNp8ca0eJN z8v
 Supplier#000011796        | vMpzDvgf5ETdMEuJDMWFxpUCSDkpiepJ
 Supplier#000011920        | 0zW0Rx0 lJTQ2zwC4h,i8Zd
 Supplier#000011922        | 1s55A5gYmqQ38K2ClzIARZZqtGcBhptt66s
 Supplier#000012134        | fxF7dM1XJnYkLlCiEb62ZR3sAjtn
 Supplier#000012137        | VwkKjf1aPKXD9OE1SsDStmONvjkabmNOm2dCzP
 Supplier#000012159        | fyal9,wy1lfD2f7o3gWZrhBPUNXDJzuP
 Supplier#000012218        | j5cRI2o0vMtnBr5e5lTiG,9D6dXGorwGbWKy,
 Supplier#000012222        | LlJOVjyfeAEPRh,xUUj
 Supplier#000012227        | FTyNQm5aCHEH09vhX7mSC2z,i
 Supplier#000012251        | we,hl qQNBWH
 Supplier#000012393        | HmfS8p8bxyLw7NQj8EiXGF,J3 6thFoGAMdi1ut
 Supplier#000012408        | DmlcyfACWkvFvnPKnbX5eY1e
 Supplier#000012438        | 5erFtCXciLe2Z5
 Supplier#000012443        | A0Cv7D07YYT0
 Supplier#000012476        |  gk1Aiz6KXi5rxQbx5fsl69NYgLsO
 Supplier#000012702        | j3OxHl7 Avk
 Supplier#000012808        | N0AlcbtHFR ww06Zm5pKqege SkR6
 Supplier#000012843        | cu38dXTF7ZJgeg
 Supplier#000012934        | z8ZYclON7BJq4J8kM0aVdKlgrzOtXvhC
 Supplier#000012948        | cIqN2sEc36T
 Supplier#000012985        | 9H6TC0ZL ZNGCSDJ nmB7PD8X3fam0XmMpW
 Supplier#000013003        | lMZRF8j9ucbLWr00jzDCJKfdaoCTxs 3Eq6
 Supplier#000013048        | MvtnE8bZ2gw,plXHxLsprnrbfjfy,
 Supplier#000013053        | 1ghfwtQ3W9Kz8HP9MtWMkih6SXKvAfXeyP,UF
 Supplier#000013139        | G1xssZRV 4 mQsWCZSZgkjpuK,3s6nv1pOrEEj
 Supplier#000013151        | p,VLz11qj4
 Supplier#000013204        | DVIpYLlXDHf5MYOaaj xn6d
 Supplier#000013225        | oIKEtaOOKYv2,
 Supplier#000013232        | V70UPgRpfASHPcLOWIzSMXMO4rJa2VeD efug
 Supplier#000013240        | xp1e7kMfhO5xu4RogZE
 Supplier#000013247        | RGZPhcjFUK,fijfv5ythrLcyyI2Y33qVej3k5a
 Supplier#000013304        | FEC7A9qEYOOof523VRbJi550HYgIR8KeWD
 Supplier#000013372        | rqBdg73xyzTDRkYE4DoK
 Supplier#000013461        | X5nlSvVlzagQKf7155qTKRAG8a,6yK1RLoBM8R2
 Supplier#000013503        | GhZxUEygE888QRazX U45
 Supplier#000013562        | UZnTwUF3yPe7PMrWvgHR 
 Supplier#000013597        | D4FDrumx0iX1iR61WRTo
 Supplier#000013614        | swAeBd Dr0dcSUoJp c3j2sGp
 Supplier#000013739        | s5qyBy47LlLyOgdS,BfT
 Supplier#000013740        | ZZUcL5D4fdBdQ7MEn4C,UbqHHQVAg2EQUlj
 Supplier#000013753        | 4vqtR XgmBktf
 Supplier#000013774        | vsfpc1C,BTtDua88AfN
 Supplier#000013787        | B36c7CWnaUsI i
 Supplier#000013806        | Er83TGrirZ,Qw5LsfZOShM7uM 9qatb22p
 Supplier#000013838        | sjK952ylA08UpUcKS ZRQ1B4G
 Supplier#000013839        | M2Px1peZEmrNOjDzsW4FnZ4nPRJhrorixdz
 Supplier#000013844        | YIzSLQbR4eT qMqLx8VBNgmlHQe
 Supplier#000013850        | xcI0CRVLsFIeHNCtm
 Supplier#000013868        | a2maB6rfwB3dh
 Supplier#000014246        | Q6nN3Mc0iuHinN9B
 Supplier#000014358        | U4rkwsguijmdI7ojS7MflT68INDK6HnRW
 Supplier#000014449        | TIENw7ddEl4fFaTojppSGJH3JqUjndFK4F w6
 Supplier#000014644        | DzrHg2U T3AYTvZuXNCDlV OF1Neye8,J
 Supplier#000014683        | Y7LAwKzS0qJY7ZpJEtt9RWNlogdZN3X
 Supplier#000014693        | ZYGODVMrvtgH
 Supplier#000014701        | n4N42ZPkTQ2MxAqaPf6QKn9z
 Supplier#000014728        | 5SI6oVHnQb15
 Supplier#000014739        | n9tawqN1HpXSo9
 Supplier#000014795        | YpKQdhW6Pr8zP6
 Supplier#000015158        | NHIcixw9Q8D5RjY 2YwBn4EYnAuPGXt
 Supplier#000015244        | GhKRQ6r7UUQPpc6IjZhzxjC15P2N
 Supplier#000015288        | ZVBF,OG5je7TJURCzg5OZTPZEkMpOM
 Supplier#000015297        | zuNhSsCOuwqET4Vpr,So
 Supplier#000015306        | foPEsl,4VEbOfPi1M
 Supplier#000015404        | PG4cpMhayMUUXT11A22j3a3OXhj322fmRLDb
 Supplier#000015411        | 5PyY0r8m1yFEVqfDIdwA1
 Supplier#000015436        | mhU8OJaSS pZuT9V eeglpXl
 Supplier#000015511        | bs5YhgJCv0aBuTK2GQF
 Supplier#000015626        | P34o3kg3i lWKk0b5
 Supplier#000015666        | qe8w1laWfsa4iUpDcZRhqVx7WQSLqREGkoJRSfvQ
 Supplier#000015735        | gGjSZrP2gJ3VjkSJkJSR0B0BzKfV
 Supplier#000015754        | i3IsGP1TVZbUxfn6 GdKW
 Supplier#000015961        | kxUUCMpqLlU
 Supplier#000015970        | 6lg YGljXWA3uVonpXF
 Supplier#000016085        | 7GF Khms26tjpyGpS0zl9KgTtvuaOxXwa4
 Supplier#000016279        | ZrVwS5y4i Uie 5zWZAGuV6M3Jwyel,PV8t
 Supplier#000016311        | gyjYuFg4lQIKMhK8L
 Supplier#000016326        | jWr kbuIxHMNdH86IaqjTz4MXcYB VcfeNz8rOTp
 Supplier#000016464        | EnAzMnNyFSDxkl5Jj61
 Supplier#000016493        | orXZiivSJfE9PIsCAeq3aA
 Supplier#000016531        | Z4 m4rWis1PGJJIVWLAaNe2m3K
 Supplier#000016624        | hQpqeDtMQSEyqgaKeYEsQcAeeccabn
 Supplier#000016792        | eTs JN0KrBJi
 Supplier#000016893        | IqGMQtaM09SkJJDN7C76J FNTgtga1QjKCHzr,TS
 Supplier#000016920        | EkkmHGNSNoNEqpnTN
 Supplier#000016985        | Mgpp5EW,Tf,A3t153FqQ2YboGWI7
 Supplier#000017097        | Q84QCqxChwMMPx
 Supplier#000017111        | fAkpEMnYGTSQG
 Supplier#000017147        | BH997xVrhPL
 Supplier#000017172        | zYADMSk59rVGClJP
 Supplier#000017440        | osIyeaYPbYl7D,HwMp,T8Xl9iPVuwj7
 Supplier#000017445        |  Txy3VUaLwXFE,9M39oFwcWNEYU
 Supplier#000017466        | 00o09cfBu1LkqbaynWIVAju1OXZBY7j8m84LV
 Supplier#000017498        | GK38qwSqfVHD oCk8T
 Supplier#000017560        | TIwgEbrH,Jx,gGosymW99TGr1Q,vvdocKbbh6p
 Supplier#000017583        | Yw8MHr83OqQqlWjUURQ2ZBoAd3UtxkEEJL
 Supplier#000017693        | P5Y0x8r0G11ihX498euKAhWfETs4nlFuUht4tud7
 Supplier#000017707        | V4VloH6r6x8aRSt 
 Supplier#000017710        | Ec3Zq1nGUsC
 Supplier#000017744        | qCrVyTt6Furlc82xBbvQzeKvfQAjGnhGKAIBna
 Supplier#000017751        | ,boa6sjKlfXRlUlUHar5hMe
 Supplier#000017789        | CVOknl4zdqZl2Prz2mjZzJP0aAVE
 Supplier#000017814        | 1ekyU3oFGyH,f5ThDr
 Supplier#000017861        | V1nIFGVPVIP9puOHptvN7m
 Supplier#000017884        | ,q0KVBbJnem2AwSHa8uc6,HNW
 Supplier#000017917        | r5B3Gvap6YYcgVpKlRPg 
 Supplier#000017940        | jhmsIxJnsKRRQq3DyjQYDJCuU0Y4jo
 Supplier#000018045        | XbKaeljBIATUs
 Supplier#000018172        | s04 qYDboPljKoVi 
 Supplier#000018259        | OkM11Ao80T9cJpFczQL8HKC
 Supplier#000018277        | MWn9SpGdHZ KYWcTFhjnE4h57VNl
 Supplier#000018352        | MjB4mRifDhN3s8uHRx0VeduVwMnwirgRYNo1gJfL
 Supplier#000018390        | MI8n5 BDMZ8N tsZ9BBq4H2JdiC,3RBj Rif0iT
 Supplier#000018398        | Si3eI03d35MTancDuYGor6Nt07qNfd9X Z
 Supplier#000018434        | 2v2NYoZwFv,apUl1gi1jlqFvRjICVPR1Dh
 Supplier#000018450        | a5atoGLc2hz8Z oteQTkf9AxoSIoxqlRKxQ1
 Supplier#000018466        | jIop,3ktCzjyT2f97QcZO8BfrGYeDsEu M9KMDyT
 Supplier#000018573        | 0DNpsZeAYTmIYXOIjeMe8Bk w6
 Supplier#000018665        | 4yP7lbIpPTGhza9I2PQM
 Supplier#000018675        | FfkvwEqoY,V4XmgCUFVS
 Supplier#000018783        | wGhM8dKPp4n
 Supplier#000018814        | fb6d7DrJg0C
 Supplier#000018979        | DllpekiuNuLVnKoJ24N02Ux3rrL6UW
 Supplier#000019010        | DZxXB,64,xx93gTVAQFZDvQvz
 Supplier#000019063        | VpJG7PqjCG wzs
 Supplier#000019098        | ps84ev,j5vny35HatOzztKFtfO1g3Tu 5BtIWF
 Supplier#000019133        | 56JBEOpWiSfeOIbAmrBDgr3p377AiDlbGfCJ
 Supplier#000019226        | 0x6NgQy0dl
 Supplier#000019227        | L8BNoP 2Ye4KfK,V2gdgjGEL7dnCgUO
 Supplier#000019265        | jG8xInxvIoreLLimPn81rX
 Supplier#000019309        | opzpQUnsu9A62IpHca31nN5G YYFXKgYNSAR
 Supplier#000019343        | ajJdSMhBUP643O134BE45RJa7a
 Supplier#000019385        | B4kPYof03Qah5PCvCrjuuQqU0xkbRBxNSmtKIKkx
 Supplier#000019417        | 6FM5h8FxO35sUbgY2Wo yD3VcVf7g
 Supplier#000019425        | utWAfZdRxM6SdAK,BZqmOhHK
 Supplier#000019429        | 6iAKId0NCF4FiXPMEz75M6E
 Supplier#000019459        | nuxWa9YEjlVJQJsHQIwgpkHA,6Is
 Supplier#000019474        | Yb E2k2YtM5MC7MeR6s8z 6ad2WA3oZPIr
 Supplier#000019528        | jMTFoBwmyBDz657jAMXcRSS0HVsEgpTO Q
 Supplier#000019539        | arOMe7VuSTEQIlNF2vT ZGMvIxYeMO
 Supplier#000019540        | O6cwI9lcbwUE0jr
 Supplier#000019548        | NpqRBAyAfrRjobq1U,syHQie
 Supplier#000019915        | h6xH5svLCIncf
 Supplier#000019942        | P5r5R33hdauqQSx
(352 rows)

