       c_name       | c_custkey | o_orderkey | o_orderdate | o_totalprice |  sum   
--------------------+-----------+------------+-------------+--------------+--------
 Customer#000256240 |    256240 |    4722021 | 1994-04-07  |    543948.47 | 323.00
 Customer#000289234 |    289234 |    3043270 | 1997-02-12  |    506502.67 | 317.00
 Customer#000017590 |     17590 |   10805828 | 1997-07-29  |    499282.79 | 316.00
 Customer#000012872 |     12872 |    7235014 | 1998-03-09  |    498544.92 | 323.00
 Customer#000133079 |    133079 |    7810823 | 1998-01-05  |    497225.42 | 324.00
 Customer#000021964 |     21964 |   10408580 | 1994-09-03  |    491756.49 | 320.00
 Customer#000294394 |    294394 |    1263015 | 1997-02-02  |    487266.35 | 320.00
 Customer#000021881 |     21881 |   10612710 | 1995-02-05  |    477909.93 | 319.00
 Customer#000073237 |     73237 |    4806726 | 1995-01-17  |    475126.60 | 328.00
 Customer#000133577 |    133577 |    2199712 | 1996-09-30  |    471613.59 | 327.00
 Customer#000031238 |     31238 |    3767271 | 1996-08-07  |    464369.61 | 318.00
 Customer#000232682 |    232682 |   11141606 | 1997-09-28  |    458531.43 | 325.00
 Customer#000253729 |    253729 |    4702759 | 1994-11-07  |    449354.44 | 320.00
 Customer#000239977 |    239977 |    1544643 | 1997-09-20  |    432199.00 | 320.00
 Customer#000028972 |     28972 |   11599171 | 1998-03-22  |    429291.68 | 316.00
 Customer#000235837 |    235837 |    2869152 | 1996-06-20  |    425702.17 | 317.00
 Customer#000216362 |    216362 |    8075589 | 1996-08-23  |    400100.90 | 316.00
(17 rows)

