       c_name       | c_custkey | o_orderkey | o_orderdate | o_totalprice |  sum   
--------------------+-----------+------------+-------------+--------------+--------
 Customer#003427867 |   3427867 |  130828513 | 1996-07-30  |    566705.96 | 318.00
 Customer#000679843 |    679843 |   23245603 | 1994-11-22  |    551041.53 | 321.00
 Customer#002137219 |   2137219 |    2199712 | 1996-09-30  |    546394.01 | 327.00
 Customer#002888333 |   2888333 |   85901154 | 1995-10-21  |    545931.80 | 318.00
 Customer#004751677 |   4751677 |  129206949 | 1993-05-28  |    543874.27 | 316.00
 Customer#004120996 |   4120996 |   42290181 | 1997-11-26  |    542630.53 | 318.00
 Customer#003897457 |   3897457 |  157723879 | 1992-01-06  |    542324.53 | 320.00
 Customer#000518956 |    518956 |  163797542 | 1997-08-29  |    540199.88 | 326.00
 Customer#001077280 |   1077280 |  121537028 | 1993-02-05  |    537988.57 | 322.00
 Customer#001357673 |   1357673 |  165508548 | 1994-03-16  |    533492.65 | 328.00
 Customer#004261918 |   4261918 |  181884290 | 1997-01-27  |    532245.66 | 323.00
 Customer#002369570 |   2369570 |   87006309 | 1992-11-21  |    530336.02 | 320.00
 Customer#004059646 |   4059646 |    4702759 | 1994-11-07  |    527847.98 | 320.00
 Customer#004048261 |   4048261 |  150484993 | 1992-08-05  |    527742.47 | 318.00
 Customer#004475284 |   4475284 |   90068066 | 1992-07-25  |    527583.96 | 323.00
 Customer#003457960 |   3457960 |  168325600 | 1994-05-15  |    523091.09 | 322.00
 Customer#000162188 |    162188 |  116567399 | 1992-03-21  |    522880.56 | 319.00
 Customer#002426551 |   2426551 |   92995713 | 1993-12-18  |    522804.06 | 325.00
 Customer#001460128 |   1460128 |   58000519 | 1996-01-17  |    522211.82 | 325.00
 Customer#003821542 |   3821542 |  137209030 | 1993-07-14  |    521964.74 | 323.00
 Customer#000547817 |    547817 |  109528547 | 1998-07-18  |    521955.12 | 324.00
 Customer#002626693 |   2626693 |  100999781 | 1997-04-12  |    520830.61 | 317.00
 Customer#004373320 |   4373320 |   94223492 | 1995-12-26  |    520789.65 | 326.00
 Customer#003865948 |   3865948 |  184564355 | 1996-09-20  |    520399.20 | 335.00
 Customer#001873231 |   1873231 |   74270531 | 1997-05-12  |    520329.44 | 320.00
 Customer#001675729 |   1675729 |   32393895 | 1993-08-09  |    520163.31 | 316.00
 Customer#004557319 |   4557319 |   48395044 | 1994-06-03  |    519864.12 | 316.00
 Customer#001171784 |   1171784 |    4806726 | 1995-01-17  |    517689.17 | 328.00
 Customer#003862619 |   3862619 |   34201984 | 1997-06-18  |    517342.55 | 322.00
 Customer#003787568 |   3787568 |  125865702 | 1992-04-10  |    517026.59 | 317.00
 Customer#001892690 |   1892690 |   55799200 | 1996-02-11  |    515236.35 | 327.00
 Customer#003465163 |   3465163 |  172797989 | 1994-04-17  |    514360.13 | 322.00
 Customer#002567644 |   2567644 |  126695847 | 1995-08-02  |    513985.58 | 317.00
 Customer#000610589 |    610589 |  146233667 | 1992-02-08  |    513403.75 | 320.00
 Customer#002256380 |   2256380 |  138606375 | 1997-07-24  |    513154.97 | 318.00
 Customer#001736948 |   1736948 |   64315239 | 1992-08-13  |    511756.55 | 317.00
 Customer#001246312 |   1246312 |   21135524 | 1992-11-22  |    511238.80 | 320.00
 Customer#004099831 |   4099831 |    4722021 | 1994-04-07  |    511227.67 | 323.00
 Customer#000304273 |    304273 |  169006247 | 1993-11-02  |    510266.48 | 318.00
 Customer#004312813 |   4312813 |  175859779 | 1997-04-14  |    509859.74 | 325.00
 Customer#002987231 |   2987231 |  181603460 | 1996-02-04  |    509233.20 | 318.00
 Customer#004500119 |   4500119 |  175499810 | 1995-10-05  |    508467.24 | 326.00
 Customer#002255867 |   2255867 |   77585543 | 1995-11-18  |    508410.91 | 321.00
 Customer#004503587 |   4503587 |  112968292 | 1994-06-23  |    507758.61 | 317.00
 Customer#001932982 |   1932982 |  128132768 | 1994-01-06  |    507345.30 | 319.00
 Customer#001914733 |   1914733 |   56497062 | 1998-04-28  |    507231.74 | 320.00
 Customer#003283669 |   3283669 |  188854305 | 1995-10-09  |    502992.45 | 323.00
 Customer#003926020 |   3926020 |   65178529 | 1997-03-31  |    502565.79 | 322.00
 Customer#003195152 |   3195152 |   51532000 | 1992-10-27  |    502169.88 | 319.00
 Customer#002731933 |   2731933 |   15071267 | 1994-10-22  |    501973.85 | 317.00
 Customer#003525610 |   3525610 |   46794464 | 1992-04-28  |    501962.15 | 320.00
 Customer#001479148 |   1479148 |  189357922 | 1992-07-27  |    500942.59 | 320.00
 Customer#003291700 |   3291700 |  102563013 | 1994-11-09  |    500890.49 | 317.00
 Customer#000366760 |    366760 |   59930883 | 1997-05-17  |    500618.99 | 319.00
 Customer#000609181 |    609181 |  182387719 | 1995-05-11  |    499525.79 | 322.00
 Customer#000581194 |    581194 |   17457767 | 1993-06-05  |    499405.82 | 316.00
 Customer#001621276 |   1621276 |   65003587 | 1992-02-15  |    499116.99 | 318.00
 Customer#003016720 |   3016720 |   48881602 | 1993-09-19  |    498645.78 | 327.00
 Customer#002653169 |   2653169 |   85266340 | 1998-05-31  |    498621.00 | 318.00
 Customer#002472277 |   2472277 |   94731687 | 1995-11-02  |    498393.54 | 318.00
 Customer#004733287 |   4733287 |  113872867 | 1996-11-18  |    497426.98 | 321.00
 Customer#003926719 |   3926719 |   35542498 | 1993-10-12  |    496602.10 | 325.00
 Customer#001113080 |   1113080 |   53623108 | 1995-05-07  |    496289.61 | 316.00
 Customer#000013345 |     13345 |  164479205 | 1992-01-02  |    496202.18 | 316.00
 Customer#002495605 |   2495605 |   67693986 | 1995-03-08  |    495458.04 | 321.00
 Customer#002646550 |   2646550 |   82389922 | 1997-12-05  |    494378.92 | 326.00
 Customer#000028306 |     28306 |   39702437 | 1995-11-23  |    493286.56 | 321.00
 Customer#002001385 |   2001385 |   91987296 | 1992-05-19  |    493223.30 | 324.00
 Customer#004072561 |   4072561 |   92511430 | 1995-03-06  |    492979.98 | 318.00
 Customer#001092163 |   1092163 |  156311557 | 1994-05-08  |    492381.34 | 316.00
 Customer#002155495 |   2155495 |  154788836 | 1992-03-19  |    491787.74 | 322.00
 Customer#003140659 |   3140659 |   20971013 | 1997-08-12  |    491533.89 | 322.00
 Customer#000114224 |    114224 |  177010630 | 1996-06-05  |    491232.65 | 322.00
 Customer#003943534 |   3943534 |   52340710 | 1993-01-01  |    490989.48 | 320.00
 Customer#003752041 |   3752041 |   36667107 | 1997-06-06  |    490866.54 | 322.00
 Customer#000237070 |    237070 |  151683879 | 1997-07-05  |    490526.94 | 316.00
 Customer#004413305 |   4413305 |   49474597 | 1992-03-06  |    490414.96 | 319.00
 Customer#002585206 |   2585206 |  134528483 | 1992-07-13  |    490328.71 | 318.00
 Customer#002473795 |   2473795 |   38914978 | 1996-05-28  |    489948.67 | 324.00
 Customer#001941482 |   1941482 |   72098242 | 1993-11-07  |    489457.05 | 316.00
 Customer#003777788 |   3777788 |   19217698 | 1993-03-26  |    488835.27 | 316.00
 Customer#003722902 |   3722902 |   11141606 | 1997-09-28  |    486758.65 | 325.00
 Customer#001293412 |   1293412 |   99667621 | 1992-10-25  |    486496.96 | 317.00
 Customer#002242090 |   2242090 |  159026244 | 1996-12-30  |    486215.21 | 327.00
 Customer#000242293 |    242293 |  157504130 | 1995-06-09  |    485857.04 | 327.00
 Customer#000838469 |    838469 |  135370369 | 1997-10-05  |    484484.66 | 317.00
 Customer#002647957 |   2647957 |  108263521 | 1995-06-10  |    483324.70 | 316.00
 Customer#001927178 |   1927178 |   99882375 | 1998-03-09  |    482929.96 | 322.00
 Customer#002570023 |   2570023 |  126826695 | 1998-01-18  |    482905.88 | 317.00
 Customer#004524887 |   4524887 |  164443205 | 1992-01-31  |    482832.75 | 317.00
 Customer#001942841 |   1942841 |  136836678 | 1993-03-03  |    482046.83 | 318.00
 Customer#002867218 |   2867218 |   24923202 | 1993-10-04  |    481461.02 | 316.00
 Customer#002093332 |   2093332 |  130130438 | 1992-03-31  |    481224.04 | 324.00
 Customer#001159229 |   1159229 |  179837925 | 1992-06-22  |    481060.40 | 322.00
 Customer#001683046 |   1683046 |  173640065 | 1992-05-25  |    480261.97 | 320.00
 Customer#004742254 |   4742254 |   43609317 | 1996-02-17  |    479609.33 | 325.00
 Customer#001652951 |   1652951 |  167382240 | 1995-10-20  |    479209.95 | 319.00
 Customer#003089146 |   3089146 |   71585349 | 1997-03-26  |    477789.12 | 316.00
 Customer#003510172 |   3510172 |  110510694 | 1992-11-22  |    477282.53 | 325.00
 Customer#000498134 |    498134 |  147380230 | 1996-01-26  |    476879.59 | 320.00
(100 rows)

