          nation           | o_year |   sum_profit   
---------------------------+--------+----------------
 ALGERIA                   |   1998 | 108791907.8750
 ALGERIA                   |   1997 | 183949734.2263
 ALGERIA                   |   1996 | 184050850.3333
 ALGERIA                   |   1995 | 184548700.3468
 ALGERIA                   |   1994 | 181009671.2355
 ALGERIA                   |   1993 | 187791076.6340
 ALGERIA                   |   1992 | 188782747.1803
 ARGENTINA                 |   1998 | 110951090.1003
 ARGENTINA                 |   1997 | 185723111.5947
 ARGENTINA                 |   1996 | 197612333.6457
 ARGENTINA                 |   1995 | 189656504.0425
 ARGENTINA                 |   1994 | 188135020.1103
 ARGENTINA                 |   1993 | 187499252.6493
 ARGENTINA                 |   1992 | 186470651.6462
 BRAZIL                    |   1998 | 109252542.4941
 BRAZIL                    |   1997 | 189640345.3736
 BRAZIL                    |   1996 | 193354364.6502
 BRAZIL                    |   1995 | 192247511.7153
 BRAZIL                    |   1994 | 195001847.2698
 BRAZIL                    |   1993 | 191825962.8624
 BRAZIL                    |   1992 | 192552556.8656
 CANADA                    |   1998 | 112458234.7336
 CANADA                    |   1997 | 191116778.2543
 CANADA                    |   1996 | 197531348.4186
 CANADA                    |   1995 | 192420446.4448
 CANADA                    |   1994 | 185539092.9479
 CANADA                    |   1993 | 189325318.6091
 CANADA                    |   1992 | 191019220.7356
 CHINA                     |   1998 | 110734432.0716
 CHINA                     |   1997 | 191451862.2449
 CHINA                     |   1996 | 192521155.6609
 CHINA                     |   1995 | 183344155.6476
 CHINA                     |   1994 | 181508641.4497
 CHINA                     |   1993 | 187731950.4541
 CHINA                     |   1992 | 189618193.6828
 EGYPT                     |   1998 | 111466128.0373
 EGYPT                     |   1997 | 191364368.9624
 EGYPT                     |   1996 | 188848378.3921
 EGYPT                     |   1995 | 190583451.0180
 EGYPT                     |   1994 | 186139281.9262
 EGYPT                     |   1993 | 194823621.1450
 EGYPT                     |   1992 | 193292903.7727
 ETHIOPIA                  |   1998 | 105112072.1172
 ETHIOPIA                  |   1997 | 183951190.7553
 ETHIOPIA                  |   1996 | 179490855.2027
 ETHIOPIA                  |   1995 | 179596012.7708
 ETHIOPIA                  |   1994 | 177869529.6425
 ETHIOPIA                  |   1993 | 178411632.1589
 ETHIOPIA                  |   1992 | 182836299.8490
 FRANCE                    |   1998 | 109352789.4344
 FRANCE                    |   1997 | 184625485.7303
 FRANCE                    |   1996 | 189447529.2873
 FRANCE                    |   1995 | 188048431.0528
 FRANCE                    |   1994 | 187410012.9344
 FRANCE                    |   1993 | 188012467.6848
 FRANCE                    |   1992 | 185138670.4163
 GERMANY                   |   1998 | 109934751.0943
 GERMANY                   |   1997 | 185653201.0444
 GERMANY                   |   1996 | 182484724.6808
 GERMANY                   |   1995 | 184964992.6929
 GERMANY                   |   1994 | 187395327.1326
 GERMANY                   |   1993 | 185782943.0217
 GERMANY                   |   1992 | 182956224.4889
 INDIA                     |   1998 | 113331193.9767
 INDIA                     |   1997 | 195985048.4908
 INDIA                     |   1996 | 193149668.5986
 INDIA                     |   1995 | 190885745.3756
 INDIA                     |   1994 | 197898400.6212
 INDIA                     |   1993 | 192778390.2763
 INDIA                     |   1992 | 197905345.4019
 INDONESIA                 |   1998 | 108659840.0189
 INDONESIA                 |   1997 | 191269577.8865
 INDONESIA                 |   1996 | 192045059.8595
 INDONESIA                 |   1995 | 184534591.5797
 INDONESIA                 |   1994 | 189576069.0180
 INDONESIA                 |   1993 | 192927840.3124
 INDONESIA                 |   1992 | 188119257.4995
 IRAN                      |   1998 | 105357624.8038
 IRAN                      |   1997 | 178547189.5569
 IRAN                      |   1996 | 183038066.2976
 IRAN                      |   1995 | 184519914.7542
 IRAN                      |   1994 | 184163737.8749
 IRAN                      |   1993 | 181660046.7701
 IRAN                      |   1992 | 179638309.5357
 IRAQ                      |   1998 | 115464411.8634
 IRAQ                      |   1997 | 190562744.5752
 IRAQ                      |   1996 | 195994672.8245
 IRAQ                      |   1995 | 195005103.6607
 IRAQ                      |   1994 | 190929776.4284
 IRAQ                      |   1993 | 196026281.1041
 IRAQ                      |   1992 | 190348802.2088
 JAPAN                     |   1998 | 107044426.3660
 JAPAN                     |   1997 | 184783794.9881
 JAPAN                     |   1996 | 187220941.7331
 JAPAN                     |   1995 | 185589456.7674
 JAPAN                     |   1994 | 185859225.9725
 JAPAN                     |   1993 | 187527857.7783
 JAPAN                     |   1992 | 187232188.5545
 JORDAN                    |   1998 | 108626036.2389
 JORDAN                    |   1997 | 181483237.3928
 JORDAN                    |   1996 | 188758281.2748
 JORDAN                    |   1995 | 184183103.1775
 JORDAN                    |   1994 | 185658987.3688
 JORDAN                    |   1993 | 188352643.7677
 JORDAN                    |   1992 | 181702374.6129
 KENYA                     |   1998 | 106098204.7218
 KENYA                     |   1997 | 185043731.9335
 KENYA                     |   1996 | 186456835.7027
 KENYA                     |   1995 | 184198691.9285
 KENYA                     |   1994 | 187434233.4866
 KENYA                     |   1993 | 183593481.0100
 KENYA                     |   1992 | 185378024.5262
 MOROCCO                   |   1998 | 113427517.4882
 MOROCCO                   |   1997 | 191614011.3412
 MOROCCO                   |   1996 | 186455877.6905
 MOROCCO                   |   1995 | 189650272.8038
 MOROCCO                   |   1994 | 189718235.9407
 MOROCCO                   |   1993 | 190858999.6994
 MOROCCO                   |   1992 | 188293986.2558
 MOZAMBIQUE                |   1998 | 105495219.4651
 MOZAMBIQUE                |   1997 | 181668639.3375
 MOZAMBIQUE                |   1996 | 182571324.8786
 MOZAMBIQUE                |   1995 | 183783396.0149
 MOZAMBIQUE                |   1994 | 184387116.2034
 MOZAMBIQUE                |   1993 | 183560636.4697
 MOZAMBIQUE                |   1992 | 184238014.2254
 PERU                      |   1998 | 111438095.4890
 PERU                      |   1997 | 189256844.4978
 PERU                      |   1996 | 189008572.4315
 PERU                      |   1995 | 186009634.5218
 PERU                      |   1994 | 190669148.8287
 PERU                      |   1993 | 194523653.2758
 PERU                      |   1992 | 185656390.0603
 ROMANIA                   |   1998 | 111632936.2726
 ROMANIA                   |   1997 | 182988003.4569
 ROMANIA                   |   1996 | 189536794.0110
 ROMANIA                   |   1995 | 185386995.0722
 ROMANIA                   |   1994 | 186644306.2752
 ROMANIA                   |   1993 | 187636629.8106
 ROMANIA                   |   1992 | 187756795.9885
 RUSSIA                    |   1998 | 111196281.3686
 RUSSIA                    |   1997 | 193275679.7002
 RUSSIA                    |   1996 | 186882869.6959
 RUSSIA                    |   1995 | 188295671.5451
 RUSSIA                    |   1994 | 193302644.9630
 RUSSIA                    |   1993 | 188857169.2200
 RUSSIA                    |   1992 | 188212759.8329
 SAUDI ARABIA              |   1998 | 113857064.7416
 SAUDI ARABIA              |   1997 | 185634924.0249
 SAUDI ARABIA              |   1996 | 188570966.7249
 SAUDI ARABIA              |   1995 | 186103548.8374
 SAUDI ARABIA              |   1994 | 189885806.9540
 SAUDI ARABIA              |   1993 | 189683286.4328
 SAUDI ARABIA              |   1992 | 193569708.6385
 UNITED KINGDOM            |   1998 | 110659645.6127
 UNITED KINGDOM            |   1997 | 190544546.7307
 UNITED KINGDOM            |   1996 | 192881000.5090
 UNITED KINGDOM            |   1995 | 184228637.0584
 UNITED KINGDOM            |   1994 | 189144473.1482
 UNITED KINGDOM            |   1993 | 188531209.3867
 UNITED KINGDOM            |   1992 | 190526447.3427
 UNITED STATES             |   1998 | 110053356.3563
 UNITED STATES             |   1997 | 184567510.2355
 UNITED STATES             |   1996 | 192600048.2059
 UNITED STATES             |   1995 | 186168549.2830
 UNITED STATES             |   1994 | 190734194.4596
 UNITED STATES             |   1993 | 190217116.6631
 UNITED STATES             |   1992 | 186222296.8352
 VIETNAM                   |   1998 | 109810242.1062
 VIETNAM                   |   1997 | 186447881.9056
 VIETNAM                   |   1996 | 190411971.5575
 VIETNAM                   |   1995 | 185296857.5674
 VIETNAM                   |   1994 | 190665933.5038
 VIETNAM                   |   1993 | 187436299.5095
 VIETNAM                   |   1992 | 190880955.9937
(175 rows)

