          s_name           |                s_address                 
---------------------------+------------------------------------------
 Supplier#000000010        | Saygah3gYWMp72i PY
 Supplier#000000019        | edZT3es,nBFD8lBXTGeTl
 Supplier#000000318        | Cm5fnQ4M6VeJF17mBbV6iB0XoQL31STrb3Su
 Supplier#000000418        | l07dIg BFdcW
 Supplier#000000438        | cePboEvTZ6IfUAG 8asHxVbEmZnLSph9z01
 Supplier#000000448        | cYzWCXDovaNR ,S3PICo3KYKAG3bYm0YKyqaZVu
 Supplier#000000501        | PSStC43vWlQQpmTku4s
 Supplier#000000566        | hBRvnhCUVIiXQK6dyAZYN,TNZItOlBvsVYCisb,O
 Supplier#000000595        |  CURZCs4l306M2ir8rFkgeYVg
 Supplier#000000866        | CosbyBH1bG81zFspjW
 Supplier#000000888        | JA,f8nt64wdZ4XkiHCYHC0r2FJ
 Supplier#000000976        | MVpCgFTl7sGge4cFxVXD
 Supplier#000001212        | SNWZ4sgC8Gh
 Supplier#000001343        | e3NKukdF0m3Ecc7iuIbk5KEif8B8eGYghOcQm
 Supplier#000001357        | OCkpJFqsRW63
 Supplier#000001413        |  fVaD46c59u
 Supplier#000001459        | 9f0o97h4BZp2EFZdILZKMcHDa5C8K3
 Supplier#000001566        | FxGHzfvgqFzHSvl94ir CrV TzfDHA
 Supplier#000001606        | NhCLoGdGq6Mtfa7gVfzi
 Supplier#000001620        | yD0MbgagtO2
 Supplier#000001680        | 9r1tXehZwE72p0i
 Supplier#000001793        | e37l8lvsJviZzWt5z
 Supplier#000001837        | y6OPRBPQnzsH5S9HVkTx2WZXejyXKL,8g2,
 Supplier#000001897        | tIwaK9T,jM3yIGVWR72
 Supplier#000001948        | ZcX7nDmJiBlFPa,6KnbOnRf6K3H9Hhx
 Supplier#000001954        | QrTQJOkhS7WEFB3L5zbvDUSGh4lV oh
 Supplier#000001984        | M,EWRY6BhH
 Supplier#000002075        | GdtAgDNIqsot8KG4wpmBx2L247IylJKxMcrRJ
 Supplier#000002103        | 6RnHhF2YEr2p3tBPCxAnNQsw,apIQyilDz
 Supplier#000002148        | yVDlpqCxG10tM8dm,NNVKv
 Supplier#000002149        | 7psmWKO5V2kZibASWBzU0oK5Rog5str4cDU
 Supplier#000002158        | VxglnCKPCfx71cz0Lr
 Supplier#000002192        | KWu5GK8oZHC7tP
 Supplier#000002335        | dtvcfOsHopS5Y0 7QcGRRFcRa q3UuJsMKodwEyE
 Supplier#000002535        | A C1WmBRZA2BePs3f  nB6D
 Supplier#000002558        | DHTaILleK5JTKuPqwnMRCQXjuFfxd9cJklY
 Supplier#000002582        | R1auTuXErSql4 ,FqfJoJStindVfyNjgY
 Supplier#000002872        | MJ9iMo lUlY00f4glR
 Supplier#000003051        | W7oijeW6YZpnEAxRCXhA6v27cdR
 Supplier#000003073        | HCXoX79onWt0
 Supplier#000003088        | DNwMHXZdqZ0T8enmPDX17Z73rah4yhMUO
 Supplier#000003111        | 4Zdm57kzJd8jPWW
 Supplier#000003127        | e5zpOo2IbVIwawn2OeD,uhW5urkAgBm6jTcyiA
 Supplier#000003128        | 4ElO3EqeTuKYNh,SXKuqz2m21aPP
 Supplier#000003139        | lyCs,nPAiP0Ho9ZVH8Niij5b
 Supplier#000003214        | WuxgYli,8Z,4BzFqgB EyFrV9MnX
 Supplier#000003240        | zj dgjF7UqakMae  w
 Supplier#000003250        | 6 DzosfrMQNELD6NjF0VczLB3qDB
 Supplier#000003261        | KBzIrdRfxoDWv83w8xUHk ZGP,DMW8r7
 Supplier#000003299        | ZH jMEKsbbDbxEGl8M8 l6,tVtEmA
 Supplier#000003345        | CIK,A8 Ka7,TOgmufRFojWkas
 Supplier#000003371        | LXfDkZ4nPlgvooE3MO62Sbj4a BbaKplWHqJb
 Supplier#000003459        | nt3w6L9fHbXL7,dYQ2gWssBqN
 Supplier#000003508        | 1fKd2SgeKAmy
 Supplier#000003544        | i1wE3ayJn7WW9YClekXHq2Xyjmro4X
 Supplier#000003571        | hYkqn6DzQ2b2PuZBjBNdaUxEyAMA
 Supplier#000003580        | K7YdexxTIN 2CmKvmfBqaqo9LAnXDKH
 Supplier#000003623        | 0bmFB1Ux VvF30f4b62otQ1zeWETRgXw5oY
 Supplier#000003655        | YCvXBNgPkoNAvD2hHR,njixO1
 Supplier#000003704        | Ipq oyCih25j9LaPoKpE2eqGBZSnN
 Supplier#000003729        | I4Lj0t,uQ2crCtGc2ksJ0R7hdDeNybtWqPr
 Supplier#000003755        | veomj,f0Pp3r IC0,US
 Supplier#000003766        | mO suhe 4yZkt4
 Supplier#000003793        |  0PXTvv,YEplyHmw3u
 Supplier#000003820        | zsuoXVzqz,s
 Supplier#000003822        | XHhC 55Ip6UIed8ZtMjaEmOzeg0W2s0wYk3ew
 Supplier#000003882        | 4fAALx0klt0jiU7BJSOk  GK1WBarg3GKZdeVf
 Supplier#000003886        | c,VP75QAJqi ig1gNOWsxXdsuZQbi4ZJ5 3
 Supplier#000003895        | VtxUIe5P3tzk3ykaq7mVdEzO5fqllBcxpEHkG
 Supplier#000004000        | q bLQQi5J,rohLugmz
 Supplier#000004034        |  2NQRRAXCAOhQot5xjf OGgeKnTq,9e
 Supplier#000004103        | EYdd,noRdDff
 Supplier#000004121        | RyVJNHSjgZf05iILX,vBEECitv3AF4S4ND9,no
 Supplier#000004134        | mtcNe9kFAvH1cbrhZd3nnepaeug6BbNadQ1Dd6l
 Supplier#000004218        | FzGC7DOsv5mlS56Cd46JKkfXVZ
 Supplier#000004263        | DTd4Cftgq4BgEnbTW0
 Supplier#000004409        | MujJ3UmLYP7XaB59nG2
 Supplier#000004433        | ,264VWuSf9l lOALdP cLe5coAdzMc
 Supplier#000004464        | q4ujOwFkYY1N
 Supplier#000004493        | mYAVD3If6OnkZ5IfYjLW9yO8cN
 Supplier#000004521        | myD3l0 faInlRXsP,vwKzbHN,VjcLoQjZLnLL7WY
 Supplier#000004541        | OJPZxwlH9UaQ,pw,gt9bFwj w7
 Supplier#000004634        | ukp63mlcz4saSWQr
 Supplier#000004684        | Wki58fvNf dzCjJD6dSxzP5i
 Supplier#000004742        | 4LTtuEAkyVNBDcb9Du
 Supplier#000004923        | u VJeVpWm2UfeajsyGzxCDvZw
 Supplier#000005082        | bWSoVdVj6qSqm
 Supplier#000005090        | DgELVDIczXjsxv,z0e7Kp
 Supplier#000005102        | ,i2pqfh6F 32nkGqSpHK6DyXQKCcEIHZjMtjbLQ0
 Supplier#000005142        | 7fUvp, GK6DzUsj,1Uea6pRycO9PUjkiQJO
 Supplier#000005225        | BKyNPbd025r7,3hazPOINMWH3M5c6dsuXgk2JpU
 Supplier#000005365        | crrHU5sZl2 BY,oD ma5GbFI
 Supplier#000005405        | bELF8cmaclvh7MHsX,Hlj6ncsPqO5NaM52iO
 Supplier#000005428        | A 9bt7EzZq1uY1yQniQLTXHGUb9BE3
 Supplier#000005547        | lve22o11GmyI
 Supplier#000005581        | UtL5rJkRV4x,RfVkCxNqSDppagiQrk5b86p
 Supplier#000005591        |  A39jVPWcKU82OI68FRPv5MLYkbnFhQeoH
 Supplier#000005611        | pSGcoAPtjG6R
 Supplier#000005615        | X5z71gbDgAUvxBMdkYBWCl2
 Supplier#000005617        | JwWENFPcbxn2nk4AGFIZCWnza8hAxf8AL1XrczXM
 Supplier#000005712        | RKoQ5ijTQ6q
 Supplier#000005752        | qKui69rK6v0l,fz1T
 Supplier#000006077        | RkI7p9xWfSyLWmT3x5CewQCpV1riHuivOp0
 Supplier#000006145        |  YN8CD22,RU3,LytJj0JMsbXi7DGyU2U
 Supplier#000006151        | onrtIjRkYat7WIJeIx,tMMDHl5 z8YTjlO
 Supplier#000006220        | FeiFBC36pFsat5
 Supplier#000006247        | 3JmrDbyjGCw1LmtsOo
 Supplier#000006425        | M40,4vzvHXPnti8pBmvCYXVC
 Supplier#000006447        | Qu3COUmk3l
 Supplier#000006495        | vKOq9W5U9vh2,KuaVFibFDa2kqjUR4dkj2H
 Supplier#000006501        | 8SgyHYIWUpJstMX7FuHw3k3
 Supplier#000006565        | 93bSUVzAR7StP1gOL9UdiVGNrH2
 Supplier#000006612        | KeNLynpTmU6m9PCKc
 Supplier#000006625        | 4e8W9wdzG6VoH
 Supplier#000006758        | 4WLcLJOz3DV3
 Supplier#000006773        | LkkyhDBh7bTAPvzFq5HUmWo2
 Supplier#000006817        | txd0Gjo9v4vG9of9RTlfFhg3YzBcCx,N
 Supplier#000006832        | UgadmHfm2qXtLvuyK2MABgd7NGe0G2p0b9G
 Supplier#000006836        | fs,fRRfdtxXGT1Yujqd
 Supplier#000006912        | hff1tjJJ8LKrYA4Mp
 Supplier#000007230        | bVgNADApRN6dAUGrUgpuxsm XMjo2J14J
 Supplier#000007235        | sjG F7NXC5wk9bZMrBXwSt2
 Supplier#000007361        | msFsvlfRdwjfLuk0FYdo5htVVDIKrdlTNeMwP
 Supplier#000007383        | ECCvFTjqtlzXlDuT6erP51Il
 Supplier#000007430        | 6XfH6NiFdely
 Supplier#000007585        | 6kpn41RCTreOmCNM2ykYoc4TqazalUr9m5AXm1Wu
 Supplier#000007590        | 2Wd3NCI8YFjJZVskPHI4 RrkY9vju1
 Supplier#000007613        | FQPIblYPeKqOkQuwE4F5PqHFGGwNRoVGwasy,Bdc
 Supplier#000007629        | Gxgg8RLTzAnWvf
 Supplier#000007703        | odtP Txyybda
 Supplier#000007704        | mUcN2x,yodhb
 Supplier#000007707        | x0q 8pDWEg7sFFOGlUJ8x
 Supplier#000007729        | UmPNWP6AjuhUsQCvF,R5CWG8I5oN84XadAvLc
 Supplier#000007766        | yzh0KSi92Mx7QmFq
 Supplier#000007813        | W2fHvGh7zpl
 Supplier#000008038        | YkkdqEh9lvZyRRE4nmJ3vsZM0
 Supplier#000008049        | foQ57pmI4dMmhxf6SIkFcsun
 Supplier#000008120        | R2WCFL3A2qo VhrjfAG
 Supplier#000008158        | zCtCwYnWirA5cB7y09LYPoDdIRl9Em436kf
 Supplier#000008240        | kFOt9kVFENwW
 Supplier#000008272        | rjuHAwxY92lo W5nTHeuKq3H
 Supplier#000008355        | nvgZOmTqsyNs1nlHOEYgk73J
 Supplier#000008369        | F7J5M18silHzUntuI7cKOZPXnWLlYB
 Supplier#000008450        | 2EySLcI4F9ySNU7lbhtqNFP9XiAcBS
 Supplier#000008585        | 1rsEBCKUBd5026zLAxS4XBZlhRRxHyOy8KroMB
 Supplier#000008590        | slOzkYi1Z5Pmk6
 Supplier#000008612        | jQEKalzEiDSGUtUPCFnrzYWUzpQsM3GX
 Supplier#000008617        | PQqLpfsDoVloc qIy5Kmu,ooCuE0bR8M9n5AO16
 Supplier#000008635        | zek4Jz SrK3
 Supplier#000008889        | csxAmnZKLnbPt63uPG,mSqsc
 Supplier#000008926        | wR2CPQNOtUVJDc3j1NsGrVMjjMHz
 Supplier#000008981        | LStHoDdqo5P7Hbds0RKTUBFfs5R7ZlQ49
 Supplier#000008991        | jS19kC4v8fdR
 Supplier#000009077        | TSKc 6qUKfGVMcGf
 Supplier#000009086        | nU6wxt80ORwxECbKGo9pX
 Supplier#000009212        | zmYL6C8D,yYVE4
 Supplier#000009214        | ,qaMSx5PCf Rgvw,zA2NMocm5fLSe7oWn
 Supplier#000009221        | 6PHk0Jdw4XGvLC2inbLmnzdT5uNXJHMXDtt
 Supplier#000009275        | 9ROhWwDc62wHtvElpgK5hyEVX3oAMd
 Supplier#000009383        | VSXQdtUW4jdfEdQO8n8i,F5
 Supplier#000009384        | Z7Txs1yOp4mVCG
 Supplier#000009575        | qAdrnjTmcGUqpcVQy CdX PIiFGea,TwFl
 Supplier#000009631        | FJECow3o,khLY5f2sc
 Supplier#000009651        | wAez7p,lbPHySWeSDNRbfl4
 Supplier#000009669        | FR7KpOYuSAbzO 
 Supplier#000009678        | wQMgFCRlfs7KPO0liWtEhn7XMxkJM
 Supplier#000009687        |  Ik4 Ef8rGuF0ixhIfH0v9RgzEI
 Supplier#000009829        | a MzUAIbIxqhIuwTZN2w ysqZHoTXipJpWMo
 Supplier#000009859        | QR0E5htVvlb4qLK50
 Supplier#000009906        | gYu, 3VzqrurtbsOpnt5,CQHy,hkRHOc
 Supplier#000010027        | 1H9sAQ03P3xva3pd3pTd7 mVjxcxW0JH
 Supplier#000010199        | Jl,Y5GDs4qpBWW5
 Supplier#000010212        | 7wmdtU69gttrK7VkdgT60amDuz1riQ3QLRTboV
 Supplier#000010292        | ErD0d50KUwYtVAp5HctO1T8K
 Supplier#000010453        | induf7hp76xeqX,I
 Supplier#000010506        | eJfab8NLBKgMVkH6QolES8s
 Supplier#000010583        | KrNVKmKeiSyDNskovLPk3,YEF31SkOytMW
 Supplier#000010591        | GlfNT7Y1qhomjS
 Supplier#000010718        | rffYMmroI8,
 Supplier#000010742        | GEcJdLLfXus9afvzhMM5U6Q2h6,w
 Supplier#000010758        | j sdyuXZ8UVoS9BlNHLDQQh1dq5bPaK1Sab
 Supplier#000010858        | QLl43,I5KDGbJ6BNgT9KCkXlbKx6kKr
 Supplier#000010878        | A5ehGJ9oaSCUtc6TR,,OdgxqG
 Supplier#000010919        | 3tCizX3XRI3pGmRKbXs
 Supplier#000010971        | zqSUJYRp7uF7
 Supplier#000011004        | yB16y4FFes4Sa fMkZvzplZCxW
 Supplier#000011034        | 4FPtMlvfKesrDco71V
 Supplier#000011058        | De 7AWKUVAtUmjfMa8y xh2fZcF3
 Supplier#000011078        | y1zohN zl58eeMvthsdSm1EW
 Supplier#000011101        | Crg,9ZK0P2Y
 Supplier#000011108        | o52iFMMexAy4JKU
 Supplier#000011242        | 6tNSbJCPyC GCDEL9ucFxKh2Mr 
 Supplier#000011262        | OokZjtrTrid,K,nzpWiBB1MHP,a
 Supplier#000011273        | ,r22zZ12eHVkgSoLSuwm891b
 Supplier#000011367        | x687l8HAw2JF 9X9eeXQz5xVpdsR6
 Supplier#000011390        | AVrVPPOOTtqj
 Supplier#000011419        | BY28dNtW1XlI9CujxtBW WiiMt
 Supplier#000011446        | bFG0NIed9hj
 Supplier#000011545        | HkHUbD0EBr
 Supplier#000011633        | u,vrL3XhJ5ZXGDXAOlJwpUqwE
 Supplier#000011634        | Rh7ssFKrWqfKXNIOBnHuLmcGlr0EU1
 Supplier#000011649        | KwG8Su4xq8XHoyGBm
 Supplier#000011695        | 6090Q6hSWS8JEJ9f4ceV,KE2 2gSxPHAiPDgmB
 Supplier#000011709        | 18HoexlEGQYSgPovwiW4IOeUI,5EvgDZu
 Supplier#000011987        | Wcj4NoYAe7aQmi9R vEOA74zlaGueGbxkpCft
 Supplier#000012057        | 9tVbb9VTzAXnEQODPc4
 Supplier#000012089        | Tj3M,mjmsFcaM VU6DE
 Supplier#000012153        | GQIQL7gEoFDJ2UIWxv
 Supplier#000012201        | ql9N5qCiMOM3FflRt,I2ciPQW
 Supplier#000012490        | zH TN8YGHBG8ZaxFhk38PUB1v33nfvk2uIVm7MF
 Supplier#000012566        | 0hcSzit3RNH3X5hiPDuJJWRLKKbXE7L
 Supplier#000012567        | kIvswtuOar761kNcXFGBo
 Supplier#000012595        | UQ6d6blL,rzJ
 Supplier#000012692        | N2ufkpWDqFYQ3N
 Supplier#000012751        | 53aFTH3HP6xyVtRgMWSEnO1
 Supplier#000012761        | Sg9p8sEDf3rWnWZYEO8qw4dQZPEmW5gsVUAW
 Supplier#000012824        | 8Mh3TArWJ km4
 Supplier#000012833        | fHUZ0 ibw6GNOPGPg,cULUnU
 Supplier#000012952        | QDM1tgGliYUIeVq
 Supplier#000013041        | 2gfeSeGV6XguEqX6M41VpiTaLt,y
 Supplier#000013067        | V5yKwe2Xxy5JEsZ s1gmjsNG9Rexbawo,3ne 
 Supplier#000013147        | p714 DUT0rdDxu6CP0hVIuQJ96cguFcclIJR,Nn
 Supplier#000013175        | 0D8nO5Z,p0Ag5JGYV3CiL8GRfvi5VuI
 Supplier#000013266        | qBgjgHgiHMaNpK bD1ssLnrK3D2T
 Supplier#000013350        | eChdabvgc F8
 Supplier#000013373        | 1F7hBQSEMpAI0GZy9,7hgsso8FWXkbfzidGca
 Supplier#000013471        | f0bQ5PGDseKW50
 Supplier#000013484        | rzBsiIBsgls
 Supplier#000013496        | pIt HooVQrtXlRF,POX BhsetPa
 Supplier#000013560        | qM439PJ6q6fwGtM1yrbEO5
 Supplier#000013577        | T83jSZkdtGEWXm3Afgr08WD6
 Supplier#000013633        | JsJtnTwRg,kd
 Supplier#000013638        | 1NyTxQBWQ76QfTzGYX48bMzAcfm4krA
 Supplier#000013761        | 1xhXLJJPr vUnP6A6SKzB vKIqe0cjCJ3fQpF
 Supplier#000013793        | RXbiRGMk0yGl,f3Aii2suA9hsGsbHrJllNJrXS1
 Supplier#000013797        | 7fUso9BIVblnSrCqpeD695LsIsolmpue19
 Supplier#000013833        | SJYWgZcrgOmgDnu7Uocf9UWsZ1 oPwm,museuh
 Supplier#000013845        | sQSZmWSLToqjFFyGkdbMv6
 Supplier#000013994        | wshtctFfgrjqk17oW1nGiMeWHR6KzRfTGCy
 Supplier#000014021        | gtY79b as9Nkvq3Tm6ox
 Supplier#000014061        | g7gRDY7t1,T
 Supplier#000014081        | AGdiF0lJ6l0rbLovcu7kS6vaRm12KWnHHWWo0O
 Supplier#000014094        | sDBeWZ333TuZ6pDS7ZRpZ
 Supplier#000014111        | D8t1Hpn3aNR9OUIvrrDAwLbWrcmFcjqdC4y9BJk
 Supplier#000014172        | JC3fY4oM,X,Tz,ez06Flu
 Supplier#000014209        | 5OKil8bb6JaYlwnJRGAJ13HvFcc9DCkMu5vGS
 Supplier#000014218        | YAu3QJv0n lL83mK4aLhMO
 Supplier#000014397        | Wv0xq4NY9i5ny,RAfqoCK7JjW1
 Supplier#000014444        | 5XNh bcZnYlnJcynb
 Supplier#000014497        | Q5kU8gL4b3ZXo
 Supplier#000014582        | ls3E0Pc27t7 MiylI0mLo2Yj QOU1Ps
 Supplier#000014672        | bgMuilrcoeHZoCOqWQgIq232yoXGG7NbTwxXTs
 Supplier#000014814        | VNvRkQ4LnO6t1iypiXWFJPZkzex5Zq
 Supplier#000014863        | zhsnJaq32eAh8dYQ50T2BwRv0ToCzHfNPXXUV
 Supplier#000014893        | PQBE62QWmoUeyUJFSOc742r9QbiV
 Supplier#000014945        | tToqZr4hX3gjuB7Lndv849kLWsIlU
 Supplier#000014969        | nGFq1lxsY1efL
 Supplier#000014996        | P2X9YSv6SXNqmbFqggHabG0xGHG8TE8,
 Supplier#000015022        | jhyQgxLDVq
 Supplier#000015048        | g9WCPrMUswsAu761yQLlFqPUbJw
 Supplier#000015067        | f6wQR3S20sGC2KfcFZoal7
 Supplier#000015117        | VrsmNm0 5 9olNLi4RbNlOrz4Rl2
 Supplier#000015168        | 57fOd4ba5aQotNg9yv3ODbXdqTCfS2pyHCUa6W
 Supplier#000015194        | InZuzDH,crAIsGMbN419VQhfUb
 Supplier#000015234        | 0ycnYjANrm08t0saJuwW
 Supplier#000015272        | 2q3Fv YA shL8IdT
 Supplier#000015349        | qQ0JxJ08tVF PyRdZ5sNODf Ko7y6nroWDP
 Supplier#000015357        | L71Hl9Pmqqoqlt,eg,xLwEUEI 
 Supplier#000015378        | 0VHyXCbMZXiAtA7WyAWZMMQ0ixsuFqxhhx8j,c,o
 Supplier#000015451        | XaUS04hA6mcow qeCHNDWtJxp2yNMCf64d4bfYJ2
 Supplier#000015490        | tl3S1UKNcwctWy,pUIGInGSxO98p 3dP 2ae
 Supplier#000015502        | X5YjLpKxg8AowcHDLjc8A
 Supplier#000015510        | dsIRi0V5ntXe1grbzTObENq7BA
 Supplier#000015566        | 6dLUZ7tXxLfRYayEsFSIOI6HPAhynFTrOEaoup
 Supplier#000015621        | KMFXCjXE5INVo9DyKOJUS
 Supplier#000015636        | S,OLcqr5CBtht2ydphlOXaManOZI
 Supplier#000015734        | VeFd7zEHdkd9f8pTxR02YUSKIKsj2SY s1Z
 Supplier#000015801        | qMcsaZP0uONDjGe,URMe7CM97EFj3o2zxx
 Supplier#000015855        | iMpU2CLquLWMi5422N6aFHMXVXW3vJlyJ2vcQS
 Supplier#000015879        | g,3zt5XlHyD5hQFFspqanDLgqjvO
 Supplier#000015927        |  hz7RGLo0U qjBkB7xP
 Supplier#000015986        | ECWa5j7AJUqZskS3c85sRqgE6XxQmXO8x3hu
 Supplier#000016072        | c7,rAxBQqoV
 Supplier#000016079        | Dmk1gEXY7at4ZsNU
 Supplier#000016122        | CR01 n2476gK5QDezVQd
 Supplier#000016335        | iUkzZ0ze4KhN88,h96WMvNFa
 Supplier#000016339        | DT9EMDKNyJhaRWNho,b2gmULq
 Supplier#000016361        | 8n,vpUBgTvR0khKi,BuGTAOgOISss
 Supplier#000016374        | uyS0YaJXTJ0xXhIjtWF3PH8 
 Supplier#000016525        | uPvYUVAbK4uA
 Supplier#000016529        | NxiafZEx7nV4jnUKdIil2qLv
 Supplier#000016537        | HyMxhuMapX
 Supplier#000016604        | tOBdefre9n1EeGSyPPhU
 Supplier#000016666        | kF4Yb7X,ij R0lyMCQiXYEr,RI,ASbbk
 Supplier#000016772        | VUrnRBq3x4QOT
 Supplier#000016817        | pVkHKNpMCxarDujt0L
 Supplier#000016863        | ll9ozN,XVp3ieD8fwzZVzQzt1JRZIUatjlqxsaD
 Supplier#000016895        | 3yZNo6Jr3O7fA an6vJcyl
 Supplier#000016908        | 4nS6 ey8P6elgI fkMrDOZSOkvFaN20Nm
 Supplier#000016933        | 3qMQh9GI10X1
 Supplier#000016954        | ufGc3ziEKQ,c34OSp6AHofJP28F5rzYsRF
 Supplier#000016959        | OnJbh2NEZtrAgeL6Q
 Supplier#000017004        | 5fF,qQqqH3AoUd4Vx
 Supplier#000017040        | kszv7hkukKRmpAEDdWA
 Supplier#000017051        | VJ2zjaBFynOQ6wgl,l vhxDa1tRQmfTlInSr
 Supplier#000017188        | wW8x9Kw,Kt5dFfBVzdkq27fQMa1,ijpd7
 Supplier#000017201        | qkgRPZwuSjgvyJdkTTyTBU97i1cNTkb2L3cRD6WH
 Supplier#000017256        | 5kjjU0sWPWtWQ 8G7ce3eIJ
 Supplier#000017263        | kNR70Rri4feqa5KxHDLP4S1fg9mvMq7
 Supplier#000017284        | 5AybOtBPArGWqoEPFG
 Supplier#000017377        | K7H5rWWx5OaAXiMX61zB3,1TQMkhhdv 
 Supplier#000017495        | go,FEYzTEoak
 Supplier#000017516        | Hy8BkMSbdFaTwDH4vTh3Tmz8duw8
 Supplier#000017546        | tGKQrc,TWZQynNxkeV4N
 Supplier#000017589        | 5IiwwsWVf0
 Supplier#000017594        | n9grCj17IAEJ eEZuhfNgcpT8Gc
 Supplier#000017604        | ewnmMvudRD6HYcPa04sTiK2vhz0d8Kr18gjmV
 Supplier#000017765        | cc,JaKNlkUE3XBcgnsA5VNrWGbPk05GWe
 Supplier#000017849        | 0AUbePXxYmc AuTUW1rD42kpiTaDrQty,hF
 Supplier#000017899        | 6eVD4Ac7hjuEPTNpFQ
 Supplier#000017925        | y6LfBAi0xNUmejUH1rvCynnNHkVzmuShzLR
 Supplier#000017939        | MACaL53HyPg
 Supplier#000017951        | TkKID4bgC3g858UmgSVTUN 4FtBIqn7O9
 Supplier#000017987        | 8rksdSBrS73,QNIv7,Z2Jw4MFbxEnXY4
 Supplier#000017989        | gwbvjsJ06xnTvDMg,6c2E08,Um,tg
 Supplier#000018059        | u9kR4DDZ jg5tXj4faUD2PTJVrJC9KB
 Supplier#000018078        | aXbMeOYuRmn4OYYzHWIKDRHn7deW3xaQbQ
 Supplier#000018123        | ,85yKCRUOuHSNtg0vVp0fOudl4dtj7
 Supplier#000018133        | HsBQARIP3v2UK8AP1CoslN9M2
 Supplier#000018140        | cFeIcN8A U,MykQcZ
 Supplier#000018161        | vnBZ ajudO 9Rfn2
 Supplier#000018187        | eIT8aK5Czz,WfJs1lg
 Supplier#000018226        | a394kFpo b2US3,0S
 Supplier#000018245        | 1SmDtOt6bh1sUeVvWEdui11Zjm0PY2Ug2 R5
 Supplier#000018256        | hmzeQZLE 0n Rjpm13vH5djidILbM0ISw7PLJ1
 Supplier#000018262        | EZzdQSFmzX97fmDZrrqC
 Supplier#000018353        | mQ5DhZ1TjSFGav4wDcJkJiuSKE93P
 Supplier#000018362        | DzgrqjgVoH32bF1Xx4SERyE6YG9W7tn
 Supplier#000018423        | 5jZ3MqC3ta0KvwkucHIxasYLAZcFmsF 
 Supplier#000018446        | 5MFni9SVv5bxyq10cM
 Supplier#000018486        | nROhOWS77aqTH ktnd6NRw7wXKY1lma
 Supplier#000018557        | WQ9NRL2IRHGwFJhitDtQ39vGTPz0,zeOWGSbd5
 Supplier#000018672        | kvyocjjb90AvRREQXrw3U2,bW 
 Supplier#000018712        | e35EllScIm5nkdT4iTtMDVeCtQn4Z
 Supplier#000018882        | 4avTNf29ZfkbBR7IVw
 Supplier#000019038        | F4C Gp4Qgr 
 Supplier#000019097        | kMl1Y5Q8XFR8FNmo8SnhGOPehYYEdcXOa8m
 Supplier#000019199        | UMxOMDiPGi7B3MLJlaCyszacqw0vC
 Supplier#000019293        | BXrQYJq5Zr8sF0dZc
 Supplier#000019365        | ZDefUWzDdexMImuN8zevf,lIAd6gEB
 Supplier#000019443        | 0u2ccq gsIuZ53olBmmkXSC8Vyx
 Supplier#000019506        | RzwmfOix0wtd
 Supplier#000019575        | XkojJYLvpzwDK XbxNoliTzVwd,f N4gsydWyXDf
 Supplier#000019589        | uz2v7mCJnDDeriK68tHf XRkzPjnEVqJhD
 Supplier#000019646        | We0dJ90cTofGS
 Supplier#000019789        | M3,Vd8iP5YCE1A2
 Supplier#000019803        | 2JIPLNHgiz 3vvgu1vkXKAVuCmCaHCy
 Supplier#000019877        | n,zY60XhRgh3ywuFw6eMZjC
 Supplier#000019974        | 75KrF25BDpdZKCOyJSBbfSqPc9rtVpna157XA3P
 Supplier#000019998        | pqF6Py,QG1TUXKw1x1zghH3z
 Supplier#000020099        | 7b xj20wyjIJ 
 Supplier#000020172        | E048t941lL
 Supplier#000020216        | y5nxrUoHQlX6Ur7x2bNIL21MiaGQ865
 Supplier#000020277        | D3DGkx e ciEj
 Supplier#000020286        | 1J3QK9 Bzmavp v T3xfuiU2
 Supplier#000020303        | 6skAVzwtqur
 Supplier#000020438        | 2h6ySzfwrrkAhLj79qpFYwdwRps6Y47L7C9pbC
 Supplier#000020655        | bjzA uQZo1Ro9t7BlncS6sC4gl91hHk1T3E8X
 Supplier#000020658        | pv,4iJX8Ys9c0UWL3NwROuRUqGje
 Supplier#000020810        | ,ldvxwh5EaKUNCFvRkDTuPIWAPXHY W0jC7
 Supplier#000020900        | iElpPSq93FvPGuwfTy5q4qqa
 Supplier#000020911        | XQEIaXJf7rU2JPbIrSC
 Supplier#000021015        | lAOZW AfsFqxe1vcKAcWaG8aC9sXGmrCZcJYZxf
 Supplier#000021062        | X5wqTIXPxSLTJn
 Supplier#000021215        |  hbOLMALlfK,9brO0YIeGDoM5LXuXGPPwzouK9
 Supplier#000021234        | uTp8g5HV4fHLbgkMlr0BfZI
 Supplier#000021249        | 3ZMG83hpfxrD8PhIGI6ihoJ6x,oAYH2u1BwOuPb
 Supplier#000021257        | l0YFAvhuVNL5,
 Supplier#000021265        | PTgoptgRVNRkqZ
 Supplier#000021306        | 3t,O1XWwsXi2sd F8oY4uk7dilPeYM0q
 Supplier#000021408        | 9s191eW0pD7EZ11NDpEJ Wxb
 Supplier#000021441        | pyd2clAZLo0qU2BM0qM2X2WAXAj0QauHjzAJ
 Supplier#000021474        | B1WCuHtuY5Lm4bj,S
 Supplier#000021478        | uz3MqBbks8cRJ
 Supplier#000021805        | tbXOq5tw0ZF4NaSvv zLVy5
 Supplier#000021890        | VY34jSFNIfaGhl2AgqkxCARWRTecXv3
 Supplier#000021927        | L iCF5aJZO6
 Supplier#000022022        | eeEd0nTg4,7u0IT0JwmOL dFsLL
 Supplier#000022063        | 644oh1 dj6X8Eev2ZBlZxTEHs
 Supplier#000022235        | BhMTpZ32kbHyuEUN3CjWRQh
 Supplier#000022248        | IXzGi9ImIIZLCAx6DEIu4TseB I51t
 Supplier#000022267        | QAPmWNSUcBgO M63RaS4wkQ0PW6qN6iSbBvci
 Supplier#000022272        | p9ovJ1t7ZMyhinKjiS,bBdyfLy
 Supplier#000022282        | wJJIepLO9bP8
 Supplier#000022290        | qmV1Bhdf209DyCbJ nRXhyEDEv
 Supplier#000022360        | nk k5lDqdsopjc75UFUK2KNJh0kpdn1Qf
 Supplier#000022415        | 335TW5YwQ3kI3xqjiKkvfQFd,yP1Gum
 Supplier#000022416        | ZzOmnqrEZAagpMBmZw
 Supplier#000022418        | eSNfgho,QzjrVmSz5k9y5IWUWFOVIFEGgJ0SmL
 Supplier#000022520        | 0Tlr5Rfzdfx6izK4
 Supplier#000022622        | eVxsupFXcmvQueyPyJ39ZkROMG
 Supplier#000022636        | WPb7QkoPNM3fsp
 Supplier#000022641        | BvzY7UYUOQyGEWhefAZ7jKW 3DF,3o9pf41
 Supplier#000022645        | Wx98qYWCZhMMKEkDuN1vKm7KeAGxPRrGTTr4
 Supplier#000022687        | 3v338Kma8qY2n
 Supplier#000022707        | z0FKZtxO0lvJkq6LoUTFERfB34d
 Supplier#000022773        | KK8h5aCIfncs2jvWcQA0TniRe,aTiiD8bt
 Supplier#000022811        | lHfujtz0GGGCruGOvcC4ggL2h7RSdFAWx4
 Supplier#000022866        | VdDLifqohwLkexPqJDT04
 Supplier#000022868        | 6NmzdSqUO,QtVGlvNI
 Supplier#000022957        | qomYDA y07DWMRup1wN3qd
 Supplier#000023084        | h02mKUahD2Q01Qs9m,sB5x
 Supplier#000023109        | 4uRylmlfeOUBGsw12M,bDB4Am6
 Supplier#000023222        | hpzIq KXELaPGeowsckTK7gg,86vU4
 Supplier#000023375        | MxlXbMsiUhZ
 Supplier#000023393        | WiFsg6vbCmLbhUakYyf5mjfAQKtul6
 Supplier#000023435        | BDeHe0J4S0u0aTZH
 Supplier#000023460        | URR6aT05LeN9APOvgG8QCBQnU
 Supplier#000023704        | P8w04khBSvZl9z1FcBFPmi5lulajvN5QXwULB
 Supplier#000023716        | Zg46TAU3a1kv16U2K5MsEFZov
 Supplier#000023757        | 4HK7P5RrXtThjPEDrVNAkHEetSL
 Supplier#000023787        | uVX3,nquMBhqr
 Supplier#000023794        | tO5 ddt9L0b,h3 
 Supplier#000023803        | v8MCYJXDnmlWt2qC
 Supplier#000023918        | ,mZh eZ2fH,AwlzB8myA UCyujo
 Supplier#000023966        | 3tf4r4OjRRn949L
 Supplier#000024007        | tCi8tQAOgHPoisMxuKwWVyRjjGh7p2xM
 Supplier#000024114        | ENndpqtNy6Zw6MpmGVAIFTbk0En7YP2Reqt
 Supplier#000024139        | Syodq,bEDLTI9o1FcHvIl
 Supplier#000024158        | QXe wxZ4ib
 Supplier#000024192        | EJTE1NdsLuZYz13HC cfHKL J4DVXSXxJ7uL
 Supplier#000024201        | 3C Uj3C6YO8HSiOxbyuw93WxNzhOpF2
 Supplier#000024269        | QSwwKbqyo33,2PwzESW37GYivTP02IVOVB
 Supplier#000024369        | Lxvm8NekMah,OSsj1FQ4dGTIB4KoZrfRGhs
 Supplier#000024459        | XZnjBz6e,ETwmgpm,f8laf0v
 Supplier#000024540        | B0lXPv eMeBw
 Supplier#000024608        | W3ITqxGt1xh bp7WPsHA,Wc6X
 Supplier#000024613        | g7L9SjAYUxRycrXi8gW9KXF8
 Supplier#000024628        | L38fbI2ddMNl
 Supplier#000024747        | uO9o4ZgERyHa eXNtLWkPppPokm8WCwEo
 Supplier#000024791        | s4k SM3pixSUFN pvYwRNaZO9jx,aK4y0
 Supplier#000024820        | rzvhP6HcQt lenYfoZQtM1bg9zV
 Supplier#000024870        | euj cJ1xQh1Q6PX5jcInpO TsUuL8dpyZOR6
 Supplier#000024880        | WAK6Id2fX5xE7gdIIz84j6OqzYHUwiz
 Supplier#000024958        | CuyvN4TjnTufA MHM0LYVhRr
 Supplier#000024965        | KMRlwpEWzbFTL49WHH12xS42ccdbcQ9PO
 Supplier#000024980        | Uywew AE42Be35jIYEijql7a8,D2co
 Supplier#000025013        | YNlKCq,R41L335zW
 Supplier#000025020        | SpRlm4A,147,pvCHh9xDm61bopBAdQ7p
 Supplier#000025039        | bKieei8uqb63fuk40N1gJPFM3vwT DyUnOIpF49e
 Supplier#000025077        | ctpQGEdYKjdK7Pms
 Supplier#000025205        | nkyjScigpGKvl3Qcp02,2pkQC
 Supplier#000025265        | F4r3ySLwVLhpXMl
 Supplier#000025286        | XY1T,knLcjiETLVWC
 Supplier#000025303        | GKz 65cTBFb9GI7
 Supplier#000025357        | huhbcKkvp 
 Supplier#000025363        | MxqazIfoX3
 Supplier#000025375        | gTung2g4J6I7cuGkgV05b
 Supplier#000025464        | djS8n6CiNod8nQZybGcKgGwvEA8YYh7em1AWo
 Supplier#000025482        | yxrtVns2C6iBzNQJDnyKhB5IFob1pBNjf4P0njg5
 Supplier#000025515        | yDZY1tU3bWN  HloHOTGoE9fjvZcJKwtHhe
 Supplier#000025521        | BsqmVhL8WjXAUSeNaoQUx0
 Supplier#000025522        | W6aVTqxvPLIjY1Ekv0b1,TqIM5bFLe2
 Supplier#000025569        | 4698uEWjcHnzi6lIh0NB
 Supplier#000025711        | OnOmPURGcgGgqhOOJd7xqgUBI8R261xFf
 Supplier#000025720        | qdxrkaa4J6Ai56GG7hnaSWMg CKtENof
 Supplier#000025755        | CsQ7xr6G ga
 Supplier#000025766        | EAbQ,mJ7RBwsoBeaNy
 Supplier#000025799        | ToOkoK883,pEGde6Z
 Supplier#000025836        | IhH6TWHqlAg3anrBjqguDncHCxnf 6,x ,
 Supplier#000025887        | 6cF8lJzc,kOHRVvZ,FNo3
 Supplier#000025920        | Dog9UkyNIIHcgNjOoLWMfs,v3JCbd6uFEBKm
 Supplier#000025961        | U2uRHas6ckVD8KQj2J5IvxqXT82dp
 Supplier#000025995        | siZLW5GpQU6uYDRtBEBZP6MRnl
 Supplier#000026019        | ssfIz13PNY6S32GmqR3F6nY5pRoVPGewfh
 Supplier#000026047        | dyYXs2Xv3dq5aThWcewNZVwM
 Supplier#000026094        | lk6mg2Q2lr,kOpOzib
 Supplier#000026095        | xBigyNzY4 cBZ1j4YstH3V uFHY6J3
 Supplier#000026098        | xE7visTzhFchSAEmT1lmW3NwHG
 Supplier#000026148        | 6e3op7SBQVH4iLjKw9qHtJNS6uc3FAg
 Supplier#000026184        | i73IEWmFcQO9E7gSda87yJ
 Supplier#000026223        | auMTsM8z71z
 Supplier#000026423        | I7Ip8n80omDVhaU3dTBVu0DM
 Supplier#000026464        | ejY1QKC,8lqcoWHJoxetIgxxgJPAAiTZQKdKUe9
 Supplier#000026521        | qyrUF JCJfC9M2sIjfUq0
 Supplier#000026526        | O UKcXzHTR bfZypv 46pCIaqD82hOYy 7Z1V
 Supplier#000026575        | ORZ3QEPCKDibL2N24wULga2jco2esqAvgFDnVhhM
 Supplier#000026889        | iulMIhw0ZRRYoRl8
 Supplier#000026890        | kp1tEExrp4qorbNcPz3nkCsNCx3nTL6LrJwwSMU1
 Supplier#000026902        | Vb vPshLnddDM5pOqMGWWVM
 Supplier#000026928        | Tfmx20Ywp3GeMsxy,24a4bTIHUvwV3aOiHUaV
 Supplier#000027076        | nGfOaTS1qnR,RxPoBSMCXRY,o 
 Supplier#000027173        | uT1JnmTgLTg7VwaJ92Y73s
 Supplier#000027220        | 9szLLewNFuaTEPRZOnxYqmeP6e
 Supplier#000027248        | 8pLQssTiSDChy,g2QV1tblU,yd0BDUT8,
 Supplier#000027265        | 2DYyNk6pAW9A8yoeaeWG3Rq3dkAAZX
 Supplier#000027349        | OUfX2P2hPrtrTCVEh
 Supplier#000027465        | sE1x7c4CSM2bVO2
 Supplier#000027519        | MxlaY35mrA1t43LAdt6RgroxpxPoldSq3EGLS1
 Supplier#000027577        | VpJl2Rfjdneq UA,sw8MU5r2M3t
 Supplier#000027581        | UsYvT3FG2hwpImnPb0Hcr
 Supplier#000027658        | BNdUF FukncYS03UpxBq1WkeVuPjo
 Supplier#000027663        | bD6s8rGrgc0i kKvo
 Supplier#000027695        | XHGp3X0yzd5AyUICrPCxtwY
 Supplier#000027748        | Q1mLN8FUDQD5AY7qoBmX
 Supplier#000027767        | t2J2j9J28K nw2ER,a2hgq0mh20H5FhwWAWl7mIA
 Supplier#000027769        | QQwtwjIkrBPw0rh9oCzbBPLUQ9f14kmFIwGodaS
 Supplier#000027831        | eDFb6CVzCxspO8swZrMb3nREzHqt
 Supplier#000027898        | L03OUyLUrcX6RsOxpl5srvuRX0A
 Supplier#000028009        | JDIfdCsspphOpYD66A2lyUxrofW7
 Supplier#000028072        | f51VZBw3NQd6 SGljmDc73FTSkfkF,wc1E
 Supplier#000028158        | 9bi7v1AFQM cu04S6OUnh3dsbfRg
 Supplier#000028233        | VAWbh0,rekd,Wmrtwfz 4 gYy n
 Supplier#000028236        | oQx6Fq15vovZLv9MbARP0qPu
 Supplier#000028259        | SAEG2rdhSkFho8ZuA2vacTUvt
 Supplier#000028361        | pxBEf3993R7r lOj
 Supplier#000028436        | FJfmzPs XBjD98HxENog8PLsu3s7
 Supplier#000028522        | k5RrH4vHn4OldzF5om446ebgiPGwNlOaeA
 Supplier#000028624        | tDvj,gmTnotNpeCRFfmSaUWHNPlu RmSM
 Supplier#000028629        | u6ArlEl2HYgY0qSQviMg6OwL,
 Supplier#000028706        | 6VuEZASCO,alPFdRdukCZE2bMoVqBaM3kAKcnDR
 Supplier#000028719        | 9C1DoIrc,RXOZpdMESYxg5TxZsBDeNxz38xuH
 Supplier#000028738        | WSFXx0B0v3SdUk4ODyYaZT3jC
 Supplier#000028753        | oTBWWiuuvyscxWSdU6aKoyno7uo2dgfc
 Supplier#000028760        | BENUrOH5 AReRkDmmO
 Supplier#000028769        | JZC2zDB6h6Xr7tQDgSbM,pJsyMNDuAtGFFg
 Supplier#000028869        | PRmGd9Cg,PVlmzgIdf0Ou6lr3ILh2ZqQ
 Supplier#000028877        | T,TAH1wbriP51Ev0lqtch9,H,tboVZ9C
 Supplier#000028879        | Rty6EDt85PWqrMKGqVn
 Supplier#000028916        | fk3 gxaOyG9RdF,OP4qC
 Supplier#000028987        | bX8mLj9K56u
 Supplier#000028991        | caDaqI7aTs4KEEv51
 Supplier#000029110        | ,ugimxpQBkNcXg
 Supplier#000029169        | UcPjV41AMERjUKqvY8Onr
 Supplier#000029174        | q5rhgXcCvfLUNKRZlpw1AcmvyI8Z
 Supplier#000029268        | sABxG4NLr5i0E
 Supplier#000029278        | Q0UApdc5vIE05cYW5ESJxyf8mV
 Supplier#000029325        | 7ObBQDqo Z9TQ74E8DlCpkPu
 Supplier#000029365        | UB9,bJk0PP6A015me9,bI8kfO
 Supplier#000029430        | 88dfTYsg0x
 Supplier#000029462        | KSHG,HjukIwx3zrr
 Supplier#000029563        |  co9GSj8MGIzkYNGzGx5gUyQfEN uRamH
 Supplier#000029583        | 2iR6FkuToHFFtmVIHF8x
 Supplier#000029627        | 7ASLwchMj1IAmKJJA4llcT9Dg8R0Vw6K
 Supplier#000029664        | ZfJz,Txz6ZfQksGZbCyr,WRwuIo1W61pVDQ
 Supplier#000029815        | 2gI,,VUa4OPjHbcpi5xiD2tO
 Supplier#000029891        | bsBgNeIIuAQYVP gJ,D52P8Rgblk4UvI3SsOv
 Supplier#000029899        | XOQKtjbpsZ6 zniK2oXCjjQdw5urDg eP5
 Supplier#000029909        | N3lrXRPhSHmB9FDyGOZkaiEQUtOuHRBMpdrozGGs
 Supplier#000029923        | 9njXDT9v0PyTpQG
 Supplier#000029959        | yYwGb5YVsgwaXYqydD20woSdNfv2bn5
 Supplier#000030007        | D,VMiC4pWOI17QM3Ld8No74jbw3GtWd,zlIl5D
 Supplier#000030054        | U6wXGjRJjt7IM
 Supplier#000030225        | XnOWlhShLbbB6zObUhp7h0UE,FKPTh0wdzxfubJA
 Supplier#000030259        | ObJxhKuqCJ, X
 Supplier#000030261        | jXirgGXkbLLv8FJof7tVYokoO,tyiSeRIpA
 Supplier#000030299        | vlmu5x4wW AZ0z5DJKlJaBXDgDC41MEq1 gGz
 Supplier#000030345        | IwEQp9W9Dnny66NcBBuwFoQE4z0q267I
 Supplier#000030353        | ros37lydip4BJwYmvdHtJ
 Supplier#000030354        | Eq sGxndvrdgp
 Supplier#000030398        | JmXzVAWKZPEn4ta9yqBnjjT1EtOiDHXs5y
 Supplier#000030442        | Rz SpoDYxgglP,6w P7xagsZcr9lIx1gqc7
 Supplier#000030548        | fXDHkkJwOmoJumMi,xu6FmIKW zmKI
 Supplier#000030591        | mZKElfEpQ6 En
 Supplier#000030607        | B2Hph ErXLLaY0eIsg,sBAwTCHHKQ
 Supplier#000030628        | nI9aj2nAWegB,f11Oj6fjCTT1S
 Supplier#000030683        | mwfQYFEPVDgABoKnCYWAzjFMAymNskoxUFjHa
 Supplier#000030721        | W52XqWXv9byYQAGzZJYu lFWAaD1Gmk5nTXvYMQP
 Supplier#000030730        | VQHzh4OZkRBbjS,UC
 Supplier#000030837        | 4hXcznRzBrm7ngGSS8BleN1 iktEgO4lgSoRU7x
 Supplier#000030872        | 2pxIgdWNryhmoqMsHZK6CS5Ux0AdPn 
 Supplier#000030914        | s,2BJnJwr94FHJnQIoh
 Supplier#000031026        | QjzAbMnFrN2E6kZu5,rhtBMjcD
 Supplier#000031084        | mT6z2mrPzhQbQsl1POi6WTs QgQAuSiG2x2y2
 Supplier#000031163        | 6WlmU1nhnqqVMflQBtXyHHZ2PjZ8vVZwt
 Supplier#000031188        | FNOil,rVuZ,R84D,AsNmRJUNpy
 Supplier#000031281        | 6uLwd5iIolD7ArbyIOLSxCSrN
 Supplier#000031312        | SKzgpK1FrbOMGUbdtwnpnJhcHpM 2clJy6TBXO8
 Supplier#000031316        | N7ZEc9NGTxqoUMH7EQjzqNYGJlB,JrqaE,hagDi
 Supplier#000031363        | 8efnFcC3uXMQA6
 Supplier#000031475        | vRYu0B4I44VodoKg57 ZwBM,XmnQVf
 Supplier#000031584        | foRxRJSlfO OoT1cL8VZ5tBglnPsyVPTUYHET
 Supplier#000031672        | NPyH6CYeIr1,hP3
 Supplier#000031676        | PgS899nuDRZAcY
 Supplier#000031717        | jvMpAJXejj2QCVv6rkMrlVlFPz98wraT,W
 Supplier#000031733        | R qoKxWZFPAXXO3Mp4a0Uf
 Supplier#000031765        | 3utyXrrWDYDaue7BmPjECBopjhL1cK
 Supplier#000031767        | 9,EjEDy1SDV6GQ9fVwbJihqKh
 Supplier#000031814        | Og92eAqoelvfDIOH
 Supplier#000031872        | mIkeg67cwxORnccwtOc5 24uAx5XRUe
 Supplier#000031905        | MbClJDc2AIBR0 oYwYrp
 Supplier#000031908        | dzFTVsw2JRJ2ikP4B7eVBosH
 Supplier#000032195        | 0kW3fj Ycgxn5XWNiyAvZ5Mg
 Supplier#000032222        | cyUxzV20crQ1VvH,pO,
 Supplier#000032245        | qgXHPG4T36m1hVzvWPbq1UITn1
 Supplier#000032256        | BOla2j1u EhOz7D41EapMMkp
 Supplier#000032300        | PuqYvF eQTB,U5ywjD0Y4
 Supplier#000032316        | iSzirFc98CARpCbN,7RoRfWII65WxSipRxI5wDjk
 Supplier#000032348        | ,dHWBG 9p5GsUwfsUke8lNOhFfX RFMr5
 Supplier#000032358        | Zd26,DfwL96yAzwalrlxUNdX17kG
 Supplier#000032576        | rOstOrq1SVWt1k7nUkdrfTvF8DUBpgrizRP
 Supplier#000032677        | jMbwbT8YNLXaAll3Wpkm1Ttz
 Supplier#000032757        | TRcBojrtVn25D5U321wPX6ZJ3WVdTzh
 Supplier#000032771        | dasJrxhV 0HG93t7DJzB5iBELgXi4
 Supplier#000032867        |  PHqdbNtLud
 Supplier#000032876        | kFB7sAwLUgWOUMKHEM4qIgSasWf2RDasw865cZZz
 Supplier#000032879        | eZA0MvHOOiTwzcz2
 Supplier#000032880        | PBUiQKb,lRycw38Y1UWfhkHYTDFW0
 Supplier#000033179        | Sc VKxuHTXKA1DcXHoUyS406c2
 Supplier#000033224        | lPTUMAmOSoiZHeBOLk4vxtpDDbllR8 aErPVo
 Supplier#000033232        | hui  5a9KQ0iQdKho7zpv9PBk fz8tqKavL2
 Supplier#000033256        | 0AfXjC8XuM,r
 Supplier#000033278        | j2iGmwOld0Dl5pKkpM8 JmGzW
 Supplier#000033343        | bopQPOpqrNf4HNX 
 Supplier#000033428        | bcUHcuOEuxn98PTiDh71YdCBtC7057,
 Supplier#000033437        | b1wuJMbjFbc2O
 Supplier#000033545        | KUA1myfr8Xvu9F8nIyuP5oOH0c7RCQJ7n
 Supplier#000033617        | atMGR,pv8x4LvKXMz6Ws
 Supplier#000033637        | Kc4Tp8UDmif6LcSNSNFQimmlU
 Supplier#000033655        | YtBnyp13SzdfvVc8Rfxjlgb80tPD3zjLAkgMGH
 Supplier#000033661        | gSx6fsBNBWLR9N7W37V3G,kkhslrlMGaoYM
 Supplier#000033789        | 7zj OMED9326Jinq
 Supplier#000033828        | TV3wyCbpAh
 Supplier#000033958        | JI6wpLTc3ZYY8IV1g3e kVvSAA 9
 Supplier#000033962        | Uh2n 2nCntb7gx lxaeo
 Supplier#000033965        | kNCtyjyaWgI7MbxVSqgp dc1CpNVIEei4
 Supplier#000033977        | e aMqR8FdAYASP
 Supplier#000034003        | fG3rjphbyBH41ZoLJPb6m5t4bx yMZjgxI3UM
 Supplier#000034063        | EVCTc8XmVEhD4
 Supplier#000034146        | zFGTyChMijLU
 Supplier#000034253        | CGLSNyL9hhRgBpKSNgfGDrp3QDbzbf
 Supplier#000034309        | Ksczi6qaqosc9zZN6v3,yNItHEmLzKh79K
 Supplier#000034362        | bLhm3is,ffFjotLqnfq
 Supplier#000034540        | w21iQxbSee1xKX
 Supplier#000034557        | u9LatQt5FNDFp1aE,
 Supplier#000034611        | xjuBYdVmw2tFaw,F igo
 Supplier#000034692        | pm1Djd tVNNObFmnS73wbPn
 Supplier#000034715        | oz4bn syosTDUYKXAqGDrXtkxe
 Supplier#000034718        | RyQNcSEfbVhrSWuy9ooWXNHIZXCPejruwtp6
 Supplier#000034723        | 0qHTWhFtlAns3wCtB9DiBHfM
 Supplier#000034724        | YwB1cf5kET4nFoELEbsb8dY
 Supplier#000034737        | yYWUqksoM l
 Supplier#000034741        | 6sSs0,AJysmSQUzMTnLFiwWg5uuoVwxoDM3g3
 Supplier#000034759        | 6sZgM8a1YwcW8WStTH bPo
 Supplier#000034762        | 3UZahMyQ9r
 Supplier#000034775        | ,rN7,jTgem HHNWkpFSZ
 Supplier#000034828        | gAI5oTVf54ddHnZia
 Supplier#000034865        | x3qiCrsgTiAmkBO7
 Supplier#000035020        | qoEYJBI5ZZLg6ezVJleb5lfIyFkAk
 Supplier#000035060        | oU4n18dQ6jug6ZBX2etY3izj4nnmmFCHfbjwm
 Supplier#000035127        | m9ItmdrKVi8jdX,Mpp8sZ5
 Supplier#000035132        | 94lQOeWKJUGcDGz
 Supplier#000035167        | FQGtbPXlzwbWjpxW6n,YyDoda
 Supplier#000035168        | 700NgpdruVVk
 Supplier#000035277        | ex7Ga9Ry313MOO9Frjv4wT1DTocs6oNwPl3JF8hn
 Supplier#000035304        | jI98jeUiI1KbJXtNta4Q3vioogTju
 Supplier#000035369        | Med4sRotJkQLzCPFjEw02Q ,X4qywrh2CGYCU3
 Supplier#000035453        | cjhdhkk4VOpSM3mUH5sV2udt
 Supplier#000035520        | 06f2YWzL9m75DKsEAi6vcGnWHUMb6rJwn,PtU
 Supplier#000035548        | No5DmBtIuTsjPP8 EojBeT9JH,X9 cT
 Supplier#000035634        | grMqvV3FEKPi
 Supplier#000035691        | xpJ5K83Hr8AP cvYpDpv0sP14F5xMUQbkDV,
 Supplier#000035704        | 4F1D7v99bwjCmfew8D
 Supplier#000035898        | qzLvicwu7ichlrEIPhJ81 AaMc keja
 Supplier#000035924        | wzhIQ6g,s4cqnBovPsd3cXob18Kx2mO7
 Supplier#000035940        | 1WpwqHRnSOW3qpi
 Supplier#000035941        | DpdOERE347OGtrVnfmg23vn0jeImn5f,Vb
 Supplier#000035955        | tINXMzVWDjlyaez
 Supplier#000035958        | Lf7T,I2SRDE4 LuOBYgzQskyWRlsD
 Supplier#000035973        | cH6TqSOV 3gM4gk07wk9QwcXBB7
 Supplier#000036017        | nnsOZ mVtSsRV6gPgH899nMv9n9LrRpzE0Nztcw
 Supplier#000036022        | bvR2fhtNNQr6zwHuPFxngvSOaDQILVE
 Supplier#000036077        | ZBPSsroyo70zS
 Supplier#000036102        | k76woS0CAkaffDws7iUBhj
 Supplier#000036105        | RO0A9hVHSmGJQ
 Supplier#000036178        | lrwW2dC 0pXRMeAmcf7cZVLB0rF
 Supplier#000036194        | MxLD6blMvUoJJj6ZBgjCPIBJNak6UHVBmE6o
 Supplier#000036259        | 6ydB80 NGFZc9GhLeGYoSbGzHELRxc
 Supplier#000036351        | vxTut5dwdpuc94EfGDa,9GK,1,5B0boOEj9r
 Supplier#000036387        | XxX5c5ENqID
 Supplier#000036422        | EralYezuB0aHJw
 Supplier#000036425        | se9FTI8Hs3dAvazuVvGok8L97 7lZhxwOr7
 Supplier#000036457        | XRGTPMKC5iG
 Supplier#000036488        | rts6ng6Krty9fIurWeAU,ukOwpNj85uak4
 Supplier#000036527        | W2MTWxbRnTuS9lZ w3iAQjpnDxfzSn
 Supplier#000036533        | Hvpzf8QcXosPfdEkRiQlo MDuc
 Supplier#000036537        | qfQDEG3uQx1gjDwgRhnS3iYf2RfaBHO24dpvf
 Supplier#000036543        | FdfESt,aqJBPsXqQnPPTAgtARfhHBB36xOV
 Supplier#000036595        | 3Kp4Z Qf2RwHVc82
 Supplier#000036631        | WXkfWcwa7R2ranjEe,MCj,sjTO6NxXFLkIbk
 Supplier#000036753        | iLs4KXw8rUNr,o
 Supplier#000036807        | l7aojg098I23
 Supplier#000036815        | nojKO zvabzmN Lpu
 Supplier#000036962        | cD4rX,vlsEPC,hg
 Supplier#000037011        | UBJotKWAS8f,Aa,8SZYRn3Z6fqAwhKyHZ3
 Supplier#000037012        | PhYT21Jc WeX58vOU5g6j69Z
 Supplier#000037084        | O r7XP1qq3p2gEbQ7yNYuCOuxoQZ4xUJK
 Supplier#000037209        | StRLiqRnKqqp
 Supplier#000037221        | x30sksNni5CuX r39963UQ a2A90hCwtgZx
 Supplier#000037318        | EY1xx9ovaEEPWQ1
 Supplier#000037326        | ANvkceAnDqTNI8vq98NEZprUFcVYbfb
 Supplier#000037472        | 7Ze9hRXkVfYyNjuL
 Supplier#000037500        | y8D7iBVmXgDLOAql8zWZkYt68dpcAqaoIpt8zxra
 Supplier#000037603        | PvRZKyHppyHkVFXH cVD9HOWaD2b3wy
 Supplier#000037658        | SEh9v7C6WXZo855C5hu6sbkpRni72No
 Supplier#000037684        | 1M6KSFHMpOLK5aR4iZFjw
 Supplier#000037686        | jwRVqxhq,kAlFcoBi
 Supplier#000037731        | EF5qaK3Y590WtAVBJJk5N4cW6oMU
 Supplier#000037934        | uMZ4zY1L0M8oe5
 Supplier#000037937        | 6X37vc8prSrNNzVj5nJdspJK9Moo1klecGRGp
 Supplier#000037964        | ClellWp9DTQ5RY
 Supplier#000037983        | F3NkdlvqAckqnfQ8 ZcmQnY1FWJUrDCngmS1MC
 Supplier#000038024        | fbcaANln3naBlBPIPmM,YkFw
 Supplier#000038249        | bFRVBYSUCEZ2ifJ307cK3Jq2l
 Supplier#000038252        | 2FQRiCmK4, moKQUNc IWL7sYqdZV
 Supplier#000038262        | XVBGmOdZUlJQn1G0orrQ
 Supplier#000038285        | iB1kqnLDK0XyKStzPZBpA4oWbry
 Supplier#000038311        | IpzaJygLmlfU3raf Er8REB0lq8OBhG4zYzoWs5
 Supplier#000038327        | DSRQPvi9sGJwkbH4 pSgLQbq4HicrTi
 Supplier#000038394        | LyhFifeW rrVlXYX0vuMuGHy
 Supplier#000038503        | 9ztrG,yPHT8Xcr2gnYyQ0iywKbs 
 Supplier#000038572        | ct0AfZmKq,BNTa7 
 Supplier#000038726        | l7loxGpPgXzz1M a1
 Supplier#000038767        | u,Wr szlC AiadmPs
 Supplier#000038810        | 31oQvRTUQUZsXPV
 Supplier#000038830        | 56BiKuA3iXnuyGEWTfFD
 Supplier#000038891        | D1m SNq2kEDe47dZ
 Supplier#000039051        | w 25aTwYAMAP3YCWGxRj5Qh8k3q82a7
 Supplier#000039058        | ICOQNs,Z6gxH18q7YdQMVoDzeCZ
 Supplier#000039059        | Kqk,yQIQayOTiwc
 Supplier#000039117        | XHFwQLCXIldkCal3aEqmx4cJJGiQzz sS,mxqFUt
 Supplier#000039145        | qTEbTwwpzXs
 Supplier#000039184        | Nr 7EyTVL26G
 Supplier#000039212        | Hm30pwESLseaNAA3EmnAcsPVn61lxnkTemMQF
 Supplier#000039377        | 9XXO JCk874E6vqb969ugyhHBywRLPoBmV8kP
 Supplier#000039392        | JJeJUaAeuraqZ6vDP5KwXLWxJrQIlhKA
 Supplier#000039439        | ncT l,kPw7wTLdWH
 Supplier#000039479        | cOHn2TlPQt3vr4wlbQdGS9K7Yk14LV
 Supplier#000039576        | 8dkCa3,ZFqgwt2egzZhD6eq1
 Supplier#000039676        | YZBbX3VrFcdY 6sin3j3sWko0zO2wPshH0bnzl
 Supplier#000039686        | iOiwLcsoELxLfh3xIb1BP,sF0LJS cL
 Supplier#000039737        | NeSzj0e7YJKWFNNglFDoH8K4uel
 Supplier#000039774        | oS7H0sVq536iBu4zGnn,KKFbimZp6ROG0fcTOG
 Supplier#000039934        | Y,qVP8ie8qcATuACTFshhFR108jjUB5z0Wh
(744 rows)

