 ps_partkey |    value    
------------+-------------
     116376 | 21905106.01
     762451 | 18810404.53
      19629 | 18080343.90
     416363 | 17645561.29
     766597 | 16760810.73
     102171 | 16694591.94
     681613 | 16688278.29
     129336 | 16554893.21
     340190 | 15998576.73
     326682 | 15910917.87
      74167 | 15900996.08
     723991 | 15736402.18
     411885 | 15712925.41
     720143 | 15644468.52
     762195 | 15596934.16
     275369 | 15578479.00
     471046 | 15521211.67
     104335 | 15517213.34
      33518 | 15451912.06
     485642 | 15355245.72
     587033 | 15355096.15
     552815 | 15331532.62
      93328 | 15234904.28
     727912 | 15186230.62
     178121 | 15160046.25
     111508 | 15140105.50
     571873 | 15094515.26
     320174 | 15090825.42
     271658 | 15072154.14
     666274 | 15067826.53
     783509 | 15039251.21
     531353 | 15002272.71
     725807 | 14953346.42
     250591 | 14932762.70
     491635 | 14887369.14
     612867 | 14877968.30
     302372 | 14845405.72
     139339 | 14794444.32
      18137 | 14778799.76
     799844 | 14710321.05
      47516 | 14649511.73
     742188 | 14626753.98
      51947 | 14599384.75
     122165 | 14536934.90
     420058 | 14517939.64
     151939 | 14436165.25
     594167 | 14427334.14
     181715 | 14427170.26
     489489 | 14350198.56
     230782 | 14339162.76
     290161 | 14337263.42
      40379 | 14288073.38
      97487 | 14210661.92
      76965 | 14204302.53
     657637 | 14156740.23
     727578 | 14134861.22
     421639 | 14129896.81
     779019 | 14124714.89
     407648 | 14116109.00
     516855 | 14084606.36
     645468 | 14041782.39
     767165 | 13990985.87
     509618 | 13943107.20
     465806 | 13927174.56
     302769 | 13816715.41
     526452 | 13812502.91
     758864 | 13773469.48
     256579 | 13729960.68
     306052 | 13724576.60
     229927 | 13723645.38
     751853 | 13712738.82
     451873 | 13659725.55
     698095 | 13645573.79
     620414 | 13628980.25
     321915 | 13619575.44
     222898 | 13615383.28
     745146 | 13610280.44
     297032 | 13605120.72
     565642 | 13604519.10
     239752 | 13579600.58
     509825 | 13579420.29
     242255 | 13555250.26
     474982 | 13512642.87
     120537 | 13463646.20
      14302 | 13445939.19
      66805 | 13432669.69
     130912 | 13431611.60
     681336 | 13424278.20
     296267 | 13402966.55
     565889 | 13364122.26
     276844 | 13353768.11
     268464 | 13344566.00
     499861 | 13338905.46
     538336 | 13334400.70
      95571 | 13324562.65
      96770 | 13292376.52
     197868 | 13254155.78
     458362 | 13239180.40
     390361 | 13196419.28
     110909 | 13163722.05
     651485 | 13132104.42
     568981 | 13130527.55
     356867 | 13095106.86
     574465 | 13076029.42
     687218 | 13064741.44
     665741 | 13058740.24
     525612 | 13050371.30
     785867 | 13023039.30
     699578 | 13014150.90
     161160 | 12995723.90
     756059 | 12970008.55
     744284 | 12963162.78
     450740 | 12957110.01
     357408 | 12945978.63
     231350 | 12939526.84
     488732 | 12919821.46
     624809 | 12919803.78
     794984 | 12913345.76
     796775 | 12893974.80
     286038 | 12886068.12
     219025 | 12885181.41
     130490 | 12864424.28
     316376 | 12847124.29
     606755 | 12838208.38
     634456 | 12835239.55
     351880 | 12830793.83
     723718 | 12824545.42
      88054 | 12819224.48
     116339 | 12817607.87
     568726 | 12799229.64
     589227 | 12799119.78
     139777 | 12787540.47
     648389 | 12786221.44
     472122 | 12781690.78
     224292 | 12776597.09
     480780 | 12749374.55
     771998 | 12746327.28
     684508 | 12741082.48
     232863 | 12730385.99
     425622 | 12712233.54
     531297 | 12708798.24
     440471 | 12706349.96
     374430 | 12699166.96
     704909 | 12698253.69
     722428 | 12669954.28
     414078 | 12667159.10
     406606 | 12653307.45
     327227 | 12648889.90
     644936 | 12641418.14
     567720 | 12633191.39
     621865 | 12611780.09
     653821 | 12585669.81
      15329 | 12583130.71
     483062 | 12573287.57
     718372 | 12570769.19
     671629 | 12570190.71
      65682 | 12554082.76
     695384 | 12554019.99
     657934 | 12552036.37
     589038 | 12539686.64
     188324 | 12538810.12
     546975 | 12533513.46
     690328 | 12531896.07
     568507 | 12523909.58
     477520 | 12515861.12
       6656 | 12511100.50
     547619 | 12488249.16
     227486 | 12485103.15
     437112 | 12480591.78
     689021 | 12438160.38
     685301 | 12424162.20
     267510 | 12422853.14
     170423 | 12400705.51
      69627 | 12398698.86
     338786 | 12396992.97
     195644 | 12388584.99
     171912 | 12374130.43
     452883 | 12363302.21
     250792 | 12352697.44
     760187 | 12349011.89
       1213 | 12329708.10
      25807 | 12323688.08
      59440 | 12317283.61
     324154 | 12292118.68
     681847 | 12287299.59
     799717 | 12267840.22
     452835 | 12257108.24
     367600 | 12232312.18
      61904 | 12230304.48
     325654 | 12220821.73
     108622 | 12214811.79
     604121 | 12212875.84
     716755 | 12206712.61
      41061 | 12204211.27
      36656 | 12202293.99
     410674 | 12194419.24
     177876 | 12163097.86
     628780 | 12148236.18
     570383 | 12140605.83
       5318 | 12139759.17
     548246 | 12129967.57
     238663 | 12129594.96
     266585 | 12128645.04
     468317 | 12123825.16
     606047 | 12114600.34
     390070 | 12104500.52
     275228 | 12102291.52
     685886 | 12080770.35
     347585 | 12073676.84
     318827 | 12073628.68
     701400 | 12056456.30
     489849 | 12055792.44
     671719 | 12040872.49
     650584 | 12039268.50
     242356 | 12029386.88
     701302 | 12025323.82
     689308 | 12024001.86
     506657 | 12021270.86
     739137 | 12012889.08
     533462 | 12006974.27
     589826 | 12001795.60
     117180 | 11997665.35
     162890 | 11980554.73
     467093 | 11974655.54
     565715 | 11962729.44
     617039 | 11962155.84
     377413 | 11958307.59
     463025 | 11952065.04
     504972 | 11950300.87
     389034 | 11949358.82
     356883 | 11947342.34
     459502 | 11927235.90
     770369 | 11923633.32
     759752 | 11913211.32
     511611 | 11905321.68
     599846 | 11888557.85
     203645 | 11886310.62
     552670 | 11879442.93
     148183 | 11877781.68
      48964 | 11870627.20
     324193 | 11866791.01
     169335 | 11855230.32
     497191 | 11848292.76
     145508 | 11844711.45
     189328 | 11837694.85
     781886 | 11816375.16
      57498 | 11785041.19
     210913 | 11782007.04
     486668 | 11761049.04
     698759 | 11752382.08
     115937 | 11750793.23
     168670 | 11739177.85
     203255 | 11734411.37
     215633 | 11732652.06
     492873 | 11727297.48
     581623 | 11722243.42
     648729 | 11721885.56
     766361 | 11710057.80
     491752 | 11707258.61
     259205 | 11706372.20
     165382 | 11680527.08
      37620 | 11678255.16
     786572 | 11677005.97
     536970 | 11661907.35
     397591 | 11654144.15
     446097 | 11653470.64
      36015 | 11651930.28
     795348 | 11650293.06
     560371 | 11643854.16
     545442 | 11636985.09
     296662 | 11628884.74
     325303 | 11622856.95
        823 | 11621735.65
     679844 | 11609270.91
      19560 | 11584946.79
     565648 | 11581489.18
     251582 | 11577521.19
     129109 | 11571109.35
     452843 | 11563657.37
     398801 | 11552192.18
     104164 | 11549711.70
     519878 | 11546962.36
     347500 | 11537091.51
     345918 | 11532933.56
     603265 | 11531734.46
     581444 | 11491758.55
     539784 | 11482641.78
     413328 | 11472943.65
     605382 | 11463850.28
      78664 | 11458135.92
     677099 | 11454293.24
     631235 | 11451387.17
     695903 | 11442680.94
     394005 | 11442481.17
     208753 | 11440832.62
     215603 | 11439747.79
     768629 | 11435116.74
     461766 | 11430940.08
     746559 | 11409447.91
     237909 | 11393441.08
     263632 | 11385667.66
      19343 | 11382935.50
     234533 | 11377158.54
     751594 | 11365214.73
     419186 | 11361944.82
     443588 | 11361791.83
     304486 | 11351829.16
     440845 | 11332973.61
     709055 | 11318761.81
     130423 | 11317003.92
      99341 | 11304753.13
     400824 | 11303205.41
     359552 | 11301614.66
     670746 | 11296786.80
     785139 | 11273239.82
     201451 | 11270173.79
     678373 | 11266238.44
     409814 | 11262604.18
     600771 | 11256963.42
     475224 | 11247610.91
     484418 | 11245862.52
     678328 | 11243736.63
     717003 | 11232964.39
     750806 | 11232399.76
      97380 | 11226458.76
     609894 | 11221192.84
     213818 | 11217836.88
     345782 | 11212557.52
     605841 | 11211202.14
     747773 | 11204149.35
     559758 | 11196303.72
     162909 | 11193364.97
     532705 | 11177442.68
     123047 | 11161957.90
      35937 | 11151719.83
     167496 | 11151220.55
     588001 | 11148546.16
     229553 | 11137954.84
     414441 | 11137180.33
     480617 | 11126524.40
     630762 | 11124474.85
     761496 | 11120479.20
      76622 | 11118215.20
      96202 | 11117984.90
     174594 | 11113161.09
     189676 | 11107283.36
     459019 | 11094969.72
     116755 | 11083403.83
     728046 | 11076619.74
     398156 | 11075957.20
     395629 | 11066696.24
     372898 | 11054866.14
      87425 | 11042352.75
     378909 | 11041918.64
     650621 | 11032173.14
     315575 | 11030464.07
     205628 | 11029625.98
     117995 | 11020503.86
     781413 | 11019830.45
     120365 | 11018705.84
     611406 | 11014100.76
     547294 | 11008753.55
     647949 | 10990910.07
     482356 | 10986660.92
     647895 | 10983887.42
     679547 | 10980722.12
     190198 | 10972535.82
     145383 | 10963789.21
     518801 | 10961002.00
     776540 | 10958787.69
     120775 | 10957819.93
     766146 | 10956666.20
     704442 | 10954967.68
     102985 | 10954502.28
     310472 | 10951809.02
      47600 | 10950490.00
     770629 | 10949186.34
     651073 | 10942327.45
     164008 | 10940459.56
      20115 | 10938798.67
     293245 | 10934041.75
     370979 | 10928691.45
     604715 | 10907419.32
     173821 | 10905365.48
      80261 | 10903969.72
     465697 | 10896423.76
     521723 | 10895056.63
     747105 | 10888080.00
     324923 | 10878365.12
     482678 | 10877567.52
     421092 | 10873498.20
     624439 | 10873049.85
     229018 | 10872974.88
     198129 | 10867863.61
     219822 | 10866521.76
     106159 | 10864478.45
     182540 | 10864415.03
     721160 | 10864374.38
     511849 | 10862428.79
     146387 | 10861245.54
     673789 | 10853731.04
       7531 | 10839827.32
     321829 | 10830191.96
     405828 | 10829719.24
      60483 | 10824614.46
     490151 | 10822383.76
     525822 | 10816974.60
     682281 | 10797832.92
     289346 | 10791810.85
     150155 | 10780529.59
     463189 | 10778489.23
     551442 | 10774090.10
     432252 | 10767963.60
     241300 | 10763989.96
     439343 | 10754037.10
      52141 | 10750195.08
     105327 | 10745136.98
     198857 | 10742418.58
      29726 | 10737883.91
     200499 | 10735798.11
     282545 | 10734517.36
     316962 | 10731264.99
     466514 | 10726973.55
      93028 | 10722430.25
      56497 | 10715911.02
     241158 | 10704578.39
     559254 | 10698798.68
     251090 | 10696797.42
     715358 | 10694125.44
     665271 | 10690458.89
     718216 | 10672781.16
     611196 | 10650552.56
     242423 | 10648547.08
     230088 | 10643371.12
     312838 | 10640948.34
     220388 | 10635815.00
     690348 | 10635160.68
     415359 | 10627850.93
     665436 | 10626661.25
      88133 | 10625300.66
     621994 | 10623543.56
     201518 | 10614864.00
     386008 | 10613771.16
     244488 | 10612544.21
     544598 | 10609588.96
     765584 | 10603371.76
     209024 | 10601570.95
     179324 | 10595899.69
     312859 | 10595659.22
     449008 | 10592687.64
     211989 | 10588653.45
       6119 | 10582920.62
     364488 | 10582519.23
     542888 | 10566827.36
     501270 | 10564851.82
     283503 | 10560440.88
     290803 | 10553412.16
     457620 | 10547582.32
     744098 | 10546685.69
     227615 | 10541224.29
      90263 | 10539100.59
     344252 | 10538786.08
     346436 | 10528136.90
     260405 | 10513930.84
     107875 | 10501327.38
     640658 | 10496886.59
     663773 | 10495259.76
     223823 | 10493969.23
     582628 | 10481633.08
     489137 | 10472160.64
     772214 | 10468229.60
     739016 | 10460373.95
     661304 | 10460038.95
     119409 | 10445476.51
     670174 | 10444987.16
     468488 | 10438491.36
     338122 | 10429256.42
     417480 | 10428665.83
     188165 | 10425907.28
     691685 | 10425757.38
     194662 | 10413486.06
     305164 | 10407092.90
     688330 | 10405984.58
     610623 | 10398726.53
     200601 | 10393327.86
     250629 | 10389031.28
     797620 | 10386535.73
     622983 | 10380521.22
     220648 | 10379263.85
     698650 | 10376279.74
     424737 | 10359563.94
     625273 | 10352652.20
     753056 | 10351143.83
     385559 | 10349732.25
     799544 | 10349371.54
     232544 | 10345229.68
     670656 | 10341849.04
     140794 | 10339983.19
     379870 | 10339863.18
     304255 | 10338549.48
     490449 | 10317804.53
     227208 | 10312690.73
     351673 | 10310114.74
       7817 | 10296159.51
     469827 | 10294395.26
     461488 | 10292555.77
     141721 | 10288632.86
     648133 | 10287024.09
     188096 | 10281662.58
     150088 | 10278915.53
      84757 | 10278183.10
      67599 | 10267110.49
     107596 | 10266331.37
      17601 | 10265018.94
     148966 | 10263938.91
     793524 | 10261212.86
      15151 | 10259615.25
     501160 | 10255774.18
     276525 | 10252470.72
     664439 | 10242727.08
     635873 | 10241200.89
     375908 | 10240780.26
     465353 | 10237647.00
     121381 | 10236038.37
     352882 | 10234893.73
     546069 | 10234146.24
      90429 | 10232214.80
     584800 | 10231869.38
     209904 | 10226320.41
     218371 | 10223105.19
     161052 | 10222254.83
     231505 | 10220967.95
     579294 | 10218010.95
     331864 | 10215950.82
     272350 | 10213464.06
     215981 | 10212914.43
     691353 | 10211581.20
     439206 | 10206231.71
     233443 | 10201994.53
     453899 | 10189738.71
      38233 | 10183344.02
     679879 | 10165370.02
     468955 | 10162960.49
     100907 | 10161284.76
       2670 | 10155324.06
     244870 | 10154078.90
     789435 | 10143853.58
      79686 | 10143572.14
     507203 | 10141236.56
     660492 | 10139693.28
     321498 | 10133685.06
     376797 | 10132918.59
     616207 | 10128912.24
       9861 | 10118552.02
     511329 | 10118522.00
     577472 | 10116097.78
     320534 | 10099530.72
     106008 | 10077236.40
     546190 | 10069687.56
     245836 | 10058255.77
     578521 | 10057840.51
     180370 | 10054083.58
     615386 | 10049942.83
     399131 | 10047142.20
     211654 | 10042575.44
     463344 | 10042309.92
     496680 | 10038795.80
      36883 | 10034756.20
     532756 | 10033461.78
     689781 | 10033087.59
     140915 | 10032679.71
     682334 | 10030331.07
     309342 | 10026014.73
     107506 | 10021241.89
     572971 | 10019832.28
     196376 | 10018586.92
     219112 | 10018549.86
      83026 | 10008891.55
     545924 | 10006641.46
     168753 |  9999981.20
      90792 |  9999953.28
     125243 |  9988959.06
      15990 |  9988902.43
     420868 |  9987287.28
     706658 |  9986377.30
     764108 |  9986048.38
     270666 |  9984231.68
     368074 |  9979156.68
     228964 |  9976278.92
     233640 |  9973244.46
     413978 |  9968146.98
     330089 |  9964601.98
     181623 |  9959815.53
     457224 |  9959019.19
     487053 |  9954549.50
      51844 |  9952867.11
     299202 |  9946549.80
      41092 |  9941984.39
     438385 |  9937609.83
     486237 |  9936734.54
      83833 |  9935338.86
     581887 |  9934537.78
     645243 |  9933566.89
     794974 |  9933142.36
     179069 |  9928286.30
     596780 |  9926468.74
     108328 |  9919447.56
     691864 |  9911575.84
     727601 |  9909421.38
      23599 |  9906118.50
     524659 |  9902082.75
     471495 |  9901306.94
     440609 |  9901238.58
     670382 |  9899605.90
     444352 |  9887864.72
     660041 |  9885563.11
     216380 |  9882831.94
      51886 |  9880558.80
     532615 |  9878655.15
      69066 |  9876676.38
      65501 |  9872684.72
     315619 |  9866057.70
     554101 |  9863833.00
     791905 |  9862403.94
     278391 |  9861228.72
     689052 |  9855981.56
     769061 |  9845895.37
     741356 |  9845231.44
     486063 |  9843130.98
       8092 |  9841067.40
     346789 |  9832237.92
     166194 |  9832112.99
     429834 |  9828973.02
     475030 |  9826156.10
     715352 |  9824596.24
     696465 |  9824440.37
     213260 |  9824367.05
     770763 |  9824046.00
     243644 |  9823852.96
     393010 |  9823679.25
      50482 |  9821264.45
     641714 |  9820588.99
      93609 |  9819420.39
     107553 |  9819081.90
     667775 |  9814731.72
     566418 |  9809625.80
     221639 |  9808930.94
     138366 |  9808559.64
     205314 |  9807928.18
     148165 |  9807415.35
     294738 |  9807319.60
     609843 |  9804998.29
     333650 |  9804916.83
     771420 |  9802188.00
     464032 |  9801525.38
     156098 |  9798838.90
     515620 |  9794759.30
     706757 |  9794759.25
     716235 |  9787788.05
     179030 |  9787755.31
     215651 |  9787160.02
     179488 |  9786023.83
     147649 |  9782672.40
      37445 |  9781868.64
     444012 |  9780893.28
      22552 |  9779050.60
     230923 |  9778664.34
     110220 |  9777762.02
      86617 |  9776010.60
     231665 |  9775823.94
     336187 |  9771542.08
      92315 |  9770196.49
     698744 |  9768593.07
     101887 |  9765848.56
     522539 |  9761944.14
     486908 |  9760635.56
     645582 |  9758127.84
     465213 |  9757063.76
     246610 |  9756982.85
      27451 |  9756358.50
     611555 |  9753491.94
      30459 |  9750916.27
     687289 |  9745634.40
     399967 |  9744476.50
     551040 |  9731699.71
     298614 |  9731428.48
     351199 |  9731104.36
     146371 |  9727659.50
     204051 |  9726936.15
     622873 |  9725164.12
     169834 |  9722696.60
     374758 |  9722446.80
     654063 |  9720573.72
     727975 |  9719105.69
      52542 |  9718106.52
     600708 |  9716553.08
     175473 |  9714407.14
      23582 |  9714309.21
      21719 |  9712822.80
     108326 |  9711427.07
     508963 |  9710109.50
     361250 |  9708013.32
     752795 |  9705579.24
     376864 |  9704195.28
     653597 |  9700826.90
     408946 |  9695251.80
     317069 |  9693050.35
     398878 |  9692321.49
     345657 |  9691736.70
     218132 |  9686488.29
      50674 |  9686023.48
     739325 |  9685300.02
     118133 |  9683536.70
     165469 |  9683164.26
     130991 |  9680686.83
     680810 |  9677987.75
     642268 |  9675527.26
     536920 |  9674323.23
     755220 |  9673723.44
      20495 |  9672566.31
     278238 |  9672507.00
     374527 |  9670406.99
     108385 |  9666747.25
     132605 |  9665789.70
     404629 |  9663766.35
     664246 |  9660067.17
     428995 |  9659585.74
      13453 |  9658347.39
     267093 |  9655680.40
     296515 |  9654000.66
     741299 |  9651181.48
     177797 |  9650115.00
      84248 |  9648911.36
     246504 |  9647485.37
     568749 |  9647065.48
     237095 |  9646994.56
     730423 |  9646164.57
     115315 |  9644320.56
     603089 |  9644001.90
      11280 |  9642570.72
     196871 |  9641092.32
     500906 |  9637586.20
      55916 |  9637471.80
     654072 |  9635769.78
     291204 |  9634788.90
     289814 |  9634439.16
     777892 |  9630507.12
     256113 |  9630218.24
     379542 |  9630115.40
     769000 |  9630061.68
     276472 |  9629947.97
     165642 |  9629358.08
     406377 |  9626131.55
      18233 |  9625828.30
     691899 |  9624761.00
     474854 |  9623259.87
     546597 |  9623091.60
      90542 |  9622130.23
     284073 |  9621650.00
      64252 |  9618535.14
     749236 |  9617360.24
     617427 |  9614308.20
     567369 |  9613294.60
     639208 |  9609484.94
     779341 |  9606236.25
     716883 |  9605362.24
     394189 |  9601180.03
      81510 |  9599126.79
     297887 |  9596600.30
     299874 |  9596344.14
     316098 |  9595082.70
      84792 |  9593873.67
     623252 |  9593342.78
     471647 |  9592673.47
     412783 |  9592137.03
     217423 |  9590947.98
     272855 |  9590945.00
     164162 |  9588401.71
     567062 |  9586298.22
     409403 |  9586083.26
      33265 |  9583965.26
     191522 |  9582620.83
     576869 |  9582489.30
     655750 |  9580267.86
     799707 |  9578688.50
     745235 |  9578181.54
     611290 |  9578103.49
     295312 |  9574806.50
     204488 |  9573364.43
     101170 |  9571381.52
     777031 |  9571262.12
     482482 |  9570178.24
     506498 |  9570063.19
     190374 |  9568603.53
     689346 |  9568122.41
     345235 |  9567359.35
     137132 |  9564573.62
     567060 |  9563027.40
     185657 |  9562481.40
     505694 |  9562340.50
     284302 |  9561068.52
     314119 |  9559572.96
     668911 |  9558420.30
     620643 |  9557917.95
     213433 |  9557798.60
     609814 |  9557630.95
     631185 |  9556340.64
     188495 |  9555639.64
     606914 |  9555359.44
     302531 |  9553274.34
     297290 |  9552210.92
      48353 |  9550769.78
     150140 |  9547606.20
     509927 |  9547440.40
     149720 |  9547019.44
      23948 |  9546071.45
      20426 |  9545062.34
     615190 |  9543944.10
     268954 |  9543703.76
     270603 |  9543500.75
     706359 |  9542262.77
     179924 |  9539516.00
     301587 |  9539242.44
     216082 |  9538381.10
     684301 |  9538094.78
     797186 |  9536356.88
     383253 |  9535682.00
     757368 |  9534858.26
     306554 |  9534321.52
      12683 |  9534161.34
     190017 |  9533636.00
     599732 |  9533261.87
      39435 |  9530949.75
     702505 |  9530644.55
     271431 |  9530523.45
     485314 |  9530395.20
      24175 |  9524856.88
     295627 |  9524681.31
     371424 |  9524315.52
     440349 |  9523622.81
     717650 |  9522635.20
     158864 |  9522514.98
     290405 |  9522270.50
     477104 |  9521943.24
     199169 |  9521013.98
     113045 |  9519412.31
     766766 |  9516507.72
     513793 |  9515851.26
     249407 |  9514343.76
     367036 |  9511924.24
      16383 |  9511722.57
      52974 |  9511668.18
      82255 |  9511444.40
      59947 |  9511060.60
     260915 |  9510506.60
     488881 |  9509416.82
      32473 |  9509340.42
     687714 |  9507188.25
     432857 |  9506817.84
     660685 |  9504713.46
      91060 |  9503304.55
     593443 |  9503210.22
     313636 |  9502712.94
     354948 |  9498878.25
     165330 |  9494843.80
     392921 |  9494568.82
     700529 |  9494503.19
     794392 |  9493414.28
     397513 |  9492901.17
     724792 |  9492176.25
     341234 |  9491364.06
     183512 |  9490978.64
     126264 |  9489710.66
     282795 |  9488071.90
     481052 |  9487854.63
     141463 |  9484069.62
     454075 |  9483866.26
     447213 |  9483205.34
     319832 |  9482972.82
     199939 |  9482233.00
     649765 |  9481354.74
     458191 |  9481090.44
     175231 |  9480567.24
      81643 |  9480415.90
     674643 |  9478823.63
     668466 |  9477325.41
     620853 |  9477268.80
      89163 |  9477261.78
     118050 |  9476684.56
     680463 |  9476213.44
     335572 |  9475752.05
     224877 |  9474598.14
     530151 |  9473379.25
     623265 |  9472629.36
     550130 |  9472163.69
     667553 |  9471344.33
     730674 |  9469050.78
     294565 |  9468973.67
     580161 |  9468391.54
     359013 |  9467799.28
     401745 |  9467194.60
     199544 |  9466737.80
     139269 |  9462647.04
      48065 |  9462422.60
      73069 |  9460150.25
     410602 |  9459823.74
      46803 |  9459081.30
     486255 |  9456842.95
      76623 |  9455849.99
     522112 |  9454499.53
      49439 |  9453052.53
     289681 |  9452212.80
     316237 |  9451374.24
     692898 |  9450418.75
     534807 |  9450128.52
     478321 |  9449085.24
     422411 |  9448668.32
     105924 |  9447861.70
     798651 |  9447450.88
     161455 |  9446631.30
     574651 |  9445986.52
     364235 |  9444577.03
     214756 |  9444384.00
     400586 |  9443816.25
      73122 |  9442383.66
     576336 |  9441689.60
     614072 |  9440548.08
     781027 |  9439578.60
     456790 |  9439563.55
     713565 |  9438630.69
     317803 |  9438342.15
     131630 |  9437479.97
      13518 |  9436757.28
     238665 |  9436626.30
     354991 |  9436155.74
     426204 |  9434726.25
     687879 |  9433333.34
     218866 |  9432841.27
     350140 |  9430468.06
     109927 |  9429434.74
     266826 |  9428915.52
     174167 |  9428622.96
      70198 |  9428310.88
     325519 |  9427333.27
     293644 |  9426489.05
     255978 |  9426432.06
     437046 |  9426205.80
     340754 |  9425466.00
     407239 |  9424605.40
     239544 |  9424234.80
     503022 |  9423859.34
       9052 |  9423178.05
     340361 |  9418272.00
     129410 |  9418234.62
     749524 |  9417392.26
     168332 |  9416386.06
     584309 |  9415276.80
     629873 |  9414732.41
     110926 |  9413133.41
     240142 |  9412179.81
     265063 |  9411072.93
     161174 |  9410608.92
      12913 |  9409136.70
     741781 |  9408116.40
     279254 |  9407509.56
     261070 |  9404725.46
     485412 |  9404545.60
     254441 |  9403167.95
     558613 |  9402579.63
     787601 |  9402431.80
     177404 |  9400317.84
     343789 |  9399718.00
     721252 |  9397464.50
     246209 |  9397282.60
     786761 |  9394924.79
     745918 |  9392974.74
     416908 |  9392671.60
     703269 |  9392488.70
     735555 |  9389019.00
     250148 |  9388612.81
     721556 |  9388411.65
     676290 |  9388328.37
     701113 |  9387206.64
     221370 |  9387206.43
     511006 |  9386915.29
     142681 |  9386400.13
     561396 |  9386150.69
      29434 |  9385525.60
     565533 |  9385205.62
     538638 |  9381573.00
     719544 |  9381553.58
     713164 |  9381449.70
     132168 |  9380827.24
      70776 |  9380653.57
     320899 |  9379825.31
     395652 |  9376680.18
     698336 |  9376433.64
     129267 |  9375930.17
     669934 |  9372922.44
     334732 |  9372626.85
     449477 |  9371099.72
     415612 |  9368429.00
     511426 |  9367842.36
     374545 |  9366943.80
     100265 |  9364620.88
     210268 |  9363294.00
     440492 |  9363179.00
     357604 |  9361436.00
     716119 |  9360889.20
       6240 |  9360353.60
     366799 |  9359996.53
         73 |  9359505.27
     190061 |  9358948.98
     651498 |  9358319.34
     151664 |  9356732.31
     713712 |  9356497.78
     780890 |  9356001.93
     615981 |  9355653.06
      40010 |  9354923.56
     211634 |  9354568.77
     557749 |  9354079.92
      40502 |  9353114.40
     680702 |  9352911.75
     486166 |  9350390.50
     202529 |  9349756.27
     459609 |  9348930.95
     685648 |  9348796.42
     563208 |  9348318.36
     238005 |  9346998.76
     736254 |  9344696.46
     394216 |  9343541.61
     593871 |  9342902.58
     657601 |  9341875.04
      29629 |  9340442.92
     706052 |  9340135.20
     269415 |  9337816.80
     402925 |  9337522.20
     144027 |  9337153.56
      30316 |  9335342.96
     546292 |  9334785.24
     651873 |  9332303.31
     510758 |  9331544.18
     246692 |  9331242.03
     668001 |  9330342.84
     461410 |  9329970.00
     431591 |  9329844.80
     363462 |  9328575.79
     799572 |  9326478.42
     104260 |  9324697.29
     722409 |  9324678.88
     696762 |  9323923.44
      14560 |  9322051.75
     420439 |  9320278.54
     660852 |  9319488.60
     555438 |  9314254.38
     261241 |  9312619.58
     230664 |  9311630.57
     751925 |  9310710.98
     774605 |  9310433.05
     549742 |  9310006.63
     357977 |  9309980.02
     304088 |  9309952.56
     555462 |  9308554.86
     519767 |  9307214.10
     436229 |  9306261.36
     410157 |  9306239.04
     245375 |  9304447.19
     509827 |  9302644.08
     361827 |  9302199.60
     437480 |  9301565.73
     785416 |  9301182.70
     443167 |  9300685.02
      67598 |  9300237.08
     442500 |  9300019.74
      21199 |  9299736.16
     325619 |  9299343.75
     219777 |  9298457.25
       1915 |  9298290.88
     306154 |  9295617.00
     174370 |  9295367.91
     359534 |  9293526.32
     493899 |  9293388.32
     220771 |  9291777.08
     591047 |  9290724.64
     376808 |  9290570.34
     663801 |  9290017.88
     617074 |  9289985.01
     241378 |  9289731.71
     714089 |  9289336.63
     791006 |  9289251.95
     213353 |  9288942.30
     764067 |  9288421.56
     608336 |  9288123.00
      16473 |  9285140.70
     477567 |  9284785.20
     545349 |  9284474.38
     421369 |  9283477.12
     417919 |  9282540.26
     731841 |  9282074.56
      50916 |  9280409.18
     650638 |  9280244.47
      59033 |  9276157.05
     490761 |  9275020.65
     416895 |  9275005.80
     661307 |  9274882.60
     187765 |  9274348.02
     291665 |  9273827.97
     269187 |  9271965.95
     636435 |  9271934.82
     190784 |  9270940.05
     741112 |  9270257.76
     204319 |  9269452.26
     203674 |  9268901.47
     550922 |  9267640.68
     506871 |  9267314.76
     390938 |  9267221.70
      18791 |  9267017.97
     764109 |  9266981.52
     593048 |  9265033.68
     531634 |  9264541.84
     102733 |  9264536.10
     359181 |  9262491.00
     289677 |  9262118.58
     685814 |  9260788.32
     479052 |  9258811.80
     698447 |  9258379.47
     154832 |  9258139.20
      73056 |  9257302.71
     757149 |  9255740.55
     294960 |  9255515.42
      99864 |  9255207.66
     752703 |  9254993.30
     616539 |  9254428.16
     477049 |  9253822.56
     715113 |  9253407.86
        175 |  9253263.36
     373061 |  9252756.93
     615964 |  9251695.92
     314313 |  9249709.92
     161192 |  9248440.80
     396443 |  9247381.20
     416973 |  9247235.17
     313409 |  9247192.29
     724189 |  9246491.80
     475884 |  9246321.07
     314659 |  9245538.36
     795952 |  9243768.03
     386614 |  9242864.00
     671718 |  9242661.28
     128626 |  9242604.15
     347793 |  9241443.77
      11358 |  9241124.05
     331493 |  9240981.60
      77213 |  9240350.40
     676688 |  9240081.96
     527809 |  9239862.28
     325003 |  9237291.25
     720743 |  9235555.52
     752862 |  9234362.25
     765859 |  9234312.72
     326616 |  9233760.20
     519122 |  9233059.50
     646794 |  9232822.54
     235971 |  9232618.30
     448055 |  9232056.00
     150379 |  9230336.36
     294248 |  9228785.65
      94394 |  9228170.26
     151661 |  9227926.90
     440414 |  9227869.11
     263683 |  9227772.75
     438933 |  9226893.60
     672961 |  9226258.29
     284638 |  9225936.00
     796706 |  9224698.38
     715980 |  9224072.00
     367254 |  9223689.44
     684500 |  9223666.95
     688048 |  9220928.64
     465751 |  9220484.83
     291306 |  9218730.95
     640687 |  9218253.60
      26924 |  9218000.00
     592427 |  9214890.22
     472471 |  9214130.88
     561811 |  9212862.24
     779329 |  9212812.20
     436656 |  9212302.31
     708968 |  9212060.44
     446597 |  9211623.85
     441273 |  9211388.92
     385896 |  9210821.52
     624409 |  9210354.12
     556659 |  9210345.20
     156374 |  9210058.68
      46610 |  9209753.00
     270922 |  9207680.32
     132905 |  9207030.60
     248397 |  9206533.18
     147248 |  9205654.95
     488670 |  9205181.76
     618936 |  9204986.16
     233552 |  9203657.32
      82977 |  9203431.90
     554769 |  9201971.42
     275309 |  9201690.54
     788772 |  9201640.41
     112362 |  9201513.56
     330431 |  9198943.52
     125329 |  9198688.50
     306463 |  9198465.88
     339568 |  9197588.40
     224820 |  9197176.90
     212393 |  9195797.50
     359560 |  9194608.86
     637508 |  9193878.92
      23789 |  9192973.50
     615231 |  9192256.83
     760495 |  9192104.50
     773632 |  9191816.89
     277372 |  9191621.54
      47448 |  9190334.16
       4830 |  9189111.25
     536473 |  9186149.38
     270198 |  9184636.32
     773371 |  9184507.37
     675757 |  9184163.71
     733462 |  9184157.45
     573077 |  9183806.58
      64209 |  9183689.50
     417075 |  9183294.61
     675967 |  9182770.74
      55914 |  9182545.54
     206681 |  9182469.76
     799523 |  9179169.00
      54497 |  9179145.43
     720362 |  9178757.33
     335352 |  9178562.46
     776585 |  9178489.60
      13406 |  9178193.57
     555768 |  9178191.66
     294764 |  9177677.79
     284777 |  9177471.24
     540552 |  9176156.88
     385015 |  9175617.90
      59336 |  9175059.34
     412913 |  9174739.37
     345621 |  9174583.99
     562300 |  9174574.96
     214376 |  9174508.72
     451500 |  9174079.50
     161406 |  9173145.52
     289311 |  9172616.18
     711372 |  9170900.12
     265783 |  9170358.75
      94970 |  9170264.04
     708112 |  9170044.68
      59070 |  9170000.64
     359755 |  9169255.99
     791631 |  9169218.75
     446240 |  9168627.56
     733098 |  9168552.79
     132761 |  9167475.30
     357012 |  9167274.01
     370356 |  9165966.30
     201491 |  9165291.40
     753815 |  9163905.10
     634497 |  9162079.87
     119507 |  9161831.25
     432482 |  9161756.49
     517960 |  9161066.88
     773043 |  9159992.52
     155057 |  9158334.22
     243669 |  9158170.70
     747228 |  9156980.12
     381714 |  9155617.59
      99030 |  9154455.66
      69342 |  9153593.16
      56388 |  9153294.42
      82369 |  9153201.75
     719364 |  9152662.40
     375648 |  9152643.60
     749593 |  9152497.20
     781700 |  9152343.78
      43649 |  9152055.85
     582469 |  9151905.97
     301845 |  9151407.12
      33776 |  9150953.38
     193912 |  9150838.29
     799937 |  9149513.22
     561491 |  9148870.80
     607220 |  9148552.96
     450943 |  9147705.64
     715975 |  9147436.76
     227322 |  9147255.92
     736827 |  9146852.10
     657075 |  9146796.74
     594612 |  9146698.20
     406495 |  9146095.76
      56476 |  9144509.44
     259702 |  9144451.14
     692938 |  9144061.34
      83090 |  9143801.31
     569401 |  9143718.76
      39030 |  9142735.78
     614948 |  9142609.35
      74374 |  9142548.30
     725140 |  9141516.98
     227869 |  9141268.50
     298786 |  9139946.76
     299031 |  9135973.20
     296362 |  9131160.74
     645303 |  9130919.86
     464140 |  9130734.61
     535692 |  9130342.89
     361291 |  9130150.38
     535392 |  9129514.00
     439885 |  9126546.00
     682901 |  9126335.26
     441816 |  9126128.97
     763047 |  9125448.75
     578359 |  9125296.20
     358301 |  9124971.52
     332244 |  9123991.61
     261579 |  9123675.54
     553853 |  9123206.20
     222469 |  9122434.73
       9149 |  9121803.90
     315811 |  9121768.46
      56437 |  9121696.00
       8712 |  9121616.36
     585783 |  9121222.32
     292792 |  9119930.29
     304447 |  9119766.32
       9034 |  9117862.50
     699398 |  9116671.68
     618861 |  9116599.14
     784710 |  9115953.06
     687380 |  9114137.70
     624331 |  9113718.12
     166687 |  9113574.36
     794760 |  9109521.96
     719035 |  9107959.08
     541572 |  9107762.88
     325834 |  9106939.46
     187270 |  9106382.08
       8881 |  9105747.66
     538765 |  9105731.84
     147283 |  9105501.15
     743879 |  9105355.72
      29560 |  9105246.15
     175883 |  9104586.47
     417488 |  9104313.96
     302342 |  9102582.58
     248146 |  9101274.00
     571164 |  9100898.84
     411920 |  9100241.12
     546431 |  9100221.02
     224775 |  9098929.24
     702777 |  9098907.99
     362455 |  9097915.16
     618897 |  9097541.28
     135558 |  9097282.28
     151898 |  9096845.81
     486681 |  9095939.22
     571163 |  9094959.55
     143198 |  9094844.20
     301492 |  9094834.24
     521810 |  9093483.21
      25535 |  9091959.57
     538233 |  9091795.90
     348589 |  9091113.57
     217441 |  9088687.44
     667778 |  9087635.92
     176940 |  9086842.84
     219252 |  9086201.81
     360502 |  9085112.80
     534286 |  9084843.60
      54015 |  9084398.94
     633010 |  9083817.57
     465434 |  9083314.95
     208787 |  9082626.30
      93667 |  9082226.01
     699501 |  9081112.28
     268858 |  9079563.46
     798564 |  9078907.23
     127424 |  9076686.54
     430520 |  9076359.41
      66820 |  9076065.92
     503355 |  9075548.23
     389003 |  9074932.35
     409044 |  9074402.10
     616469 |  9074258.66
     405308 |  9073859.06
     102339 |  9073264.63
     105467 |  9072803.44
      38421 |  9072253.47
     241640 |  9071994.10
     432585 |  9071930.18
     473829 |  9071852.30
     379697 |  9071460.96
      34515 |  9071423.14
     434643 |  9071221.78
     227285 |  9070959.03
     558995 |  9070885.34
      62260 |  9070858.00
      13510 |  9070435.00
     247805 |  9069707.89
     641047 |  9068821.06
     507036 |  9068059.78
     783606 |  9067422.56
      81683 |  9067258.47
     740388 |  9066523.95
     601181 |  9065229.59
     724475 |  9065003.38
     311880 |  9064998.80
     467300 |  9064673.28
     207914 |  9064109.11
     525454 |  9064097.70
     595682 |  9063665.00
     683882 |  9063130.37
      74444 |  9062752.40
     380360 |  9062557.17
     742832 |  9062128.12
     201838 |  9061913.75
      65481 |  9061526.28
     594321 |  9061101.12
     697788 |  9060134.40
      70681 |  9059736.54
     263544 |  9059117.83
     477943 |  9055886.93
     501784 |  9055629.44
      11451 |  9054091.13
     420606 |  9053922.62
     790493 |  9051931.90
     520069 |  9051819.00
     346698 |  9051207.10
     661887 |  9050707.35
     196850 |  9050638.50
     145377 |  9050387.04
     170558 |  9050057.10
     694153 |  9049795.30
     167949 |  9049287.60
     417064 |  9047921.92
     126857 |  9047868.48
     229134 |  9047457.81
     557088 |  9046920.96
     761365 |  9046770.32
     216437 |  9046551.75
     257811 |  9044797.58
     181739 |  9044782.92
     223037 |  9044305.76
     621600 |  9044195.44
     173192 |  9043504.80
     141661 |  9042944.85
     462756 |  9041929.72
     587142 |  9041179.40
     345668 |  9037169.12
       9216 |  9035168.45
     461030 |  9031831.68
     736398 |  9030278.40
     201510 |  9030262.55
     142473 |  9029696.80
     560369 |  9029307.04
     666177 |  9028899.72
     736324 |  9028319.45
     298158 |  9024910.83
     265670 |  9024760.98
     708082 |  9023868.87
     648353 |  9023539.77
     176744 |  9022563.77
     535138 |  9022320.32
     603405 |  9022241.60
     750148 |  9021555.41
     696579 |  9021391.80
     278751 |  9021204.90
     313726 |  9020418.13
     339089 |  9019971.88
     489425 |  9019319.63
     535428 |  9018797.25
     670245 |  9017792.46
     671925 |  9017268.36
     729559 |  9017091.80
     743038 |  9016526.98
     206623 |  9016486.07
     118381 |  9015480.32
     269361 |  9014238.40
     551838 |  9014153.04
     515782 |  9013425.15
       2989 |  9013412.04
     601395 |  9013075.20
      51456 |  9012743.46
     560435 |  9012072.30
      55481 |  9011660.80
      58964 |  9010352.31
     243167 |  9010008.00
     202136 |  9009882.48
     115229 |  9007476.60
     161306 |  9007202.82
     592401 |  9006833.06
     615635 |  9006512.84
     125890 |  9006366.60
     360564 |  9003222.15
     213046 |  9002310.46
     799074 |  9001314.39
     367368 |  9000520.55
     505015 |  9000445.74
     246879 |  9000393.75
     224510 |  8999404.35
     725846 |  8998342.80
     218176 |  8998034.36
     436956 |  8995974.10
     207812 |  8995689.51
     790748 |  8994135.26
       7508 |  8993393.92
     398869 |  8993029.87
     761250 |  8992639.93
     112442 |  8992070.40
      16698 |  8991337.95
     134090 |  8990938.52
     444543 |  8990758.48
     527030 |  8990714.88
     232701 |  8989742.08
     421315 |  8989052.82
     116084 |  8985673.76
     546798 |  8984161.62
     694023 |  8982581.52
     115575 |  8980804.00
     601471 |  8980133.87
     489038 |  8979936.00
     368354 |  8979434.60
     376255 |  8978873.92
     617999 |  8978107.13
     417226 |  8976673.20
     560668 |  8976187.72
     427036 |  8975844.28
     449178 |  8975304.64
     428471 |  8975140.26
     236333 |  8974603.48
     450591 |  8974155.62
     733274 |  8974116.02
     250856 |  8973206.10
     721497 |  8972927.56
     380684 |  8972658.50
     563056 |  8972291.91
     260344 |  8971463.78
     176818 |  8970941.40
     465539 |  8970830.18
     324555 |  8970668.40
     460473 |  8970528.57
     630119 |  8970307.73
     491233 |  8969399.40
     713829 |  8968377.60
     356589 |  8968111.72
      76703 |  8966054.40
     716435 |  8966021.00
     419441 |  8965470.36
     631304 |  8964671.64
     444430 |  8964667.74
     691635 |  8964233.44
     421380 |  8963890.30
     458866 |  8963853.71
     787080 |  8962707.10
     469513 |  8962572.74
     486960 |  8961046.89
     650025 |  8959687.98
     634217 |  8959609.89
     578941 |  8958064.13
     192173 |  8957700.09
     605956 |  8956356.11
     497919 |  8955644.49
     600514 |  8954687.24
     639893 |  8953951.10
     178161 |  8953651.28
     228797 |  8952333.76
     319122 |  8950348.62
      14146 |  8949819.63
     298083 |  8948589.43
     548954 |  8948232.85
     257874 |  8947500.45
      37427 |  8946953.08
      78180 |  8946814.80
     142807 |  8946749.68
      62315 |  8946178.40
     178242 |  8945691.09
     324431 |  8945120.52
     263881 |  8944756.02
     481081 |  8943987.64
     484295 |  8943315.80
     185794 |  8941099.86
      69187 |  8941054.14
     310412 |  8940803.34
     518918 |  8940263.20
     601451 |  8940228.74
     178174 |  8939769.80
     731486 |  8938550.49
     291767 |  8937064.50
     196662 |  8936407.50
     553909 |  8936280.00
     365434 |  8936197.02
     509815 |  8935908.63
     206471 |  8932094.86
     195496 |  8931352.04
     590693 |  8930145.87
     487446 |  8929899.36
     199203 |  8929504.16
      91386 |  8929008.83
     783227 |  8928834.42
     547598 |  8928277.38
      24351 |  8927996.48
     270921 |  8927676.48
     441343 |  8927461.90
     659755 |  8926603.80
     417307 |  8926425.96
     339030 |  8926097.39
     293812 |  8925750.48
     607389 |  8925734.66
     603533 |  8925317.85
     130088 |  8924245.82
     219834 |  8924102.26
     139211 |  8924011.96
     228540 |  8922651.08
      31600 |  8922410.70
      11270 |  8922368.78
     430075 |  8922064.20
     603547 |  8919501.48
     640497 |  8918873.04
     106389 |  8918609.39
     560660 |  8918441.64
     279755 |  8917156.07
     654428 |  8916348.14
     389853 |  8915939.68
     513249 |  8915433.75
     781442 |  8914543.44
     285910 |  8914238.52
     134915 |  8912878.08
     639793 |  8912824.00
     581615 |  8912821.73
     148027 |  8912199.03
     244654 |  8911658.39
     458606 |  8911075.32
      54891 |  8910071.70
     531112 |  8908381.30
     380928 |  8908023.58
     124273 |  8907990.65
     457567 |  8907979.62
     280166 |  8907528.39
     162682 |  8907235.65
     115682 |  8905572.00
     368403 |  8903065.29
     259210 |  8902587.18
     667475 |  8902221.02
     108168 |  8902036.00
     775481 |  8901370.95
     545465 |  8900562.86
     528514 |  8900307.84
     727369 |  8900080.12
     214294 |  8899577.75
     498717 |  8898717.00
      22832 |  8898539.34
     254164 |  8896444.88
     282634 |  8896438.30
     315926 |  8895392.10
     732791 |  8895292.92
      24576 |  8895034.75
     627030 |  8894967.49
     438169 |  8894854.50
     392480 |  8894225.12
     564772 |  8893902.93
     150106 |  8893553.13
     243204 |  8893535.52
      75804 |  8892595.04
     241683 |  8892201.60
     667917 |  8891951.17
     309435 |  8891587.73
     719254 |  8891175.46
      70716 |  8889639.12
      22508 |  8889102.24
     303356 |  8888758.80
     459421 |  8888695.00
     473360 |  8888409.84
     485501 |  8888143.42
     186055 |  8887104.00
     347273 |  8886771.86
     434235 |  8885670.03
     348373 |  8885552.14
     613583 |  8885323.59
     143770 |  8884279.35
     180749 |  8883849.50
     698053 |  8883803.74
     569850 |  8882208.09
     389861 |  8882140.05
     510361 |  8882052.00
      25908 |  8881939.68
     421170 |  8880545.16
     101385 |  8878696.20
     268207 |  8878506.00
     717829 |  8878232.97
     539317 |  8877756.52
     562415 |  8877714.40
     238606 |  8877369.84
     493978 |  8877309.75
     643086 |  8876029.80
     479770 |  8875755.00
     334747 |  8875258.80
      96624 |  8875052.40
     657126 |  8874982.72
     193270 |  8874921.06
     606924 |  8873018.28
     528041 |  8872943.31
     105048 |  8872802.01
     747294 |  8872576.09
     390908 |  8872540.38
     600463 |  8871725.85
     408526 |  8871105.68
     635568 |  8867448.59
     248701 |  8866644.24
     429471 |  8866640.67
     109019 |  8866428.76
     756600 |  8865866.79
     752261 |  8863187.34
      45626 |  8863042.88
     738845 |  8862228.69
     180971 |  8862007.20
     373255 |  8860841.50
     221916 |  8859738.79
     342662 |  8858594.64
     256063 |  8858143.80
     756748 |  8857815.98
     314416 |  8856534.54
     205648 |  8855009.31
     509699 |  8854719.93
     164198 |  8853379.86
     430609 |  8852625.76
     468646 |  8852181.98
     767857 |  8851682.40
     316203 |  8851348.20
     333494 |  8850905.28
      43047 |  8850271.20
     674195 |  8850012.92
     726975 |  8848282.26
     718259 |  8847923.38
     163449 |  8846335.36
      34363 |  8845992.60
     792520 |  8844982.08
     752482 |  8843784.58
     740686 |  8843670.00
     381121 |  8842606.08
      77395 |  8842331.44
     726546 |  8841736.24
     378763 |  8841630.76
     328907 |  8840987.19
     355646 |  8840604.25
     253714 |  8839667.74
      72943 |  8838686.40
     527888 |  8838064.40
     257608 |  8837416.95
     403325 |  8837100.35
     141565 |  8836631.70
     508464 |  8836153.48
     500115 |  8836142.00
     168133 |  8834833.38
     384745 |  8834612.40
     728232 |  8834532.84
     618833 |  8833911.68
      27333 |  8832595.00
      95922 |  8832103.38
     786961 |  8831216.16
     551556 |  8830816.83
     777487 |  8830476.80
     592669 |  8830180.01
     606328 |  8829956.74
     185367 |  8829791.37
     105386 |  8829534.63
      79870 |  8829204.15
     481341 |  8829113.69
     463913 |  8828965.80
     257351 |  8828901.90
     248753 |  8828270.40
     733591 |  8827635.30
     411670 |  8827234.87
     665099 |  8826897.96
     271616 |  8826249.22
     525375 |  8826240.50
     167071 |  8825978.75
     426669 |  8825841.70
     370631 |  8825738.93
     369279 |  8824998.48
     796390 |  8824626.20
     271918 |  8823976.35
     404131 |  8822441.10
      19755 |  8822106.82
     273966 |  8821945.73
     592897 |  8821735.86
     644325 |  8820919.04
     570665 |  8820837.97
      72296 |  8820020.94
      10380 |  8819937.62
     387820 |  8819756.40
     329890 |  8819168.20
     642925 |  8819052.42
     377804 |  8818058.24
     482191 |  8818039.23
     142140 |  8815536.45
     164646 |  8815470.18
     429737 |  8814549.50
     477723 |  8814421.24
     232781 |  8813934.57
     658137 |  8813900.40
     764680 |  8812462.53
     138618 |  8811646.50
     204509 |  8811413.60
     687333 |  8811141.30
     396668 |  8811048.60
     512977 |  8810590.25
     220755 |  8810488.92
       6274 |  8810161.76
     209817 |  8809852.04
     328617 |  8809849.62
     359424 |  8809602.65
     413406 |  8809122.28
     123123 |  8809016.04
      60493 |  8808991.40
      79894 |  8808938.08
     338155 |  8808565.85
     129689 |  8808476.48
     190410 |  8808348.36
     300191 |  8807008.55
     221288 |  8806878.08
     648050 |  8806778.96
     589356 |  8805348.02
     525596 |  8805015.64
     528333 |  8803880.03
     103972 |  8803820.58
      67379 |  8803630.80
     261639 |  8803358.54
     149775 |  8802715.67
      65243 |  8802172.19
     660738 |  8801572.23
     369803 |  8800306.08
     760050 |  8799421.58
     785672 |  8798783.67
     160076 |  8797894.74
      75718 |  8797131.46
     716984 |  8795655.20
     199849 |  8795038.02
     553851 |  8794853.16
       6267 |  8794523.43
     521427 |  8794094.08
     719837 |  8793774.40
     624740 |  8793656.83
      96552 |  8793500.76
     707502 |  8793460.29
     327045 |  8792724.02
     382810 |  8792421.44
     330933 |  8792361.58
     321160 |  8791116.98
     242845 |  8790994.80
      12977 |  8790183.84
     533508 |  8789165.10
       6883 |  8789088.83
      79110 |  8788695.30
     599164 |  8788500.63
     641199 |  8788034.74
      68761 |  8786888.44
        278 |  8786581.44
     694415 |  8785151.98
     481921 |  8784288.93
     246075 |  8783275.32
      96138 |  8783011.80
     510478 |  8782632.99
     522129 |  8782330.76
     356632 |  8781061.79
      57747 |  8779696.26
     591546 |  8779028.70
     282755 |  8778124.81
     101590 |  8776759.76
     202424 |  8776392.24
     436383 |  8776098.07
     375334 |  8776056.57
     213111 |  8775617.40
     267369 |  8775379.76
     457555 |  8774723.76
     174454 |  8774592.78
     249791 |  8773597.53
     167478 |  8773505.00
     410175 |  8772581.57
     796147 |  8772172.88
      76823 |  8772001.29
     593708 |  8771791.75
      35375 |  8771779.20
     659419 |  8771675.40
     110823 |  8771597.52
     568286 |  8771459.13
     422911 |  8770488.02
      65324 |  8770001.95
     594151 |  8769500.10
     265986 |  8768986.20
     785988 |  8768887.28
     689163 |  8768022.83
     110684 |  8767805.24
     715390 |  8764616.70
     219688 |  8763716.62
     163266 |  8763329.25
     306983 |  8763312.09
     386863 |  8762570.96
      25418 |  8761668.56
     680495 |  8761581.75
     605975 |  8759998.62
     631145 |  8756678.37
     784070 |  8756261.12
     658149 |  8756109.71
     280254 |  8755969.80
      60670 |  8755215.04
     341711 |  8755161.60
     343371 |  8754533.24
     663082 |  8754195.27
     530088 |  8753092.74
     381433 |  8752806.83
     360459 |  8752734.37
     661114 |  8750703.25
     514936 |  8750499.12
     411298 |  8750478.80
     500237 |  8750236.70
     330807 |  8749616.28
     583345 |  8748795.35
      44362 |  8748525.06
     658759 |  8747655.81
     190481 |  8747129.00
     121513 |  8746718.40
     336002 |  8746105.18
     719218 |  8745830.52
     509410 |  8745341.67
     294042 |  8745169.84
     325276 |  8743648.00
      30961 |  8743416.92
     316472 |  8742297.60
     255471 |  8742091.05
     262428 |  8740204.59
     112309 |  8739548.66
     779912 |  8738856.96
     420844 |  8738855.04
     155141 |  8738660.88
      82813 |  8737661.40
     530913 |  8737224.78
     334888 |  8736793.30
     216809 |  8736355.44
     791055 |  8735808.00
      28624 |  8735657.04
      37115 |  8734879.62
     140376 |  8734500.93
     540182 |  8734275.30
     476655 |  8732650.21
     700518 |  8732445.59
      10493 |  8731764.40
      29189 |  8731684.32
     584742 |  8731013.76
     615922 |  8730106.01
     537272 |  8729219.52
     167655 |  8729018.01
      94207 |  8728180.58
     753229 |  8728058.21
     334968 |  8727481.56
      71072 |  8725524.66
     347753 |  8725421.98
      31306 |  8724451.12
     397507 |  8723619.90
     323108 |  8723470.80
     271340 |  8723266.58
     727908 |  8723176.80
     619688 |  8722787.04
      58136 |  8722738.63
     289929 |  8722236.32
     640897 |  8722015.50
     249495 |  8721965.32
     562441 |  8721872.26
      10151 |  8721672.55
     717583 |  8721193.04
     668089 |  8720939.77
     727126 |  8720381.88
      11812 |  8720365.60
     650206 |  8719457.64
     254430 |  8719005.51
     241902 |  8717926.64
      45245 |  8717832.64
     675116 |  8717831.55
     414758 |  8716569.38
     165147 |  8716319.18
     511033 |  8716174.93
     277224 |  8716000.86
     311344 |  8715845.08
     521323 |  8715792.60
     379211 |  8713307.37
     522469 |  8712356.12
      99355 |  8712298.00
     144172 |  8711013.10
     600717 |  8710939.84
     261400 |  8710379.14
     101211 |  8710246.90
      51956 |  8710078.58
     665738 |  8709698.95
     507257 |  8709537.15
     738267 |  8708791.35
     195244 |  8707557.32
     587777 |  8707483.98
     278854 |  8707412.64
     630341 |  8705885.88
     560992 |  8705045.52
       6098 |  8705010.16
     572298 |  8704933.64
     447908 |  8704791.91
     203372 |  8703607.50
     144695 |  8702815.52
     638138 |  8702517.45
     772812 |  8702154.40
     688491 |  8701495.17
     650828 |  8700944.61
     377282 |  8700693.50
     451359 |  8698181.82
     629817 |  8698103.15
     325235 |  8697272.98
     464820 |  8696664.09
     205553 |  8696617.44
     441658 |  8696396.54
     699063 |  8695815.48
     173270 |  8695475.91
     476333 |  8695170.19
     798478 |  8695098.00
     502298 |  8694318.00
     737792 |  8694135.84
     627884 |  8693580.71
     784965 |  8692078.73
     556390 |  8691821.25
     644788 |  8691710.40
     589786 |  8690392.88
     549819 |  8689685.20
     414036 |  8689678.57
     225402 |  8689625.28
     694081 |  8688548.08
      30433 |  8687901.24
     185307 |  8687857.84
     583789 |  8687812.50
     684608 |  8687441.25
     135532 |  8687390.96
      77368 |  8687348.55
      76654 |  8687181.90
     585318 |  8687092.96
      45318 |  8687007.40
     607388 |  8686738.25
     465360 |  8686637.65
     688160 |  8686089.65
     495424 |  8684894.28
     539986 |  8684863.01
     442451 |  8684822.94
     570101 |  8684371.76
     660902 |  8683952.06
     668916 |  8683435.95
      74906 |  8683003.70
     559776 |  8681240.98
       2756 |  8681073.05
     441391 |  8680724.78
     772203 |  8680487.04
     374341 |  8679703.60
     169433 |  8679499.68
     627556 |  8678801.58
     605608 |  8678076.55
     643683 |  8677881.34
     526378 |  8677733.20
       5996 |  8677371.78
     587477 |  8677310.55
     711933 |  8675100.56
     284505 |  8675000.88
     398100 |  8674281.21
     667653 |  8674162.20
     569178 |  8672864.07
     210799 |  8672850.68
     513996 |  8672209.31
     403170 |  8671827.50
     622396 |  8671755.75
     443460 |  8671606.90
      27404 |  8671248.88
     161392 |  8670911.84
     554506 |  8670782.51
     698338 |  8670765.12
     326258 |  8670657.66
     520765 |  8670347.84
     578696 |  8669753.75
       8879 |  8667584.38
     739629 |  8667361.80
     122825 |  8667113.96
      23982 |  8666863.72
     278664 |  8666845.33
     492543 |  8665849.36
      95896 |  8663639.55
     700971 |  8663446.72
     254764 |  8663087.46
     733179 |  8663009.38
     683674 |  8662405.90
     641497 |  8661551.40
     242664 |  8660201.20
     795692 |  8657186.42
     735793 |  8657016.75
      10684 |  8657009.62
     573330 |  8655938.56
     409629 |  8655261.00
     729044 |  8653712.08
     658087 |  8653370.81
     179784 |  8653021.34
     420655 |  8651916.64
     318443 |  8651510.40
     320844 |  8651163.76
     566954 |  8650281.64
     477370 |  8649761.89
     400145 |  8649180.90
     106687 |  8649109.00
      29620 |  8649078.01
     720708 |  8647005.89
      31280 |  8646930.76
     217239 |  8645862.16
     517299 |  8644617.56
     454960 |  8644500.71
     305670 |  8644420.28
     191891 |  8644258.14
     440317 |  8643279.84
     782757 |  8640229.35
     477971 |  8639700.90
     292851 |  8639644.40
     799632 |  8638979.78
     138207 |  8638855.68
     468877 |  8638180.26
     281666 |  8637740.86
     784307 |  8637080.69
     366677 |  8636826.32
     636741 |  8636737.33
      96290 |  8636668.82
     338648 |  8636368.68
     157027 |  8635371.12
     391366 |  8634681.10
     796239 |  8632520.82
     714521 |  8632277.50
     756572 |  8631629.30
      61457 |  8631168.00
     134226 |  8630896.64
     565626 |  8630881.60
     477278 |  8630254.57
     765373 |  8630115.48
     697125 |  8629750.05
     639831 |  8629195.44
      28054 |  8629129.58
      64598 |  8629102.80
     149595 |  8628852.60
     169415 |  8628527.60
     673530 |  8628191.94
      99439 |  8627892.09
     419828 |  8627373.78
     473121 |  8627085.57
     351253 |  8626304.00
     631655 |  8626250.49
     621322 |  8625921.37
     569616 |  8625697.82
     791430 |  8624513.60
      27701 |  8623996.56
     103274 |  8623921.60
     703277 |  8623762.42
     191627 |  8623548.75
      16597 |  8623357.05
     673102 |  8622856.60
      88519 |  8622782.00
     467568 |  8622329.55
     617616 |  8621133.58
     607195 |  8621085.77
     266197 |  8620117.58
     581532 |  8618496.95
      58458 |  8618462.10
     570374 |  8618157.90
     785881 |  8617115.91
     607737 |  8616735.53
     645217 |  8616452.95
     200444 |  8615931.57
     165846 |  8615665.36
     167316 |  8615232.43
     607386 |  8614211.89
     374200 |  8614186.56
     760927 |  8613917.65
     758508 |  8613891.00
     486012 |  8613796.99
      31170 |  8613270.56
     166936 |  8611792.28
     569464 |  8611006.50
     177834 |  8610016.44
     621232 |  8609869.38
      23479 |  8609640.93
     343720 |  8609571.63
      56442 |  8608561.08
     602625 |  8608511.10
     439742 |  8608458.05
     767601 |  8608029.18
     442511 |  8608008.24
     170138 |  8607748.62
     322523 |  8607300.80
     549529 |  8606231.16
       6390 |  8605074.55
     456933 |  8604736.14
     645773 |  8604157.23
     390568 |  8603563.00
     268010 |  8603322.57
     413334 |  8603146.82
      37493 |  8601816.32
     304508 |  8601747.20
      43211 |  8601432.48
     205797 |  8600323.80
     422870 |  8599347.55
     374133 |  8599082.00
     256693 |  8598505.65
     767038 |  8597223.36
      67268 |  8597219.60
     240502 |  8596545.74
     510059 |  8596452.39
      91918 |  8596362.72
     352333 |  8596255.36
     642336 |  8595096.44
     552154 |  8594954.68
     460184 |  8594908.80
     715587 |  8594005.38
     475296 |  8593966.02
     667662 |  8593916.25
     783265 |  8593312.02
     378412 |  8593246.50
     395897 |  8592933.70
     458905 |  8592731.52
     790054 |  8592573.20
     514441 |  8592284.64
     108465 |  8591632.20
     419857 |  8591301.54
     606796 |  8591254.12
     769611 |  8590919.50
      68897 |  8590562.28
     371630 |  8589705.80
     514805 |  8588551.53
     531873 |  8588324.46
     396060 |  8587968.00
     625896 |  8587385.36
     346859 |  8585775.96
     593819 |  8585448.30
     447741 |  8585020.80
     651645 |  8584632.90
     739502 |  8582308.02
     658832 |  8582153.45
     273365 |  8581570.68
     578362 |  8581549.31
      56935 |  8581148.82
     630429 |  8580981.54
     761327 |  8579952.00
     325730 |  8579920.96
     484904 |  8579676.05
      65080 |  8579155.68
     402311 |  8579040.32
      69410 |  8577398.58
     610967 |  8577174.18
     762868 |  8576693.55
     613004 |  8575297.17
      14209 |  8574370.56
     400454 |  8574270.60
     464088 |  8574268.48
     720405 |  8574009.57
      24654 |  8573938.56
     544255 |  8573494.08
     630326 |  8572819.50
     104745 |  8572553.28
     562470 |  8572444.20
     289533 |  8571748.50
     590152 |  8571057.08
     669872 |  8569595.67
     458566 |  8569126.00
     422141 |  8568696.64
     577803 |  8568511.35
      76017 |  8568364.14
     655129 |  8568096.68
     478718 |  8568080.05
      13644 |  8566692.60
     655633 |  8566267.76
     658100 |  8565846.39
     693100 |  8565453.68
     347279 |  8565039.00
     409288 |  8564491.76
       9435 |  8563957.20
     443547 |  8563878.52
     392742 |  8563681.87
     346985 |  8563629.95
     612357 |  8563156.38
     478478 |  8562976.34
      62702 |  8562913.45
     459816 |  8561505.96
     471034 |  8560621.11
     489428 |  8560590.85
     409040 |  8559729.88
     772352 |  8558764.62
     107398 |  8558752.32
     119888 |  8558426.10
     397173 |  8557719.66
     347424 |  8556112.46
     721651 |  8556002.00
     296019 |  8553074.66
     662870 |  8552903.23
     274948 |  8552895.00
     415625 |  8552586.24
     477561 |  8551668.95
      76430 |  8551397.61
     676237 |  8551219.41
     582510 |  8550422.12
     114542 |  8550158.40
     735591 |  8548985.46
     182337 |  8548869.39
     245919 |  8548862.35
     569798 |  8548566.95
     608397 |  8547889.48
     680331 |  8547463.00
     198522 |  8546868.40
     316842 |  8546814.87
     527233 |  8546808.69
      77553 |  8545833.26
     377602 |  8545357.23
      93485 |  8545267.74
     296473 |  8544960.05
     259768 |  8542261.23
     451081 |  8541525.93
     527269 |  8541182.34
      49362 |  8540380.80
     670142 |  8540317.12
     324792 |  8539398.04
     319414 |  8538702.64
     153079 |  8538096.62
     437483 |  8537984.65
     323547 |  8537524.44
     371067 |  8537224.50
     284723 |  8536461.35
      63280 |  8536376.60
     383368 |  8535758.66
     430751 |  8535566.55
     101004 |  8535333.55
     148466 |  8534976.40
     587559 |  8534627.96
     731282 |  8534617.36
      41352 |  8534298.81
     620429 |  8534120.89
      53487 |  8534062.80
      66481 |  8533238.40
     620154 |  8532988.92
     628955 |  8532401.76
     106470 |  8531761.19
     272032 |  8531738.07
     443425 |  8530402.62
     216269 |  8530157.38
     550076 |  8529356.16
     791830 |  8529000.00
     674092 |  8528934.51
      45241 |  8527798.68
     663612 |  8527742.10
     254854 |  8526848.38
     730058 |  8526663.12
     377199 |  8526060.36
     396744 |  8526045.58
     281082 |  8525459.10
     121086 |  8524763.35
     452607 |  8524500.80
      19205 |  8524089.57
     460222 |  8523876.96
     286101 |  8523495.12
      37431 |  8523479.61
     351055 |  8522913.95
     427106 |  8522647.75
     214430 |  8522359.18
     656276 |  8522113.79
     660399 |  8521948.19
     104452 |  8521687.30
     724005 |  8521617.02
     792627 |  8521381.75
     332841 |  8521014.90
     440620 |  8520435.34
     244828 |  8520337.80
     221500 |  8520274.98
     118395 |  8519575.91
     612883 |  8519509.96
     519530 |  8518274.82
      27788 |  8518272.66
     540691 |  8517864.26
     398386 |  8517731.98
     506914 |  8517531.44
     791141 |  8516782.40
     559262 |  8516781.96
     644628 |  8516192.16
     262541 |  8516100.56
      87041 |  8515576.09
     237741 |  8515342.00
     769093 |  8515335.64
      24027 |  8515195.40
      33644 |  8514511.29
     378460 |  8513923.29
     248104 |  8513778.12
       7289 |  8513280.60
       5418 |  8513151.50
     738998 |  8513079.96
     188637 |  8512972.80
     593606 |  8511682.01
     391846 |  8511570.81
      54182 |  8510750.32
     164132 |  8510115.51
     371164 |  8510112.64
     245311 |  8509889.56
     401250 |  8509493.48
     774264 |  8509491.38
      65756 |  8509449.53
      78352 |  8509289.19
     451024 |  8508793.47
     735222 |  8508587.50
     547074 |  8507150.52
     677037 |  8507080.80
     456532 |  8506877.94
     212343 |  8505586.40
     496613 |  8504107.56
     357431 |  8503932.04
     379502 |  8503663.77
     769197 |  8503062.16
     181916 |  8503018.75
     718323 |  8502643.52
     442094 |  8501840.93
     756323 |  8501817.60
     523393 |  8501793.93
     541762 |  8501544.96
     505388 |  8501349.84
     521387 |  8501152.80
     516926 |  8500619.12
     782262 |  8499460.59
     353983 |  8498325.20
     628244 |  8497982.16
     116996 |  8497977.92
     530540 |  8497782.33
     157117 |  8497136.06
     508446 |  8496731.60
     160810 |  8496403.30
     269873 |  8496227.74
     144470 |  8496208.86
     657448 |  8495634.32
     757821 |  8495268.04
     240585 |  8494468.17
     327421 |  8494236.52
     384438 |  8494078.88
     374135 |  8493076.62
      42813 |  8492423.34
     683419 |  8491538.95
     509914 |  8491339.16
     462137 |  8490915.54
      39737 |  8490484.97
     160435 |  8490374.43
     234884 |  8490154.64
     709144 |  8489705.28
      63121 |  8489609.89
     518383 |  8489498.18
     790168 |  8489112.00
     196542 |  8488831.78
     505210 |  8488729.06
     469332 |  8487756.60
     383912 |  8487507.39
     735464 |  8487404.64
     667354 |  8486854.28
     632849 |  8485337.16
      26098 |  8484957.27
     442872 |  8484906.35
      26282 |  8484790.41
     590411 |  8483967.36
     505149 |  8483654.16
     251711 |  8483582.42
     759150 |  8483422.02
     392896 |  8482762.46
     419904 |  8482215.96
     666934 |  8482118.32
      70094 |  8481869.32
     216476 |  8481856.88
     231901 |  8481781.69
     285017 |  8481472.89
     188387 |  8481458.52
     555671 |  8481126.39
     140961 |  8479786.00
     547036 |  8479068.91
     474677 |  8478499.01
     332886 |  8478380.57
     731574 |  8478313.20
     516725 |  8478293.58
     635573 |  8477754.04
     574238 |  8476641.15
     105189 |  8476210.44
     517283 |  8474797.31
     164888 |  8474389.56
     547390 |  8474287.00
     388772 |  8473718.70
     644729 |  8473546.10
     402539 |  8473492.12
     333636 |  8473322.32
     689496 |  8473191.30
     556787 |  8473071.17
     662850 |  8472688.60
     162249 |  8472272.76
     176084 |  8472179.76
     714822 |  8471234.92
     157327 |  8470648.72
     320415 |  8470058.24
     243080 |  8469472.54
     564932 |  8469290.75
     584440 |  8468942.04
      91471 |  8468874.56
     146761 |  8468808.12
     793663 |  8468483.58
     473215 |  8467569.24
     339149 |  8467401.60
     570964 |  8467277.70
     585806 |  8466976.86
      11178 |  8466774.80
     570978 |  8466759.05
      84264 |  8466582.75
     536127 |  8466045.64
     652295 |  8465535.84
      89542 |  8465026.30
     232850 |  8464875.78
     711920 |  8464805.73
     383201 |  8464258.28
     739323 |  8464253.74
     286824 |  8464140.30
     156055 |  8463521.60
     580159 |  8463121.12
       6077 |  8463030.10
     487050 |  8462412.17
      97871 |  8462401.90
     705436 |  8462349.00
     714396 |  8462166.12
     743274 |  8461887.05
     128738 |  8461369.18
     575903 |  8460848.85
     351010 |  8459765.76
      56533 |  8459430.18
     624739 |  8459282.00
     291032 |  8458683.34
     301400 |  8458680.54
      90599 |  8457874.86
     373335 |  8457720.24
      66292 |  8457588.30
     242133 |  8457495.08
     289150 |  8455750.38
      81092 |  8455708.50
     528386 |  8455664.16
     762369 |  8454258.00
     579532 |  8454013.55
     581659 |  8453569.14
     584970 |  8452992.30
     645132 |  8452925.86
     425342 |  8452253.46
      12441 |  8452149.83
     159846 |  8451571.02
     391186 |  8451181.67
      93118 |  8451092.30
     151867 |  8451077.20
     503948 |  8450858.03
     302425 |  8449990.08
     741115 |  8449842.83
     633390 |  8449767.50
     145918 |  8449358.46
     451669 |  8449349.04
       4675 |  8448885.55
     519045 |  8447262.56
     421229 |  8447154.80
     663627 |  8447080.34
     342208 |  8446503.18
     408353 |  8445895.46
     206510 |  8445715.96
     164590 |  8445190.55
     585249 |  8445083.33
     750100 |  8444829.24
     490264 |  8444802.84
      93535 |  8444663.24
     317862 |  8444582.68
     156009 |  8444040.92
      61861 |  8444010.86
     571825 |  8443715.40
     356333 |  8443694.80
     599194 |  8443634.07
     292203 |  8443118.91
      62644 |  8442936.25
     420697 |  8442823.40
     301494 |  8442688.80
     404476 |  8442446.13
     632385 |  8442205.52
     334073 |  8441439.22
     384103 |  8441382.69
     216515 |  8440803.54
     751894 |  8439714.45
     739012 |  8439327.60
     686628 |  8439320.49
     556866 |  8438455.20
     721664 |  8438173.72
     649121 |  8437385.27
     355457 |  8436820.80
     708636 |  8436277.52
     151130 |  8436181.91
     271589 |  8435957.94
     694854 |  8433988.11
     464548 |  8433571.02
     581427 |  8433281.22
     675418 |  8433278.72
     173261 |  8432992.53
     456176 |  8432910.00
     143368 |  8432771.71
     406683 |  8432274.17
     530822 |  8431743.60
     404787 |  8430867.78
     307142 |  8430790.88
     717384 |  8430780.32
     363368 |  8430698.80
     577404 |  8430655.48
     755600 |  8430585.36
     277054 |  8430053.50
       6669 |  8428618.46
     285434 |  8428367.52
     407260 |  8428157.01
     353765 |  8427821.04
     195836 |  8427352.72
     279461 |  8426994.57
     350348 |  8425835.22
     355513 |  8425054.56
     775510 |  8424706.76
      86377 |  8424493.32
     578450 |  8424273.46
     197216 |  8423630.46
     171635 |  8423277.63
     326995 |  8422718.24
     248668 |  8422367.25
     584749 |  8422174.80
     751025 |  8422127.22
     624091 |  8422052.76
     567644 |  8422050.80
     542425 |  8421871.99
     799724 |  8420704.20
     316125 |  8420098.90
     524242 |  8419421.52
      91209 |  8419415.14
     614965 |  8419189.38
     575805 |  8419060.81
      59343 |  8418971.70
     500593 |  8418960.13
     281508 |  8418543.50
         25 |  8418235.52
     777433 |  8417731.58
     258375 |  8417287.41
     768047 |  8416100.43
     185227 |  8416088.76
     538355 |  8415206.40
     447982 |  8415200.09
     323339 |  8415015.63
     608717 |  8414415.24
     295675 |  8413738.48
     170879 |  8413159.92
     618747 |  8411120.48
     535259 |  8410166.73
     184027 |  8409520.32
     281049 |  8409478.90
     430484 |  8409095.11
     778753 |  8408055.60
     336514 |  8407942.83
     790242 |  8407815.36
     542928 |  8406778.00
     425807 |  8406422.69
     780081 |  8406175.18
     380701 |  8405964.32
     704343 |  8405736.40
     210693 |  8405464.41
     521502 |  8405396.24
     426366 |  8404874.30
     613318 |  8404085.68
     675630 |  8403289.02
     185190 |  8403064.80
     376507 |  8402204.13
     359544 |  8401993.22
     381664 |  8401847.44
     292290 |  8401666.24
     535669 |  8400824.40
      51452 |  8400649.00
      86692 |  8399375.88
     393539 |  8398884.34
     770016 |  8398041.11
     615304 |  8396853.72
     166925 |  8396681.92
     494960 |  8395751.32
     367060 |  8395742.16
     601046 |  8394276.80
     624160 |  8393618.40
      91267 |  8393515.06
     797571 |  8393424.44
     316612 |  8392209.80
     297370 |  8392162.48
     245906 |  8391268.60
     142262 |  8390775.80
     174459 |  8389585.27
        792 |  8389583.76
     687860 |  8389487.91
     186673 |  8388933.56
     624146 |  8388798.43
     434760 |  8388639.75
      75647 |  8388371.84
     341749 |  8388357.25
     666504 |  8388012.92
     218686 |  8387705.40
     350603 |  8387527.14
     145176 |  8387427.18
      66202 |  8386522.83
     281628 |  8385913.33
     354120 |  8385681.50
     301752 |  8384768.00
     137777 |  8384702.70
     557465 |  8384004.30
     463818 |  8383729.48
     625316 |  8383467.20
     210470 |  8382850.00
     544153 |  8382619.36
     209020 |  8381226.92
      65917 |  8380970.14
     171164 |  8380914.17
     348038 |  8380877.76
     449037 |  8380371.53
     118132 |  8379924.84
     526080 |  8379728.70
     796997 |  8379042.28
     199901 |  8378670.72
     119118 |  8377740.00
     313093 |  8377111.32
     249826 |  8376890.89
     696616 |  8375691.52
     252149 |  8375487.63
     337102 |  8375301.78
     315225 |  8374911.05
     742676 |  8374426.20
     481434 |  8374068.12
     659069 |  8373959.95
     729200 |  8373664.01
     644138 |  8373228.80
     650514 |  8372889.63
     656329 |  8372422.63
     736437 |  8371904.32
     336256 |  8370812.84
      57413 |  8370715.50
     334586 |  8370360.32
     731950 |  8369580.26
     565408 |  8369130.70
     683263 |  8368976.16
     420397 |  8368863.03
     476992 |  8368672.65
     435131 |  8368657.08
     667356 |  8368246.56
     236623 |  8367542.01
     432443 |  8367168.75
     721392 |  8366997.79
     723453 |  8366577.42
     393886 |  8366405.94
     383717 |  8366159.40
      84012 |  8366035.37
     113245 |  8365392.39
     159454 |  8365352.08
     441432 |  8365338.06
     321657 |  8364937.48
     575373 |  8364286.59
       9359 |  8363368.00
     466064 |  8363073.72
     477595 |  8362989.44
     227719 |  8362480.50
     632899 |  8361862.32
     273408 |  8361338.40
     683617 |  8361081.18
     582655 |  8360258.67
     725374 |  8359870.80
     399169 |  8359724.54
     635480 |  8359109.64
     269774 |  8358963.46
     454269 |  8358484.53
     178028 |  8358256.12
     355448 |  8358187.52
     170880 |  8358153.61
      64331 |  8358052.78
        928 |  8357821.45
     564349 |  8356470.19
     436775 |  8355339.20
     183827 |  8355268.88
     633993 |  8355012.84
     102204 |  8354731.28
      74029 |  8354556.38
     103644 |  8354093.20
     230604 |  8354003.40
     153578 |  8353707.75
     371895 |  8353664.00
     520125 |  8352978.90
     290864 |  8352691.47
     254814 |  8351852.42
     615762 |  8351797.09
     525591 |  8351677.88
     247126 |  8350323.60
     605888 |  8350076.54
     500095 |  8350022.20
     134255 |  8349658.90
     592677 |  8349333.83
     337890 |  8349019.68
     172786 |  8348737.80
     127020 |  8348336.93
     397451 |  8348072.46
     240907 |  8348036.16
     252845 |  8347794.65
     755159 |  8347718.99
     531264 |  8347584.80
     697466 |  8347380.99
     451422 |  8347298.37
      41383 |  8347223.45
     461370 |  8347122.20
     778740 |  8347097.52
     145441 |  8346794.88
     375484 |  8346782.40
     338005 |  8346435.04
     749132 |  8346339.30
     654207 |  8345702.28
     400143 |  8345588.82
     420498 |  8345154.15
     688454 |  8345049.52
     194076 |  8344591.36
     184820 |  8343523.96
     561061 |  8343188.49
     249151 |  8342999.70
     315220 |  8342692.03
     387208 |  8341584.50
     779669 |  8341140.60
     650212 |  8340990.84
     467756 |  8340794.93
     198956 |  8340370.65
     319488 |  8340231.02
      51507 |  8339590.72
     703177 |  8339445.27
      99836 |  8339112.68
     728337 |  8338597.41
     542763 |  8338163.49
     631635 |  8337852.31
     121037 |  8337837.60
     780617 |  8336454.80
     543240 |  8336284.00
     616921 |  8335925.92
      24579 |  8335421.60
     567353 |  8335259.66
     400635 |  8335013.19
     751318 |  8334696.56
     706414 |  8334320.82
     443237 |  8334289.28
     291406 |  8334081.03
     592711 |  8333996.80
     514506 |  8333809.34
     343817 |  8333203.97
      56007 |  8333166.60
     308696 |  8332209.34
     632261 |  8331872.40
     430369 |  8331829.57
     215558 |  8331569.92
     319622 |  8331512.16
     436376 |  8330412.09
     101447 |  8329828.90
     204500 |  8329397.08
     583490 |  8329155.94
     565775 |  8328620.22
     578110 |  8327990.16
     682390 |  8327959.52
     277396 |  8327800.32
     555618 |  8327443.58
     602824 |  8327145.10
     744541 |  8326917.78
     450088 |  8326824.88
     551172 |  8326615.60
     721665 |  8326417.68
     399846 |  8326252.18
     286930 |  8326036.88
     586252 |  8325931.39
     578353 |  8325220.90
     479715 |  8324623.55
     600341 |  8324476.02
     180371 |  8324416.95
      97840 |  8324386.14
     588172 |  8324187.56
     454613 |  8323639.60
     498177 |  8322731.40
     571897 |  8322255.50
     671301 |  8321905.11
     632767 |  8321562.65
      89339 |  8321245.29
     683233 |  8321202.63
     375692 |  8321178.60
     473431 |  8320509.83
     461002 |  8320226.76
     239759 |  8320109.50
     266001 |  8320004.28
     208411 |  8319730.72
     141948 |  8319563.56
     182882 |  8319362.16
     358225 |  8319264.96
     783223 |  8319078.36
     790480 |  8318910.96
     571681 |  8317358.28
     159160 |  8316949.84
     766005 |  8315957.20
      31433 |  8315657.83
     478378 |  8315612.30
     662916 |  8315522.46
     742670 |  8315049.96
     609324 |  8314608.75
      29101 |  8313075.54
      42392 |  8312895.96
     677474 |  8312768.64
     119265 |  8312452.08
     174261 |  8311899.50
     528927 |  8311257.92
     148376 |  8311256.55
     746365 |  8310621.06
     282828 |  8310544.32
     729456 |  8310455.46
     594184 |  8310214.42
     174465 |  8308470.56
     202322 |  8308453.60
     722687 |  8308028.93
     564004 |  8307951.40
     239605 |  8307204.05
     271898 |  8307168.42
     770380 |  8306879.13
     317170 |  8306683.00
     224501 |  8306576.24
     142359 |  8306496.30
     637274 |  8304825.44
     626120 |  8304722.36
      46536 |  8302975.38
      82828 |  8302900.15
     511776 |  8302891.72
     107525 |  8302756.80
     320381 |  8302556.25
     661892 |  8302015.60
     410540 |  8301548.68
     604140 |  8301260.00
     283832 |  8300718.46
     770754 |  8300119.52
     200668 |  8299468.04
     142908 |  8299447.77
     251670 |  8298566.43
       7224 |  8298454.20
     701584 |  8298389.52
     243047 |  8298310.23
     280479 |  8298291.07
     358259 |  8297778.37
      75164 |  8297366.00
     440165 |  8296859.24
     474285 |  8296480.40
     692701 |  8295837.40
     528233 |  8295680.51
     789161 |  8295665.04
     664753 |  8295465.39
     507208 |  8295358.76
     349435 |  8295054.84
     770615 |  8294353.46
     626768 |  8294082.00
     769434 |  8293319.45
     424324 |  8292585.96
     499610 |  8292581.80
      51349 |  8292350.88
     749689 |  8291063.04
     688319 |  8290376.40
     155507 |  8290001.55
     189269 |  8289991.20
     139629 |  8289907.20
     759454 |  8289740.38
     486536 |  8289521.13
     588464 |  8289486.26
     512921 |  8289425.93
     482646 |  8289235.56
      57018 |  8289021.60
     473362 |  8288275.96
      64438 |  8288186.90
     622898 |  8288061.04
     528727 |  8287834.95
     339830 |  8287689.00
     404830 |  8287657.84
     500844 |  8287629.48
     383844 |  8287538.08
     145338 |  8287426.97
       6891 |  8286779.31
     349630 |  8286741.78
      51627 |  8286307.62
     180239 |  8286271.50
     337583 |  8286150.99
     483086 |  8285378.56
     256269 |  8285365.66
     755122 |  8285154.68
      36383 |  8284875.67
     181658 |  8284803.12
     668848 |  8284595.01
     147504 |  8284472.75
     364139 |  8283788.48
     774414 |  8283562.00
     228162 |  8283345.70
     625841 |  8283205.98
     168807 |  8282364.16
     627179 |  8281718.30
     727173 |  8281702.64
     639173 |  8281646.22
     326016 |  8281361.64
     446676 |  8281348.95
     684088 |  8280766.72
     706904 |  8280305.78
     763467 |  8280288.42
     201613 |  8279717.40
     389294 |  8279622.40
     198943 |  8279271.68
     296688 |  8278398.24
     415596 |  8278161.96
     527141 |  8277672.00
     745961 |  8277186.47
     588387 |  8277165.26
     244288 |  8276956.78
     169830 |  8276851.80
     254458 |  8275776.22
     668459 |  8275376.88
      83819 |  8274908.95
      66280 |  8274835.66
     713244 |  8274196.00
     212899 |  8273838.12
     558819 |  8273787.12
     327985 |  8273676.30
     622761 |  8273314.98
     228009 |  8273107.36
     376481 |  8272180.00
     291911 |  8271281.52
     385937 |  8271096.05
     559123 |  8270867.20
     469321 |  8270611.40
     686938 |  8270520.56
     766990 |  8269546.58
     511107 |  8269235.65
     235792 |  8269124.97
     201630 |  8267272.50
     535941 |  8266809.94
     622291 |  8266675.20
     645184 |  8266074.98
     616187 |  8265879.60
      11164 |  8265874.54
     607380 |  8265486.32
     324016 |  8265102.78
     761582 |  8264967.50
     427054 |  8263432.65
     112892 |  8263399.10
     337772 |  8263064.40
     161346 |  8262840.14
     688283 |  8262690.40
      95767 |  8261993.78
     312351 |  8260556.72
     379341 |  8259738.72
     518328 |  8259317.16
     415876 |  8258952.24
     731397 |  8258857.74
     127030 |  8258828.60
     529749 |  8257072.87
     407016 |  8256932.40
     541988 |  8256905.50
        399 |  8255999.57
     142159 |  8255848.46
     758857 |  8255766.50
     665809 |  8254625.73
      37637 |  8254578.08
     327496 |  8254154.28
     471812 |  8253135.04
     271152 |  8253102.35
     465908 |  8252864.58
     389708 |  8252651.74
     296465 |  8252196.56
      54452 |  8251915.96
     394060 |  8251722.85
     526546 |  8251679.80
     431798 |  8251438.08
     437523 |  8251401.36
     490091 |  8251278.30
     444198 |  8250915.54
     644211 |  8249844.52
     411086 |  8249632.16
     563811 |  8249027.00
     657866 |  8249022.21
     140844 |  8248721.00
        755 |  8248592.82
     187504 |  8248591.65
     609897 |  8248407.51
      63720 |  8248360.32
     355746 |  8248302.40
     150816 |  8247986.00
     641543 |  8247407.33
     556317 |  8247159.00
     116071 |  8246173.74
     295144 |  8245999.46
     311920 |  8245900.32
      56704 |  8245206.48
     183574 |  8244861.60
     247174 |  8244833.83
     633196 |  8244082.00
     110433 |  8243321.99
     280373 |  8242469.52
      18641 |  8242205.73
     454079 |  8242128.52
     197410 |  8241865.17
     302649 |  8241300.81
     663791 |  8240197.50
     741557 |  8239710.02
     600841 |  8239577.28
     479047 |  8239316.38
       1522 |  8239291.74
     275717 |  8239048.96
     449813 |  8238700.08
     562210 |  8238600.00
     144252 |  8238532.81
     337345 |  8237464.70
      49863 |  8237070.45
     347365 |  8236313.70
     505823 |  8235490.05
      55080 |  8234794.12
     101840 |  8234625.00
     215178 |  8234519.04
     396077 |  8234504.71
     258616 |  8234153.34
     454307 |  8233804.06
     410326 |  8233777.28
     465792 |  8233156.08
     183274 |  8233047.63
      17208 |  8232951.05
     518762 |  8232010.11
     419524 |  8231426.69
     123530 |  8231102.64
        710 |  8230960.17
     106863 |  8230758.78
     730874 |  8230483.80
     138015 |  8230337.28
     480668 |  8229979.84
     563447 |  8229893.56
     352857 |  8229888.42
     399122 |  8229802.72
     629819 |  8228980.40
     572224 |  8228405.64
     408676 |  8227631.99
     229563 |  8226979.38
     339623 |  8226856.50
     540292 |  8226472.10
     566378 |  8226099.24
     392900 |  8224619.91
     263504 |  8224562.04
     367123 |  8223738.60
     743252 |  8223045.13
     224279 |  8223031.56
     415154 |  8222253.60
     122614 |  8222051.94
      81194 |  8221695.75
     315042 |  8221623.52
     145620 |  8221371.60
     338165 |  8220414.59
     669597 |  8218733.00
     240143 |  8217671.28
     482038 |  8217043.89
     621370 |  8216567.45
     748187 |  8216148.31
     424726 |  8215721.80
     169484 |  8215701.63
     480169 |  8215470.72
     604539 |  8214744.08
     516074 |  8214732.47
     474137 |  8214267.51
     561883 |  8214165.88
     744439 |  8213961.27
     228810 |  8213914.89
     771414 |  8213680.64
     146788 |  8213592.16
     299630 |  8213470.24
     242676 |  8212905.62
     596987 |  8212027.99
     315568 |  8211156.80
      18093 |  8209773.21
     450228 |  8209663.93
     160266 |  8209468.80
     407225 |  8209385.91
     512043 |  8209347.31
     311075 |  8209276.22
     159357 |  8209156.20
       9502 |  8208757.53
      55057 |  8208197.22
     756483 |  8208193.68
       8528 |  8207699.37
     295826 |  8207503.20
     545338 |  8207022.56
     304628 |  8205190.80
      87263 |  8205082.34
     601504 |  8204847.50
     649845 |  8204294.52
     732741 |  8203812.46
      71525 |  8202950.46
     576198 |  8202948.13
     569814 |  8202344.75
     778681 |  8202291.39
      34872 |  8202209.96
     519166 |  8201901.96
     604094 |  8200986.16
     376267 |  8200682.00
     124554 |  8200415.46
     620216 |  8200414.44
     313613 |  8200291.27
     489854 |  8200018.20
     398381 |  8200001.70
     145565 |  8199389.34
     606014 |  8199176.04
     770385 |  8199159.57
     618361 |  8197881.16
     306894 |  8197666.61
     671183 |  8197289.22
     750593 |  8197274.47
     429042 |  8197166.40
     723435 |  8197081.95
     170910 |  8195558.01
      13528 |  8195515.02
     320528 |  8195008.78
     676606 |  8194768.00
     654084 |  8194662.00
     120601 |  8193475.20
     617984 |  8192653.38
     266534 |  8192316.66
     176856 |  8191847.73
      21533 |  8191694.02
     602141 |  8191656.00
     748246 |  8191347.72
     271998 |  8191247.14
     666389 |  8190925.85
     374717 |  8190891.38
     104848 |  8190224.56
     433849 |  8190040.44
     427880 |  8190039.17
     301468 |  8189887.68
      36704 |  8189347.76
     406455 |  8188914.51
     730077 |  8187880.80
     539814 |  8187806.36
     227090 |  8187780.66
     522737 |  8185748.22
     552434 |  8185373.00
     405515 |  8185011.12
     794469 |  8185008.00
     190683 |  8184568.92
      26774 |  8184561.92
      97873 |  8184431.36
     757583 |  8184229.35
     382252 |  8183737.10
     736620 |  8183085.44
     260565 |  8183043.07
     177633 |  8182830.16
     282420 |  8182805.47
      96562 |  8181823.50
     721669 |  8181513.54
     390487 |  8180500.72
     308466 |  8180305.00
     113946 |  8180223.18
     381642 |  8180222.40
     796673 |  8180038.24
     775639 |  8179897.56
     337616 |  8179671.13
     191765 |  8179338.78
     147875 |  8179318.88
      27208 |  8179279.71
     412918 |  8179134.48
     686110 |  8178524.83
      99884 |  8178418.16
     496148 |  8176976.61
     301907 |  8176939.35
     537191 |  8176840.82
     146441 |  8176533.12
     676750 |  8176430.08
     577539 |  8176187.61
     310136 |  8175803.52
     351102 |  8175681.00
     651657 |  8175518.82
     638329 |  8175514.08
       1601 |  8175480.78
     153438 |  8175466.80
     409020 |  8175393.72
     511210 |  8175300.00
     725919 |  8175283.38
     768336 |  8174936.66
     790107 |  8174591.10
      56888 |  8173342.00
     225837 |  8173183.32
     246623 |  8172885.27
     377342 |  8172841.95
       5369 |  8172828.03
     490236 |  8172787.86
     631743 |  8172762.29
     225182 |  8172576.30
     201924 |  8172418.00
     631905 |  8172402.72
     249236 |  8171615.22
     344928 |  8170812.11
     172574 |  8170451.52
     724416 |  8170364.34
     284958 |  8169996.78
     566470 |  8169661.65
     750493 |  8169186.50
     351242 |  8168219.67
     375928 |  8167981.60
     140371 |  8167577.33
     277190 |  8167491.56
(3312 rows)

