          s_name           |                s_address                 
---------------------------+------------------------------------------
 Supplier#000000049        | Nvq 6macF4GtJvz
 Supplier#000000087        | WCw7URDj8zoZ7tqC3cpm7
 Supplier#000000397        | kFrhzYG1SR8aWrHsftcptN,im88pImSkxxFu
 Supplier#000000405        | dJIijVTX n7M0NDEQvCA 
 Supplier#000000448        | cYzWCXDovaNR ,S3PICo3KYKAG3bYm0YKyqaZVu
 Supplier#000000566        | hBRvnhCUVIiXQK6dyAZYN,TNZItOlBvsVYCisb,O
 Supplier#000000595        |  CURZCs4l306M2ir8rFkgeYVg
 Supplier#000000765        | RLsvd,9rVYPSoMUCDBVoB9
 Supplier#000000866        | CosbyBH1bG81zFspjW
 Supplier#000000913        | c78mMYZkHE7ktVSoB9D
 Supplier#000001142        | RQ5DqXCWlmO Msp0ZPujoj2D4x
 Supplier#000001310        | ,reTHSiknxGFziNNyokCy2jUpzwXRl
 Supplier#000001339        | 5c4jzbVZLzvxrok
 Supplier#000001357        | OCkpJFqsRW63
 Supplier#000001492        | z2uNRsyJJ,ezj,7lW1C1
 Supplier#000001503        | bmkFWwm85BlTbkdPFOWKKs
 Supplier#000001522        | W0C5TrNw89U
 Supplier#000001578        | MI,JjL08uqYHU9tH,agj1wpSWQq 9hcP,VCC6vcR
 Supplier#000001620        | yD0MbgagtO2
 Supplier#000001787        | y038r5l,dusbQMGAXd4G
 Supplier#000001826        | CNbWsPnmlVM95BXAo5j
 Supplier#000001837        | y6OPRBPQnzsH5S9HVkTx2WZXejyXKL,8g2,
 Supplier#000001852        | yNq 3s,7SgnMyjX94eg
 Supplier#000001897        | tIwaK9T,jM3yIGVWR72
 Supplier#000001948        | ZcX7nDmJiBlFPa,6KnbOnRf6K3H9Hhx
 Supplier#000001954        | QrTQJOkhS7WEFB3L5zbvDUSGh4lV oh
 Supplier#000001984        | M,EWRY6BhH
 Supplier#000001985        | iNpX5StxnUW8DlgToWvv9kZ Uk
 Supplier#000002149        | 7psmWKO5V2kZibASWBzU0oK5Rog5str4cDU
 Supplier#000002158        | VxglnCKPCfx71cz0Lr
 Supplier#000002166        | AJE9Ch04InHtwRV
 Supplier#000002187        | 5SmzRnGn8,fzW1KllxYzi4CXLNLiSX3k8wsIj
 Supplier#000002189        | L0ECl0z03tjdB41vSGduiAPVrEcC6PAaDvP
 Supplier#000002318        | gn2LmQi Xwjp9v129esqSry5E
 Supplier#000002335        | dtvcfOsHopS5Y0 7QcGRRFcRa q3UuJsMKodwEyE
 Supplier#000002400        | rvXmKk9vCN
 Supplier#000002582        | R1auTuXErSql4 ,FqfJoJStindVfyNjgY
 Supplier#000002597        | 8yyFE4QJiycII7AbOPOcH DJYSmTwxG3TK
 Supplier#000002608        | k5SMIxuhT0k
 Supplier#000002657        | yPbr8IqeYqsj5l4mwKzX
 Supplier#000002728        | mI3cc72SxNEwaWpAtZ407p5KqxI1
 Supplier#000002944        | IpInhMoSjE1V5Rvmn39R
 Supplier#000003001        | p,vtdzmZWY7YiO
 Supplier#000003111        | 4Zdm57kzJd8jPWW
 Supplier#000003126        | RHm9TO8qDwK8WCjjgKqpruvKXNYIN
 Supplier#000003128        | 4ElO3EqeTuKYNh,SXKuqz2m21aPP
 Supplier#000003139        | lyCs,nPAiP0Ho9ZVH8Niij5b
 Supplier#000003211        | 4TnN3VB1sxFafF6FyOPYQWfbRa7D54Tk
 Supplier#000003219        | x3aarf0um8GIbx4bY4bBJur2CQevZJ5qHWr
 Supplier#000003250        | 6 DzosfrMQNELD6NjF0VczLB3qDB
 Supplier#000003261        | KBzIrdRfxoDWv83w8xUHk ZGP,DMW8r7
 Supplier#000003371        | LXfDkZ4nPlgvooE3MO62Sbj4a BbaKplWHqJb
 Supplier#000003378        | hhYP kcZ5fSOhfExZ6eGvx
 Supplier#000003379        | lITn8oL3ITnsiQ0rq
 Supplier#000003386        | VKYkPqgKzIJNVe47gpMEGLkuFLXRt1Ft7980
 Supplier#000003508        | 1fKd2SgeKAmy
 Supplier#000003624        | gbXvyWmGOMR2g,UizoehIDlhoWKN8Mad47X
 Supplier#000003655        | YCvXBNgPkoNAvD2hHR,njixO1
 Supplier#000003673        | njOXUCLw4em
 Supplier#000003704        | Ipq oyCih25j9LaPoKpE2eqGBZSnN
 Supplier#000003729        | I4Lj0t,uQ2crCtGc2ksJ0R7hdDeNybtWqPr
 Supplier#000003766        | mO suhe 4yZkt4
 Supplier#000003793        |  0PXTvv,YEplyHmw3u
 Supplier#000003820        | zsuoXVzqz,s
 Supplier#000003895        | VtxUIe5P3tzk3ykaq7mVdEzO5fqllBcxpEHkG
 Supplier#000003988        | MF7EzpHHs3IpUsAZ1cB7M9lxYuqQUWUO
 Supplier#000004017        | ryVd3twx7WnifLPEWrZCIqap
 Supplier#000004103        | EYdd,noRdDff
 Supplier#000004121        | RyVJNHSjgZf05iILX,vBEECitv3AF4S4ND9,no
 Supplier#000004159        | vCppZkSdm0jvPiaq85mk,6vt
 Supplier#000004188        | 2M4Uuj0Ciur
 Supplier#000004218        | FzGC7DOsv5mlS56Cd46JKkfXVZ
 Supplier#000004263        | DTd4Cftgq4BgEnbTW0
 Supplier#000004409        | MujJ3UmLYP7XaB59nG2
 Supplier#000004461        | HouUSURyqmrtWSk,4
 Supplier#000004493        | mYAVD3If6OnkZ5IfYjLW9yO8cN
 Supplier#000004521        | myD3l0 faInlRXsP,vwKzbHN,VjcLoQjZLnLL7WY
 Supplier#000004594        | IBOTVXDTSrtq5WLsjz
 Supplier#000004686        | w4kwdV7DRwtgOyEjZy
 Supplier#000004695        | g6KTg6OgozXMozTjPx0
 Supplier#000004708        | gvwZrzlG5X0fA
 Supplier#000004741        | DgYOWOKos9R6HBY0aU8WKTJp
 Supplier#000004742        | 4LTtuEAkyVNBDcb9Du
 Supplier#000004787        | 8jhAajHOx17JMdlwo2Xk
 Supplier#000004817        | UL ZJxywDNpE5UGHSQUsxTKMppg
 Supplier#000004825        | CjrxyjFU9Tcgg5Lnr8KO o
 Supplier#000005063        |  obF0Hgrj4moUr9u9BUXDrZgUhk6WoUDLS7Bt064
 Supplier#000005102        | ,i2pqfh6F 32nkGqSpHK6DyXQKCcEIHZjMtjbLQ0
 Supplier#000005115        | xdh9QzWM6l299yCJRveS3oqf0JQs
 Supplier#000005315        | P41wx8QlVuH0KVF SsfB6q2Bz
 Supplier#000005405        | bELF8cmaclvh7MHsX,Hlj6ncsPqO5NaM52iO
 Supplier#000005510        | f 0PMKZD0h
 Supplier#000005547        | lve22o11GmyI
 Supplier#000005581        | UtL5rJkRV4x,RfVkCxNqSDppagiQrk5b86p
 Supplier#000005590        | gvX4lIaMD5pPI7lZQl
 Supplier#000005611        | pSGcoAPtjG6R
 Supplier#000005670        | mliDT,MwBrJcAFuF,Ie0uDzgpwblYaHjY4LR
 Supplier#000005712        | RKoQ5ijTQ6q
 Supplier#000005869        | ,UjeDDuvd6xwv513Uhl9o
 Supplier#000005964        | lo8SzMQEUybrAqiU4,p
 Supplier#000005977        | V8rEW7GYlWJM3S4IIO0nmLAclj6SetYsjCEYAlAg
 Supplier#000006044        | OngloI0oZQ hujfKtiO26 XQF
 Supplier#000006075        | SaqEkAoon6kBs4BHleNpr7wjkxBUmdVTIL
 Supplier#000006086        | p0WNQ0dxAfHnrN55EAMYvr6kEnWq t5
 Supplier#000006247        | 3JmrDbyjGCw1LmtsOo
 Supplier#000006288        | 8lmR9vQ1yv,p1gx0IbxR 7m84P0oDGBFVUS g7ta
 Supplier#000006420        | WsuMIhxVOrPENcumh1aMY9MjZIJHhUEtsUmn
 Supplier#000006565        | 93bSUVzAR7StP1gOL9UdiVGNrH2
 Supplier#000006578        | YsksCvxXZYMfY7t12P
 Supplier#000006612        | KeNLynpTmU6m9PCKc
 Supplier#000006691        | ,r4UTxGeXio72O6ZRqL3contwCR
 Supplier#000006773        | LkkyhDBh7bTAPvzFq5HUmWo2
 Supplier#000006782        | Dt4TTM ,rc5mekbZe63Hzf2qx M,2XQsLUREfyyU
 Supplier#000006817        | txd0Gjo9v4vG9of9RTlfFhg3YzBcCx,N
 Supplier#000006832        | UgadmHfm2qXtLvuyK2MABgd7NGe0G2p0b9G
 Supplier#000006903        | UgUQMp80h0vqpULCwS0MJ,hMqFXNH3UYkSDZg6
 Supplier#000006912        | hff1tjJJ8LKrYA4Mp
 Supplier#000006916        | bu9b0Mng KRve7qcgbLvSU4r EuO 2ZyMafCz
 Supplier#000006984        | BhNtundEYvjh
 Supplier#000007130        | MC0t1fM6eEqGFjS1CH
 Supplier#000007230        | bVgNADApRN6dAUGrUgpuxsm XMjo2J14J
 Supplier#000007235        | sjG F7NXC5wk9bZMrBXwSt2
 Supplier#000007348        | DWsHlBJHxcggXDAGzeCyWPTvGB4f43aqYhd
 Supplier#000007361        | msFsvlfRdwjfLuk0FYdo5htVVDIKrdlTNeMwP
 Supplier#000007374        | hXPCDq Y,NT9x1WD3BEbGeZ8osHYds
 Supplier#000007383        | ECCvFTjqtlzXlDuT6erP51Il
 Supplier#000007430        | 6XfH6NiFdely
 Supplier#000007463        | U7O 9NmpIuTsFtziT1S2z1xe
 Supplier#000007516        | MXUTfa53VDJlZZz ET JU5Doou
 Supplier#000007585        | 6kpn41RCTreOmCNM2ykYoc4TqazalUr9m5AXm1Wu
 Supplier#000007613        | FQPIblYPeKqOkQuwE4F5PqHFGGwNRoVGwasy,Bdc
 Supplier#000007629        | Gxgg8RLTzAnWvf
 Supplier#000007703        | odtP Txyybda
 Supplier#000007707        | x0q 8pDWEg7sFFOGlUJ8x
 Supplier#000007821        | cXfD, N6NyIc5lkyw78HFkIG7LF7bClLF
 Supplier#000007825        | kc8mL5To13YGHGxGu7 qqx6D2X
 Supplier#000007941        | Tf7nhtroLcf
 Supplier#000007975        | qBAFcyc7T3oUEE4TjoUmw,7vRHlNGCDwqLr2
 Supplier#000008027        | Zn8wSn9eSmkvTz,jXB7DiIx3BLsU8D0dFBTy
 Supplier#000008120        | R2WCFL3A2qo VhrjfAG
 Supplier#000008240        | kFOt9kVFENwW
 Supplier#000008355        | nvgZOmTqsyNs1nlHOEYgk73J
 Supplier#000008369        | F7J5M18silHzUntuI7cKOZPXnWLlYB
 Supplier#000008542        | YPhfijxCiFKkm8,S
 Supplier#000008612        | jQEKalzEiDSGUtUPCFnrzYWUzpQsM3GX
 Supplier#000008617        | PQqLpfsDoVloc qIy5Kmu,ooCuE0bR8M9n5AO16
 Supplier#000008660        | 8O0v8,7La8RZZz,1mE
 Supplier#000008696        | s0I94iZbagQ6fezY97xKng6uwl7MX,
 Supplier#000008732        | se9LZxoJ6lPB Zole9,nJqgf7iJkwS
 Supplier#000008758        | iRK6pTtk,Vzf
 Supplier#000008862        | uBkJv4e1 YsSjXYRl35EUDsLI1DOLdgPd5cXCgKI
 Supplier#000008926        | wR2CPQNOtUVJDc3j1NsGrVMjjMHz
 Supplier#000008959        | 5DAHB95,c7Z9t9zjVx78DtgqMtljpBRVz Z
 Supplier#000008975        | HhUfGgfjarTz62JZuP
 Supplier#000009210        | sa U,SZL7BsDag12dYnXvYB9Ss2qm
 Supplier#000009212        | zmYL6C8D,yYVE4
 Supplier#000009214        | ,qaMSx5PCf Rgvw,zA2NMocm5fLSe7oWn
 Supplier#000009384        | Z7Txs1yOp4mVCG
 Supplier#000009388        | Y85UWL2NPa
 Supplier#000009631        | FJECow3o,khLY5f2sc
 Supplier#000009641        | iycAANJYZaqs45tV XhuSNXVV7,fOe2v2GPH
 Supplier#000009678        | wQMgFCRlfs7KPO0liWtEhn7XMxkJM
 Supplier#000009687        |  Ik4 Ef8rGuF0ixhIfH0v9RgzEI
 Supplier#000009744        | JwOGS,Zk gNI 2PE9LSfX7L
 Supplier#000009771        | s38uMYcXku6
 Supplier#000009813        | Lv2yLejtYVUOvp
 Supplier#000009918        | CIoHYKkKdjMBH6
 Supplier#000010078        | QfpYtau8MAi
 Supplier#000010130        | I8ydDkIo,USizMPwiIG0jch2mvWNLIv y
 Supplier#000010171        | IQRgsPKdMepo3huK4SegmI
 Supplier#000010212        | 7wmdtU69gttrK7VkdgT60amDuz1riQ3QLRTboV
 Supplier#000010342        | GZEF7Eq7Ri3Axl1hR5AWjxIy9Sk1wVXDaXJhZ1eV
 Supplier#000010408        | myJKt9UWAwLBnja6p,r PV
 Supplier#000010479        | uGtQaeB05uEtMvQ9xsRFOj0W,DNcewTx,
 Supplier#000010483        | vBUZd,HA817g4ARXay,
 Supplier#000010591        | GlfNT7Y1qhomjS
 Supplier#000010644        | VSwK,xsSxm29wCnopyE6ZSO7634I7IO5,a2fl
 Supplier#000010702        | gmoQH8pTcRNKdILOgXPMIwsY5niea
 Supplier#000010758        | j sdyuXZ8UVoS9BlNHLDQQh1dq5bPaK1Sab
 Supplier#000010858        | QLl43,I5KDGbJ6BNgT9KCkXlbKx6kKr
 Supplier#000010889        | jU4UgD8vPXSUhsWSdKx,zAwRPuO
 Supplier#000011004        | yB16y4FFes4Sa fMkZvzplZCxW
 Supplier#000011034        | 4FPtMlvfKesrDco71V
 Supplier#000011058        | De 7AWKUVAtUmjfMa8y xh2fZcF3
 Supplier#000011108        | o52iFMMexAy4JKU
 Supplier#000011168        |  JZPgbfP49JtTMf7T2zPurq
 Supplier#000011262        | OokZjtrTrid,K,nzpWiBB1MHP,a
 Supplier#000011273        | ,r22zZ12eHVkgSoLSuwm891b
 Supplier#000011367        | x687l8HAw2JF 9X9eeXQz5xVpdsR6
 Supplier#000011390        | AVrVPPOOTtqj
 Supplier#000011502        | 232xDKeCwVpd
 Supplier#000011528        | sChZd8084tdInhB9XuDrTk2l n
 Supplier#000011545        | HkHUbD0EBr
 Supplier#000011574        | oBtZ15B4fVWrE,bhTxqStzXRn1,ZnuDql
 Supplier#000011590        | YE5Vm V8zLg aVrqoNH7m
 Supplier#000011626        | 5iY3SJcmiLwwz3yM
 Supplier#000011633        | u,vrL3XhJ5ZXGDXAOlJwpUqwE
 Supplier#000011635        | sK8c30ytbD9YaTpZPV4J1xGPdGB
 Supplier#000011649        | KwG8Su4xq8XHoyGBm
 Supplier#000011695        | 6090Q6hSWS8JEJ9f4ceV,KE2 2gSxPHAiPDgmB
 Supplier#000011785        | TEczch45gK0FyyCQO2WvcuQuaxO8HCfIfXSCIK
 Supplier#000011938        | jk VRYRdne2 mTNkJfIHkr8Xt1
 Supplier#000011962        | zLEh6CY7I5Th06dptiOz5jxPMZDokn1r
 Supplier#000012171        | n8TW clohDEhzcH4VF3k,iNTfHWlw91
 Supplier#000012201        | ql9N5qCiMOM3FflRt,I2ciPQW
 Supplier#000012228        | KhaRIqDR4F jFBwyiRK8oIVpdyeu8
 Supplier#000012566        | 0hcSzit3RNH3X5hiPDuJJWRLKKbXE7L
 Supplier#000012596        | EA qDC1oZptnbn
 Supplier#000012683        | K3S1bZZOxlFPrqyB1u0cwSNcf5d92E
 Supplier#000012692        | N2ufkpWDqFYQ3N
 Supplier#000012751        | 53aFTH3HP6xyVtRgMWSEnO1
 Supplier#000012761        | Sg9p8sEDf3rWnWZYEO8qw4dQZPEmW5gsVUAW
 Supplier#000012818        | aV7PDfAR8gFwDQ4WTjxw5a6JbvTXiR,0lNFTPPH
 Supplier#000012824        | 8Mh3TArWJ km4
 Supplier#000012833        | fHUZ0 ibw6GNOPGPg,cULUnU
 Supplier#000012976        | aRwysmOHvGmHuJhvB
 Supplier#000012977        | QckxJ9bN,Jj29hLkGUrApnq72iCNsDnPBKwB0Y
 Supplier#000013041        | 2gfeSeGV6XguEqX6M41VpiTaLt,y
 Supplier#000013067        | V5yKwe2Xxy5JEsZ s1gmjsNG9Rexbawo,3ne 
 Supplier#000013175        | 0D8nO5Z,p0Ag5JGYV3CiL8GRfvi5VuI
 Supplier#000013266        | qBgjgHgiHMaNpK bD1ssLnrK3D2T
 Supplier#000013350        | eChdabvgc F8
 Supplier#000013393        | v4eumpgT0qk7nQsL9Z81,nJUqilr1I33MLhG
 Supplier#000013411        | 97syH  m48cSp3KzdGX
 Supplier#000013471        | f0bQ5PGDseKW50
 Supplier#000013484        | rzBsiIBsgls
 Supplier#000013496        | pIt HooVQrtXlRF,POX BhsetPa
 Supplier#000013548        | FV9Rnep9Bec6XH3kVTp
 Supplier#000013633        | JsJtnTwRg,kd
 Supplier#000013649        | qh2E7efCjE,RcAtvgTjkYvIqLdHxyRxRuY E
 Supplier#000013726        | PfscCwFUdP2u5yJ5T
 Supplier#000013765        | HNB3YNV80Z5p2Bm
 Supplier#000013797        | 7fUso9BIVblnSrCqpeD695LsIsolmpue19
 Supplier#000013845        | sQSZmWSLToqjFFyGkdbMv6
 Supplier#000013941        | RdABZLpkS5HhNe2NSZPTMsFFxl
 Supplier#000013994        | wshtctFfgrjqk17oW1nGiMeWHR6KzRfTGCy
 Supplier#000014021        | gtY79b as9Nkvq3Tm6ox
 Supplier#000014061        | g7gRDY7t1,T
 Supplier#000014278        |  RSbohmoTlFLW19x
 Supplier#000014304        | isVnHIioPWRunnTgC n0doYfJxpu,wcBW
 Supplier#000014336        | XB5KO7VMEiXzfMpQfzIipag3TDnm9uW
 Supplier#000014388        | NEa5Yv3yLnmK,Z9i8BkZyG8EiGguBLkE
 Supplier#000014397        | Wv0xq4NY9i5ny,RAfqoCK7JjW1
 Supplier#000014497        | Q5kU8gL4b3ZXo
 Supplier#000014509        | WF4nW9vxbDk0R6FinbgG7acoAmVKw
 Supplier#000014524        | ldXBUpQddxMQXGlLX7R86LwxYANQ
 Supplier#000014582        | ls3E0Pc27t7 MiylI0mLo2Yj QOU1Ps
 Supplier#000014597        | wFgW9h75lEzfPMubHteH9kVmaspYG6vix82ZbWtb
 Supplier#000014641        | DL8DbXHnkpVImsPm,Jh2uDTa,Bsbu3G,YfFB
 Supplier#000014720        | 7nc9wWI7dewSDAnju3ftY
 Supplier#000014814        | VNvRkQ4LnO6t1iypiXWFJPZkzex5Zq
 Supplier#000014884        | 2EHLNMI8ri4ZBdkkKLP1lFkG6dW
 Supplier#000014893        | PQBE62QWmoUeyUJFSOc742r9QbiV
 Supplier#000014996        | P2X9YSv6SXNqmbFqggHabG0xGHG8TE8,
 Supplier#000015048        | g9WCPrMUswsAu761yQLlFqPUbJw
 Supplier#000015067        | f6wQR3S20sGC2KfcFZoal7
 Supplier#000015115        | 8sTCbrdwmm1oz KC9Q5DrHG8j77radZmBl
 Supplier#000015117        | VrsmNm0 5 9olNLi4RbNlOrz4Rl2
 Supplier#000015273        | FM1,igLlGA
 Supplier#000015349        | qQ0JxJ08tVF PyRdZ5sNODf Ko7y6nroWDP
 Supplier#000015357        | L71Hl9Pmqqoqlt,eg,xLwEUEI 
 Supplier#000015451        | XaUS04hA6mcow qeCHNDWtJxp2yNMCf64d4bfYJ2
 Supplier#000015486        | F9d8bQ4vQnB EOu4O7FdaTLALvFF6
 Supplier#000015502        | X5YjLpKxg8AowcHDLjc8A
 Supplier#000015621        | KMFXCjXE5INVo9DyKOJUS
 Supplier#000015636        | S,OLcqr5CBtht2ydphlOXaManOZI
 Supplier#000015660        | goQXksUMAO
 Supplier#000015678        | wSPG1FPo8s1TFJu37pYM289
 Supplier#000015709        | 6GyQruFx 9DXl4n6
 Supplier#000015734        | VeFd7zEHdkd9f8pTxR02YUSKIKsj2SY s1Z
 Supplier#000015742        | ZN9timqBSAOhf8Hk,9 C4GgW7qPqnrp9Q3z 5N
 Supplier#000015752        | gpVr5jYT3AkhD
 Supplier#000015801        | qMcsaZP0uONDjGe,URMe7CM97EFj3o2zxx
 Supplier#000015879        | g,3zt5XlHyD5hQFFspqanDLgqjvO
 Supplier#000015922        | nGnrmrcTBIJw5KXm9jg
 Supplier#000015964        | 7xWZODsO,i
 Supplier#000015966        | Kkpj3P2gvqKohJ42APnjGkCLkccyBFrSIsI6FNgg
 Supplier#000016003        | Elilx53L2t2bQnYyMxcYGekU j3mK7a,U7yPtSca
 Supplier#000016061        | oR eFZG2Kp,kAFg,7BLuUESGG4ep d,kVqg
 Supplier#000016071        | pNiUjLDIPFPECXTW4
 Supplier#000016072        | c7,rAxBQqoV
 Supplier#000016237        | YslS8LyyyW7yjtGQJvPsQk,Tt
 Supplier#000016275        | AQjXaIqpYzByLtgE7bRRV91ycLPetUQrZvGghY4q
 Supplier#000016339        | DT9EMDKNyJhaRWNho,b2gmULq
 Supplier#000016347        | hE7t00Iz2v5k
 Supplier#000016374        | uyS0YaJXTJ0xXhIjtWF3PH8 
 Supplier#000016408        | MkMEutb3oG4,M
 Supplier#000016471        | w1O8w9UdfBlNl9BM
 Supplier#000016525        | uPvYUVAbK4uA
 Supplier#000016529        | NxiafZEx7nV4jnUKdIil2qLv
 Supplier#000016543        | nQ09SzlVUvclI6xD,jFDwMDD,t6tG8cT7
 Supplier#000016574        | MwKPtLt4E5yLuj BPnNSkmPdd0RdJCd8vQp
 Supplier#000016604        | tOBdefre9n1EeGSyPPhU
 Supplier#000016631        | q4Wu4Ld0Fk2snu
 Supplier#000016666        | kF4Yb7X,ij R0lyMCQiXYEr,RI,ASbbk
 Supplier#000016882        | T9U0XF5exeNKGVQvre
 Supplier#000016908        | 4nS6 ey8P6elgI fkMrDOZSOkvFaN20Nm
 Supplier#000016929        | oh,Ln6zFS1UUx61IBC
 Supplier#000016958        | CcfwjvVRRRRcRe0NNyW
 Supplier#000016959        | OnJbh2NEZtrAgeL6Q
 Supplier#000017022        | s3jfF8ZDkn8gfjIeWgan
 Supplier#000017102        | HI18lSA3VJaD85gv
 Supplier#000017108        | 8yfwKKY7fXDRy
 Supplier#000017188        | wW8x9Kw,Kt5dFfBVzdkq27fQMa1,ijpd7
 Supplier#000017201        | qkgRPZwuSjgvyJdkTTyTBU97i1cNTkb2L3cRD6WH
 Supplier#000017263        | kNR70Rri4feqa5KxHDLP4S1fg9mvMq7
 Supplier#000017284        | 5AybOtBPArGWqoEPFG
 Supplier#000017377        | K7H5rWWx5OaAXiMX61zB3,1TQMkhhdv 
 Supplier#000017483        | xO2CyxvzhW
 Supplier#000017495        | go,FEYzTEoak
 Supplier#000017546        | tGKQrc,TWZQynNxkeV4N
 Supplier#000017548        | 18RKvtXMJdfURYSG1Lql
 Supplier#000017779        | fCo0JWG ,BFv9W0cd
 Supplier#000017780        | EdAvPpNwAhJwd5iyJ7vmga
 Supplier#000017853        | Qbi5qdVsFxHI
 Supplier#000017899        | 6eVD4Ac7hjuEPTNpFQ
 Supplier#000017939        | MACaL53HyPg
 Supplier#000017951        | TkKID4bgC3g858UmgSVTUN 4FtBIqn7O9
 Supplier#000017967        | 8Uar4mBr9WthNJ
 Supplier#000017987        | 8rksdSBrS73,QNIv7,Z2Jw4MFbxEnXY4
 Supplier#000017989        | gwbvjsJ06xnTvDMg,6c2E08,Um,tg
 Supplier#000018048        | JvQJrlrpyDn
 Supplier#000018059        | u9kR4DDZ jg5tXj4faUD2PTJVrJC9KB
 Supplier#000018184        | 8WYaqZwJbRmyh 1l,fUsuoXlZUFYzPZ38og5I8IK
 Supplier#000018381        | NwW0PUhtcwcb2tCF65BUaKk6,YAEKl
 Supplier#000018423        | 5jZ3MqC3ta0KvwkucHIxasYLAZcFmsF 
 Supplier#000018446        | 5MFni9SVv5bxyq10cM
 Supplier#000018602        | 9sNScjjTueHUfjfVIPP
 Supplier#000018619        | Ae96rRaixFzWqFaCO76aTkZGdVmqX
 Supplier#000018774        | HIOyoTHxVsRqc
 Supplier#000018882        | 4avTNf29ZfkbBR7IVw
 Supplier#000018894        | HvoOIcOBAgLK8L3mCK
 Supplier#000019365        | ZDefUWzDdexMImuN8zevf,lIAd6gEB
 Supplier#000019384        | QbwXGay1DtAEKFUhzd78qf StxG6e
 Supplier#000019443        | 0u2ccq gsIuZ53olBmmkXSC8Vyx
 Supplier#000019506        | RzwmfOix0wtd
 Supplier#000019575        | XkojJYLvpzwDK XbxNoliTzVwd,f N4gsydWyXDf
 Supplier#000019589        | uz2v7mCJnDDeriK68tHf XRkzPjnEVqJhD
 Supplier#000019593        | W4Zc2bzX1sWjS3
 Supplier#000019739        | OK21ED7jTgITQ LNhY2rFl7FA i7ImWjo
 Supplier#000019742        | hnKTUQ 6uzusJgR
 Supplier#000019746        | SGDbixqkEItFZKY4xZL2PzqMbz1M
 Supplier#000019764        | WvO8l1C2cWLIj1n
 Supplier#000019974        | 75KrF25BDpdZKCOyJSBbfSqPc9rtVpna157XA3P
 Supplier#000019987        | zlcBIAPIM8gK8TS62LZRSvOSoXgLPBW8KJCS8dt
 Supplier#000019998        | pqF6Py,QG1TUXKw1x1zghH3z
 Supplier#000020099        | 7b xj20wyjIJ 
 Supplier#000020277        | D3DGkx e ciEj
 Supplier#000020286        | 1J3QK9 Bzmavp v T3xfuiU2
 Supplier#000020438        | 2h6ySzfwrrkAhLj79qpFYwdwRps6Y47L7C9pbC
 Supplier#000020655        | bjzA uQZo1Ro9t7BlncS6sC4gl91hHk1T3E8X
 Supplier#000020804        | 9dhAc0dg9fNm4Z6bHR
 Supplier#000020806        | PLCgG9Y2VpmT4uq79AjgrGUZ5s8Ts9R
 Supplier#000020809        | 4fYuzEAWymEpmeKhT sxHUNoncW7vLvH7qYAWNq
 Supplier#000020810        | ,ldvxwh5EaKUNCFvRkDTuPIWAPXHY W0jC7
 Supplier#000020856        | EdBAa7p4mn Bqr 5
 Supplier#000021024        | kZkva75PXDGZBgVs2kHvv192J
 Supplier#000021062        | X5wqTIXPxSLTJn
 Supplier#000021136        | dyGsehuxHdarhaC9HMAV6xXr
 Supplier#000021215        |  hbOLMALlfK,9brO0YIeGDoM5LXuXGPPwzouK9
 Supplier#000021257        | l0YFAvhuVNL5,
 Supplier#000021299        | fK54zvdPZ6CfY0qRXc
 Supplier#000021306        | 3t,O1XWwsXi2sd F8oY4uk7dilPeYM0q
 Supplier#000021441        | pyd2clAZLo0qU2BM0qM2X2WAXAj0QauHjzAJ
 Supplier#000021472        | KG2b2O4EIxYJEYoN1Bq
 Supplier#000021509        | N2KIoT72tiHAwo6Cf7meV i8hUn
 Supplier#000021744        | JwbTxfiXmDELnMwWuAm5EvpdJcw1y07IE
 Supplier#000021772        | WBvaNAOANxhT8BH gKAjy,ytrt
 Supplier#000021798        | x1DFdRp PP,sZ3
 Supplier#000021805        | tbXOq5tw0ZF4NaSvv zLVy5
 Supplier#000021866        | 2DWKKU3djkNgQa,uQ7EQK0D82
 Supplier#000021890        | VY34jSFNIfaGhl2AgqkxCARWRTecXv3
 Supplier#000021992        | ov0pkaZIfOXptM qw3xTcUL
 Supplier#000022022        | eeEd0nTg4,7u0IT0JwmOL dFsLL
 Supplier#000022063        | 644oh1 dj6X8Eev2ZBlZxTEHs
 Supplier#000022068        | nhEjJr7bWDPg7 b7se
 Supplier#000022086        | WUj9DJ0daAGQPuq
 Supplier#000022260        | SyfoD4EaqRu2zwhBMphVqBJ7Lh
 Supplier#000022267        | QAPmWNSUcBgO M63RaS4wkQ0PW6qN6iSbBvci
 Supplier#000022282        | wJJIepLO9bP8
 Supplier#000022407        | 3na4HXGEXTO7fC,,t6Po0WFeqxKFE2g5yncQ2
 Supplier#000022415        | 335TW5YwQ3kI3xqjiKkvfQFd,yP1Gum
 Supplier#000022416        | ZzOmnqrEZAagpMBmZw
 Supplier#000022418        | eSNfgho,QzjrVmSz5k9y5IWUWFOVIFEGgJ0SmL
 Supplier#000022520        | 0Tlr5Rfzdfx6izK4
 Supplier#000022636        | WPb7QkoPNM3fsp
 Supplier#000022641        | BvzY7UYUOQyGEWhefAZ7jKW 3DF,3o9pf41
 Supplier#000022645        | Wx98qYWCZhMMKEkDuN1vKm7KeAGxPRrGTTr4
 Supplier#000022657        | vCyGJ4nHfHCKpadu2 JBsw3VdjNUJ8dF59lIw
 Supplier#000022687        | 3v338Kma8qY2n
 Supplier#000022699        | dvJIjML0bdBG4Q6 fgw
 Supplier#000022707        | z0FKZtxO0lvJkq6LoUTFERfB34d
 Supplier#000022798        | qgJlPD0kBPH
 Supplier#000022847        | zvurpUdG ZPLchhP7AJWXvBm5X99oN
 Supplier#000022866        | VdDLifqohwLkexPqJDT04
 Supplier#000022868        | 6NmzdSqUO,QtVGlvNI
 Supplier#000023041        | c1c7Bd1bAEXeDLwbGCl2dnTAWAajPobFY
 Supplier#000023047        | s9QASP61DK6wzVQZN01 oZ7T5ppbRltq
 Supplier#000023084        | h02mKUahD2Q01Qs9m,sB5x
 Supplier#000023091        | 5hYTZuNdxvFx,GbZ
 Supplier#000023103        | twYt8LIj3PsXgJg5XIzAwbUP6dbUjHyqHbsgdFX
 Supplier#000023109        | 4uRylmlfeOUBGsw12M,bDB4Am6
 Supplier#000023222        | hpzIq KXELaPGeowsckTK7gg,86vU4
 Supplier#000023418        | RRa8GNL5rJrRc6cGZzoLTFsg2am
 Supplier#000023704        | P8w04khBSvZl9z1FcBFPmi5lulajvN5QXwULB
 Supplier#000023729        | mmJiGX0I92oadc2QAtkjlyQB
 Supplier#000023918        | ,mZh eZ2fH,AwlzB8myA UCyujo
 Supplier#000024007        | tCi8tQAOgHPoisMxuKwWVyRjjGh7p2xM
 Supplier#000024013        | oye9LODy87rP50
 Supplier#000024114        | ENndpqtNy6Zw6MpmGVAIFTbk0En7YP2Reqt
 Supplier#000024139        | Syodq,bEDLTI9o1FcHvIl
 Supplier#000024199        | sBVrI,s3VYOsJwo44b6VlFn3GQ5HV1XxHgrU
 Supplier#000024215        | EX 8yqNIuVyZfaoHYF
 Supplier#000024338        | Y4Ddtw EnAToKAAEwF,p1xwPtw7Y68yJ
 Supplier#000024345        | RDXOHfi7UYQs5DxH
 Supplier#000024369        | Lxvm8NekMah,OSsj1FQ4dGTIB4KoZrfRGhs
 Supplier#000024401        | 5vstRb3zzJWpl9UB38k2CMAfOjr4
 Supplier#000024608        | W3ITqxGt1xh bp7WPsHA,Wc6X
 Supplier#000024613        | g7L9SjAYUxRycrXi8gW9KXF8
 Supplier#000024728        | Z,67WMD8,7EA5Qkrpue1G0 g0spFw
 Supplier#000024776        | 971BmzSTIpvR,LxT8XfazTVUvvImm
 Supplier#000024880        | WAK6Id2fX5xE7gdIIz84j6OqzYHUwiz
 Supplier#000024893        | V2aH3keY110ASPDuOkKjbIk0MY4y
 Supplier#000025013        | YNlKCq,R41L335zW
 Supplier#000025047        | x, lA7UwA5rAOwZqiDapbqTpR2
 Supplier#000025205        | nkyjScigpGKvl3Qcp02,2pkQC
 Supplier#000025286        | XY1T,knLcjiETLVWC
 Supplier#000025357        | huhbcKkvp 
 Supplier#000025375        | gTung2g4J6I7cuGkgV05b
 Supplier#000025482        | yxrtVns2C6iBzNQJDnyKhB5IFob1pBNjf4P0njg5
 Supplier#000025497        | ajnR4LIAwwmkeg
 Supplier#000025521        | BsqmVhL8WjXAUSeNaoQUx0
 Supplier#000025522        | W6aVTqxvPLIjY1Ekv0b1,TqIM5bFLe2
 Supplier#000025569        | 4698uEWjcHnzi6lIh0NB
 Supplier#000025598        | mPyXyP1vr9sbhMg
 Supplier#000025720        | qdxrkaa4J6Ai56GG7hnaSWMg CKtENof
 Supplier#000025755        | CsQ7xr6G ga
 Supplier#000025793        | HkVJ,ZFcmTNHApdFmhWVcAkazaSLyGQQx
 Supplier#000025799        | ToOkoK883,pEGde6Z
 Supplier#000025836        | IhH6TWHqlAg3anrBjqguDncHCxnf 6,x ,
 Supplier#000025887        | 6cF8lJzc,kOHRVvZ,FNo3
 Supplier#000025961        | U2uRHas6ckVD8KQj2J5IvxqXT82dp
 Supplier#000025965        | 3Ri7VtZHAhui36456z9hXFfvyJNh
 Supplier#000026047        | dyYXs2Xv3dq5aThWcewNZVwM
 Supplier#000026094        | lk6mg2Q2lr,kOpOzib
 Supplier#000026184        | i73IEWmFcQO9E7gSda87yJ
 Supplier#000026223        | auMTsM8z71z
 Supplier#000026224        | QlXqM6L5sqjClF6YT0iop6
 Supplier#000026253        | P4oLZ9Mn2ickDKHPOc4gmVT,
 Supplier#000026369        | HFKXzZbL9Aqckd y33N Aqh0jfeptH4tDarAR 
 Supplier#000026385        | ol,mqq45ibHr6MT,LggBhTHyT4EGS
 Supplier#000026398        | 86kwTdciYI
 Supplier#000026403        | 5X3W5Bai7ppMqO7EAsWfofvg4MEVW5s8FCUGwb
 Supplier#000026575        | ORZ3QEPCKDibL2N24wULga2jco2esqAvgFDnVhhM
 Supplier#000026902        | Vb vPshLnddDM5pOqMGWWVM
 Supplier#000026938        | jgeNhubmYr3BqbbaJUPyg87yNQ25Zr5v
 Supplier#000027019        | YtTWcrl0F1gy
 Supplier#000027076        | nGfOaTS1qnR,RxPoBSMCXRY,o 
 Supplier#000027173        | uT1JnmTgLTg7VwaJ92Y73s
 Supplier#000027287        | DUzozoUJW6
 Supplier#000027313        | PmZqiTglIEpP1G, gAFX7nwuiAeh49zy780j
 Supplier#000027349        | OUfX2P2hPrtrTCVEh
 Supplier#000027352        | rLXP q7d,cckidFCJN
 Supplier#000027414        | s8A8hWg9f IUS95pseSzxK0NWaSWwao
 Supplier#000027465        | sE1x7c4CSM2bVO2
 Supplier#000027503        | 3gKaa6irZ9xODJDoKKt
 Supplier#000027519        | MxlaY35mrA1t43LAdt6RgroxpxPoldSq3EGLS1
 Supplier#000027577        | VpJl2Rfjdneq UA,sw8MU5r2M3t
 Supplier#000027617        | glqryNs,vcP tfAOs
 Supplier#000027658        | BNdUF FukncYS03UpxBq1WkeVuPjo
 Supplier#000027663        | bD6s8rGrgc0i kKvo
 Supplier#000027671        | HOByQnifYiC
 Supplier#000027695        | XHGp3X0yzd5AyUICrPCxtwY
 Supplier#000027748        | Q1mLN8FUDQD5AY7qoBmX
 Supplier#000027767        | t2J2j9J28K nw2ER,a2hgq0mh20H5FhwWAWl7mIA
 Supplier#000027822        | Y5owVVa3ncq
 Supplier#000027831        | eDFb6CVzCxspO8swZrMb3nREzHqt
 Supplier#000027898        | L03OUyLUrcX6RsOxpl5srvuRX0A
 Supplier#000027976        | 90bgjHvgUW6gKqUS6E
 Supplier#000028009        | JDIfdCsspphOpYD66A2lyUxrofW7
 Supplier#000028046        | Zm6pOWpUk4yq4KbwGhLQc8PNoAOen8q79McKjR
 Supplier#000028072        | f51VZBw3NQd6 SGljmDc73FTSkfkF,wc1E
 Supplier#000028158        | 9bi7v1AFQM cu04S6OUnh3dsbfRg
 Supplier#000028233        | VAWbh0,rekd,Wmrtwfz 4 gYy n
 Supplier#000028236        | oQx6Fq15vovZLv9MbARP0qPu
 Supplier#000028352        | FzvE1GFauSJLb3jxwz5EO7IKMR4qN
 Supplier#000028361        | pxBEf3993R7r lOj
 Supplier#000028473        | izkoT2UVXVTMmdk,b0p,R8
 Supplier#000028522        | k5RrH4vHn4OldzF5om446ebgiPGwNlOaeA
 Supplier#000028530        | 4VEmWVBenVNYaYEgDA
 Supplier#000028541        | UzYp7DpqQNoXZCDofu2szqkjdlQ5
 Supplier#000028624        | tDvj,gmTnotNpeCRFfmSaUWHNPlu RmSM
 Supplier#000028629        | u6ArlEl2HYgY0qSQviMg6OwL,
 Supplier#000028738        | WSFXx0B0v3SdUk4ODyYaZT3jC
 Supplier#000028760        | BENUrOH5 AReRkDmmO
 Supplier#000028835        | uzjhqAa4BRYzOf6HM IwDpOkw
 Supplier#000028869        | PRmGd9Cg,PVlmzgIdf0Ou6lr3ILh2ZqQ
 Supplier#000028877        | T,TAH1wbriP51Ev0lqtch9,H,tboVZ9C
 Supplier#000028879        | Rty6EDt85PWqrMKGqVn
 Supplier#000028916        | fk3 gxaOyG9RdF,OP4qC
 Supplier#000028987        | bX8mLj9K56u
 Supplier#000028997        | uknh7BqX2xFMF7caykNMXilJlQOuqVRnXg0a
 Supplier#000029086        | iPmFAXHVdmRFINwUadSAP5 z4K
 Supplier#000029110        | ,ugimxpQBkNcXg
 Supplier#000029169        | UcPjV41AMERjUKqvY8Onr
 Supplier#000029262        | FccwV1rdzrQoLpWTX7ND
 Supplier#000029268        | sABxG4NLr5i0E
 Supplier#000029373        | R3oyq3dosUp1aobZsKKPI6wmAtp
 Supplier#000029392        | qiy0JX4fHeq3oG23z UcHX
 Supplier#000029430        | 88dfTYsg0x
 Supplier#000029610        | GLOjVywNYCrfXqjI
 Supplier#000029617        | 2b5I e2jEVzvG5OR5EwoUmX6 xpukrStY
 Supplier#000029643        | 1xZWso2duaPZDM12a5
 Supplier#000029787        | liamotShCz9zR4wHb3hqq2MqOKsH3VaGGdwAaf
 Supplier#000029891        | bsBgNeIIuAQYVP gJ,D52P8Rgblk4UvI3SsOv
 Supplier#000029959        | yYwGb5YVsgwaXYqydD20woSdNfv2bn5
 Supplier#000030005        | PjRRLlqaLjJy4
 Supplier#000030174        | 17QLo774b,AYB NIwNOGIsClIR3wF
 Supplier#000030259        | ObJxhKuqCJ, X
 Supplier#000030261        | jXirgGXkbLLv8FJof7tVYokoO,tyiSeRIpA
 Supplier#000030270        | iZQQilcQLUIeRw6vld1s5R3l1vqH 1
 Supplier#000030285        | fJfMaXSPnaz,
 Supplier#000030299        | vlmu5x4wW AZ0z5DJKlJaBXDgDC41MEq1 gGz
 Supplier#000030315        | lkNTLOSSAgQgsO9Pr33 3TUVtCiFPnmI
 Supplier#000030398        | JmXzVAWKZPEn4ta9yqBnjjT1EtOiDHXs5y
 Supplier#000030461        | 4CMtFYr6fMUhmzPYPMKJvo665LT3R4B8DRg8f
 Supplier#000030607        | B2Hph ErXLLaY0eIsg,sBAwTCHHKQ
 Supplier#000030628        | nI9aj2nAWegB,f11Oj6fjCTT1S
 Supplier#000030736        | YmusFY0tDr 8 rsZs3JavLFc4VuuL
 Supplier#000030837        | 4hXcznRzBrm7ngGSS8BleN1 iktEgO4lgSoRU7x
 Supplier#000030872        | 2pxIgdWNryhmoqMsHZK6CS5Ux0AdPn 
 Supplier#000031084        | mT6z2mrPzhQbQsl1POi6WTs QgQAuSiG2x2y2
 Supplier#000031281        | 6uLwd5iIolD7ArbyIOLSxCSrN
 Supplier#000031302        | GgDwQHRMHbxMeos28Hf
 Supplier#000031463        | NUnfSd 4eBKpXgUyP7BgbD
 Supplier#000031514        | m4gAjiizur3Fk4P3uG
 Supplier#000031576        | vmi7CROd FEVBBc
 Supplier#000031622        | hCX59JLELTTIRBLzI
 Supplier#000031688        | cnJ0TX,af6LGohVwZ8EGLrkP0ll,xGwgSZFpodx
 Supplier#000031717        | jvMpAJXejj2QCVv6rkMrlVlFPz98wraT,W
 Supplier#000031767        | 9,EjEDy1SDV6GQ9fVwbJihqKh
 Supplier#000031814        | Og92eAqoelvfDIOH
 Supplier#000031872        | mIkeg67cwxORnccwtOc5 24uAx5XRUe
 Supplier#000031905        | MbClJDc2AIBR0 oYwYrp
 Supplier#000031908        | dzFTVsw2JRJ2ikP4B7eVBosH
 Supplier#000031919        | 7PuRVqc4mUUJjChArYJE wi6G4z B0oIM7ht
 Supplier#000031998        | Mxi1el vDPbHVUQ0DAzXEdEIAL
 Supplier#000032048        | UDlRGqC HacH
 Supplier#000032245        | qgXHPG4T36m1hVzvWPbq1UITn1
 Supplier#000032348        | ,dHWBG 9p5GsUwfsUke8lNOhFfX RFMr5
 Supplier#000032353        | 0C1JsDDCDV5i
 Supplier#000032576        | rOstOrq1SVWt1k7nUkdrfTvF8DUBpgrizRP
 Supplier#000032614        | 358DJcO xGkFY6Z
 Supplier#000032724        | CtVIdC5Pjk9G
 Supplier#000032757        | TRcBojrtVn25D5U321wPX6ZJ3WVdTzh
 Supplier#000032771        | dasJrxhV 0HG93t7DJzB5iBELgXi4
 Supplier#000032773        |  J3g4nQR2lUiQdxASNBSl4xTHA,ROIfD
 Supplier#000032876        | kFB7sAwLUgWOUMKHEM4qIgSasWf2RDasw865cZZz
 Supplier#000032879        | eZA0MvHOOiTwzcz2
 Supplier#000032880        | PBUiQKb,lRycw38Y1UWfhkHYTDFW0
 Supplier#000033121        | CRRD,2WZs2YbZf9SfOj1BL5S
 Supplier#000033170        | HroMgDrb7ogg0b5MtCKcq2R HHeKF,9
 Supplier#000033232        | hui  5a9KQ0iQdKho7zpv9PBk fz8tqKavL2
 Supplier#000033256        | 0AfXjC8XuM,r
 Supplier#000033278        | j2iGmwOld0Dl5pKkpM8 JmGzW
 Supplier#000033343        | bopQPOpqrNf4HNX 
 Supplier#000033357        | AwKkxkih8e
 Supplier#000033541        | amrrBl kFH
 Supplier#000033607        | nI4mHIazJozrcl
 Supplier#000033608        | 1KVa1JJe6qZwb6q2HYUc6lNR9AG,qi
 Supplier#000033617        | atMGR,pv8x4LvKXMz6Ws
 Supplier#000033625        | gEEFBNPeuaF8
 Supplier#000033704        | M 1E598sso2vqukWH9YZPSOZHGh5DyYR
 Supplier#000033714        | Dp3NdnLXqjh9X8a txFMfTnUluh
 Supplier#000033763        | Bc7T xnWEbJ
 Supplier#000033828        | TV3wyCbpAh
 Supplier#000033962        | Uh2n 2nCntb7gx lxaeo
 Supplier#000033977        | e aMqR8FdAYASP
 Supplier#000034146        | zFGTyChMijLU
 Supplier#000034453        | X 2S29bL54iFUI2Xra1
 Supplier#000034521        | RY4NVVxaRPaHb7X8JTe2aTmhjlJOeOCNaMQv7J83
 Supplier#000034540        | w21iQxbSee1xKX
 Supplier#000034553        | VUmYgyaY9xsCntYS Q GkVvMmC59OwM4vnm97px
 Supplier#000034557        | u9LatQt5FNDFp1aE,
 Supplier#000034611        | xjuBYdVmw2tFaw,F igo
 Supplier#000034714        | YJm svc3efPX1ENiw8,Po0liKmXk
 Supplier#000034715        | oz4bn syosTDUYKXAqGDrXtkxe
 Supplier#000034723        | 0qHTWhFtlAns3wCtB9DiBHfM
 Supplier#000034737        | yYWUqksoM l
 Supplier#000034741        | 6sSs0,AJysmSQUzMTnLFiwWg5uuoVwxoDM3g3
 Supplier#000034759        | 6sZgM8a1YwcW8WStTH bPo
 Supplier#000034775        | ,rN7,jTgem HHNWkpFSZ
 Supplier#000034814        | jR8WOPuFgK34,31IJYAYv
 Supplier#000034828        | gAI5oTVf54ddHnZia
 Supplier#000034865        | x3qiCrsgTiAmkBO7
 Supplier#000035001        | 2p9 FgLbuV7GEwcEhRvil5f
 Supplier#000035034        | qffUaB4jhYhep
 Supplier#000035081        | FHc9x,6wAR5S9jN
 Supplier#000035277        | ex7Ga9Ry313MOO9Frjv4wT1DTocs6oNwPl3JF8hn
 Supplier#000035369        | Med4sRotJkQLzCPFjEw02Q ,X4qywrh2CGYCU3
 Supplier#000035450        | y12tP2LvZO 4Z3
 Supplier#000035453        | cjhdhkk4VOpSM3mUH5sV2udt
 Supplier#000035500        | ukXkR9WwHQ
 Supplier#000035587        | aJliikBa6ePCh9Q8KGNm26xWn1AQKe 4avPlNO
 Supplier#000035669        | kA3msKqT6 r
 Supplier#000035704        | 4F1D7v99bwjCmfew8D
 Supplier#000035860        | Vq8tI0cfeY0bmRAnSxTy
 Supplier#000035898        | qzLvicwu7ichlrEIPhJ81 AaMc keja
 Supplier#000035914        | KfAYGfj40UvRkE0W4Jy lBbNp63W39YGC7AJ
 Supplier#000035924        | wzhIQ6g,s4cqnBovPsd3cXob18Kx2mO7
 Supplier#000035940        | 1WpwqHRnSOW3qpi
 Supplier#000035955        | tINXMzVWDjlyaez
 Supplier#000035958        | Lf7T,I2SRDE4 LuOBYgzQskyWRlsD
 Supplier#000035973        | cH6TqSOV 3gM4gk07wk9QwcXBB7
 Supplier#000036004        | q EUw3Dmj3kKH
 Supplier#000036022        | bvR2fhtNNQr6zwHuPFxngvSOaDQILVE
 Supplier#000036077        | ZBPSsroyo70zS
 Supplier#000036102        | k76woS0CAkaffDws7iUBhj
 Supplier#000036115        | PXcmFhfQyHthWaKRLxjuNKw7qL
 Supplier#000036168        | dVoZmMnr,pAOVHvjSY6d
 Supplier#000036178        | lrwW2dC 0pXRMeAmcf7cZVLB0rF
 Supplier#000036188        | SGvJlOxQ2AvtWRbD9T
 Supplier#000036194        | MxLD6blMvUoJJj6ZBgjCPIBJNak6UHVBmE6o
 Supplier#000036351        | vxTut5dwdpuc94EfGDa,9GK,1,5B0boOEj9r
 Supplier#000036387        | XxX5c5ENqID
 Supplier#000036437        | OM0cgHyhw2FiFuE6y6PNkSwvgr0qK
 Supplier#000036457        | XRGTPMKC5iG
 Supplier#000036543        | FdfESt,aqJBPsXqQnPPTAgtARfhHBB36xOV
 Supplier#000036663        | ,B3x,7BLV1BQzKIIDeH q9ySqnWgDIlKj
 Supplier#000036677        | 2cq95vDbXElPMiWaI o0in
 Supplier#000036753        | iLs4KXw8rUNr,o
 Supplier#000036807        | l7aojg098I23
 Supplier#000037157        | E54FnWWxnC8dXgkRi
 Supplier#000037164        | iSYXFvEYpLVGocNJHKBiV67TXEv 
 Supplier#000037165        | f2e7 XSGRzxLG
 Supplier#000037193        | h1Ymo26mNObu98FyFf
 Supplier#000037209        | StRLiqRnKqqp
 Supplier#000037232        | zrC,pnRMbhZMTfH
 Supplier#000037279        | Z27dr0ppQfUDLufUEZRmlzE,,OvXTz7d,m,F
 Supplier#000037303        | qRMIPpb4ZxDkaWMwSIjCR
 Supplier#000037316        | SuUmyI0mhGVZhGnkrr,BUIwWqp4Lc29,cz
 Supplier#000037318        | EY1xx9ovaEEPWQ1
 Supplier#000037378        | 62zeMnnVhzOq9
 Supplier#000037395        | 3SdJOErNUIS6TFympgPEVNJYp1cSby
 Supplier#000037410        | vhJ7XEoK8gvhHjCfMy
 Supplier#000037498        | G2NRTzrrfVx
 Supplier#000037658        | SEh9v7C6WXZo855C5hu6sbkpRni72No
 Supplier#000037686        | jwRVqxhq,kAlFcoBi
 Supplier#000037697        | Y9GicN4,2Xnu02Puh aW4gAWj2LrO3JxwXSxBR1O
 Supplier#000037861        | otLplXJJ4vJ7AcjPxaDcjQO
 Supplier#000037877        | Zzjrmcm7JsXw
 Supplier#000037887        | Ye,0ar6Jt9AHmQr3rhroEvkXxla0FC 
 Supplier#000037964        | ClellWp9DTQ5RY
 Supplier#000038024        | fbcaANln3naBlBPIPmM,YkFw
 Supplier#000038112        | yuyUcA6Xcq0hyWWFeuzfdkpnHEU7UOaAM9
 Supplier#000038156        | j6OJxcBSH8
 Supplier#000038162        | yFUmn2Lc1,erpWjPrShjXoCPTRA5k1k
 Supplier#000038311        | IpzaJygLmlfU3raf Er8REB0lq8OBhG4zYzoWs5
 Supplier#000038337        | uuT7czF50FdwCfYZHSegNG06M
 Supplier#000038406        | oXUGcnpsYtT
 Supplier#000038503        | 9ztrG,yPHT8Xcr2gnYyQ0iywKbs 
 Supplier#000038631        | 6T3qbt0XKD,fqS4MHneOFtHM20
 Supplier#000038726        | l7loxGpPgXzz1M a1
 Supplier#000038810        | 31oQvRTUQUZsXPV
 Supplier#000038830        | 56BiKuA3iXnuyGEWTfFD
 Supplier#000039012        | XnjgxweNf0qKUeMgOdt0pHbjT9
 Supplier#000039117        | XHFwQLCXIldkCal3aEqmx4cJJGiQzz sS,mxqFUt
 Supplier#000039145        | qTEbTwwpzXs
 Supplier#000039184        | Nr 7EyTVL26G
 Supplier#000039293        | ,qiimP0Gzs,exPrSPy3YvhCJI7WtbHj,a
 Supplier#000039350        | XyKwLOq,ABFfjM2,wNPw
 Supplier#000039352        | SEWNiuaFfYE6z9r5FxxDUmLdXG79m0CFWPRY
 Supplier#000039392        | JJeJUaAeuraqZ6vDP5KwXLWxJrQIlhKA
 Supplier#000039408        | eeVzvHTDeft3WidFc6i sIypcVB
 Supplier#000039479        | cOHn2TlPQt3vr4wlbQdGS9K7Yk14LV
 Supplier#000039576        | 8dkCa3,ZFqgwt2egzZhD6eq1
 Supplier#000039593        | CQC5CnuHwQdhm,sOxXL,
 Supplier#000039601        | rMIip3qcN1caao FsTj4RrEc1MYal
 Supplier#000039669        | pixKHKWzeO9mpZP W
 Supplier#000039676        | YZBbX3VrFcdY 6sin3j3sWko0zO2wPshH0bnzl
 Supplier#000039715        | J8bufu4tZX5s04QCedfKp1Sq2BaaCr
 Supplier#000039774        | oS7H0sVq536iBu4zGnn,KKFbimZp6ROG0fcTOG
 Supplier#000039934        | Y,qVP8ie8qcATuACTFshhFR108jjUB5z0Wh
 Supplier#000040002        | EoJCr3E56tebtOE0sHN7HgGOh
 Supplier#000040006        | AA7XG6GqHToyDgoOSn5TzuW,aj9fsqecfdI,9hgK
 Supplier#000040024        | 7WBWZNAFFnrn m59W0DEi7DabAreH
 Supplier#000040056        | V4 kjoX0eYWXJ
 Supplier#000040067        | TzKjDymQJoSBHXNsneBxHWG6YTp7WBHdrlJhR tX
 Supplier#000040166        | Iv3PjN7U1b
 Supplier#000040176        | ,qmZU2a8N 
 Supplier#000040315        | xej1oNB5wYmfbwQT4FCk8Q qVrXVYoo6g2I
 Supplier#000040337        | vErXy,cD0H58CYoZ8UIr34vTLxdt
 Supplier#000040351        | ,J9c1yxfguvyIsW MVVLI2G
 Supplier#000040366        | 5mwiJJm5HY02fN3afi9Yg5akhG9Az4g1dMrr62
 Supplier#000040423        | 06S2H418izy6eSHawio
 Supplier#000040438        | O6hpdYfcrB
 Supplier#000040450        | xzu9tCC,Rz2UUXZ5VK6HXaVew6ebeGKrv np
 Supplier#000040457        | TfTGAR1e0Bij3 3GsTuLo0MUY2nnPcWxtyb2uOT6
 Supplier#000040530        | xOBsEzIvinwGJ5VokxARknIgShO4U46XLrD
 Supplier#000040554        | wJy2MPRwIiNPofJKea0bWGxZmvWh0ZO5s W0bRc
 Supplier#000040559        | uVPV2Zu tBpS,nvk3F4nWx8,73q2pk4I2
 Supplier#000040561        | QqvEj0RVUPgz
 Supplier#000040612        | P7iYYw 1yDnvna,0cFuW
 Supplier#000040815        | vRPAN5DdqG
 Supplier#000040840        | NuVBWujE7D,RPKK3UiyTxO2fR5bBEDauBC
 Supplier#000040874        | BGSVyd9mPhTi7z9
 Supplier#000040987        | qExTwICYbsYg4z9ujZPn lCloAfedkq
 Supplier#000041087        | WuoffDLsBgQOxax3 LPjVM6Y3SSn,zLfbmnSNjz0
 Supplier#000041229        | gQ,ISuDRlgdUUY
 Supplier#000041294        | V57mSjItwfOMupmrKzxYomVLSKC
 Supplier#000041428        | S59d4ROvenhmB3wy5ubhn0W
 Supplier#000041524        | 86B53VxgnNoFSQUHPmHMuMA
 Supplier#000041574        | Y,tdSRm31NW
 Supplier#000041617        | z2IzurIP8NJI1aGZsa8mT7XLUmRSXyxctJvBD
 Supplier#000041625        | nmSSislfDcG25jrVu,gK1Kcf
 Supplier#000041627        | 6sj,YyCR9WN77BoEabo0afj
 Supplier#000041642        | 6UUibfCXwhuMvdze2SiIa4CNO35PLKxQoXWO 
 Supplier#000041711        | Z2DhlQcwG7LZ6lMah
 Supplier#000041737        | DAucg06CPXcwm6snyr,7
 Supplier#000041830        | 0 O2w9SKN0PqSReTDwjFkqbwE3cF
 Supplier#000041849        | 8Lr0,R2WSaW5BNzNbqMWwG9jH
 Supplier#000041867        | J4pTnKU 0qq
 Supplier#000041915        | 8D6SoAXhIJ5QV3Qkq6eoi
 Supplier#000041924        | D65Rn0wdRV8icjNNmGZdzVCG6K7ZZEvqwGn
 Supplier#000041935        | dc7IzTKkWr8hC5TmT,
 Supplier#000041963        | BiCg19Q,YMqJp5gf8BBV5gXBI1Dv
 Supplier#000041980        | LsMVa3hMfgS8N
 Supplier#000042081        | UTd4 s7mrf7zScmxIzfd,c4GLEhGsYLwADQ
 Supplier#000042095        | oMlO72vlqWxU501 4,c,0557Gaoz6
 Supplier#000042244        | Kk5UG6m5ArEOEuC
 Supplier#000042265        | 4A4U1JVsxN5CYLJHJw3XJs48ZcLh8Ueh5JH,bHE
 Supplier#000042275        | JXslXxcdAAWSgHdsX93zGxtDh54Pxo5HpKna,2
 Supplier#000042284        |  xN5c978n49i9jlAuSFmMMY
 Supplier#000042423        | ,j,6hUxls2t1QpvwwdOSovfwEvE
 Supplier#000042569        | 27xbSQ8WzMoQ8,gbhSDPq8Z9
 Supplier#000042613        | DNtLSbinvomNxrk2
 Supplier#000042622        | 2Dat1CxihiECPnVtPlW5fMYuyiq9KMJfkgk
 Supplier#000042767        | ENyuQqnw2DpTv1FRXerKVBbOoWTkIDbuK8nT6rFT
 Supplier#000042840        | PHFxSkVtkFqFUV 
 Supplier#000042877        | a4ik4Fz,jFOVEnDCRe1sFJzz7
 Supplier#000042972        | nBEIJgWl7mQgUeyWdKvQqG
 Supplier#000042984        | fL4bQXsmdKPF63rUMjcc92fuPRMVYKJ
 Supplier#000043077        | 2JLCWX26G6Y G
 Supplier#000043180        | TVqNnlNnWU3pvzmwaC82AqP zfLJ0qdAWQQ6 B
 Supplier#000043211        | IJTUcj,HwQMYv6v48iPzDo24SLqee5nSeHqv
 Supplier#000043214        | eMdINhTSV,UPmDYTvr2
 Supplier#000043266        | EwQju Bb9GadW
 Supplier#000043385        | Xw1U53NHX1yN8kG,gbgQ3SmZFp
 Supplier#000043392        | 5zozSrxx3IifdoTmLCXscm5HO
 Supplier#000043535        | KquTNKhZWcU xvpsyrFAKIIA
 Supplier#000043571        | emoMTq LLKf3ByIZJoRnr9
 Supplier#000043606        | 14B8s2pC3l
 Supplier#000043635        | 2Cxew3Yfs6
 Supplier#000043732        | WNXt1nws8wERPQ9TpSamkG
 Supplier#000043734        | QrG2bmblsHjmlY36peMvyPuVS9XPOu6oqj
 Supplier#000043778        | 7pZrH9lOtBORMisQ1Hy7uhioBJDDBOCJsUB
 Supplier#000043809        | 1evWRIin30f JpO02GjE9sn9
 Supplier#000043837        | 7ADttraDbh7l5w4Vz
 Supplier#000043860        | 4VGAl8mpIrr40rJpF8KP9POb6AIYj7Yn
 Supplier#000043878        | 67AjPGwER1IX0fRpU42xIkVjDQ4iU431LUuDOv
 Supplier#000044019        | zZyix2nkvd
 Supplier#000044084        | HryY8VejtoWcHARm3OVzOcNPApKYF8rp
 Supplier#000044097        | 8Djgsz3diZxlsyua5j
 Supplier#000044132        | 14PSn,c792vQw2CHHXX
 Supplier#000044210        | Yc5GtLwbzsyk4 qCs
 Supplier#000044248        | hEOKZOHpzXIV0NPqDSeV1TjOm6VpD
 Supplier#000044290        | JwfP7upllDrxgBVoJTXkk8
 Supplier#000044363        | Sn5lqfvWQmI76pHdigmNCPpeNxh6v nQuDyMJdU
 Supplier#000044637        | 1ClMVAERxNWnwmokNBfZir
 Supplier#000044663        | hGC3mkChDg1kEE0md3wTJUyFDaKyOXz d
 Supplier#000044817        | R8eERr6N,20sLYWrT6WmcB9cXd
 Supplier#000044996        | zME77EEgGFXu x6FDROpYrGg07FQ
 Supplier#000044998        | IOmLK7dzQ3yF3LzMclixSoaYkVS2O99
 Supplier#000045010        | sd jAjY3aQmNllAqQ
 Supplier#000045014        | xAj8hYsvfsPdGcDSxSDoMxrek4M
 Supplier#000045063        | m3lpxl4uC2 AZ8bw TGy4gRkN6GMN0HKCim
 Supplier#000045131        | Q,teKUk C0I2DPmYys,lHCrx80yhs3MMQ,Q3zt3
 Supplier#000045167        | u,JHqtfqDpZUe33s8l,
 Supplier#000045249        | PGOWPHaP16UMwF6PR966Bnl6VLH llKpyokSDg
 Supplier#000045345        | Y0h ,,efLchpBLf6pMNzvUM8F3
 Supplier#000045372        | 5Xnss7XwivSb68S13igKYljOsZYDs
 Supplier#000045447        | kiwcV,NBNEydkFDzDFx0PUU29EiUOpEZcabA
 Supplier#000045496        | s3oqqFtGy4k3Q3K9jRwm58pjc
 Supplier#000045556        | 8 m3zcNAq58Q
 Supplier#000045583        | xJML7KDHiqi1X7 N OywX5,lk0RJGppGAqG18
 Supplier#000045707        | EyFVictGUG5hY2TKCfCgr6aSMt,rYbVIN1OK,PI
 Supplier#000045725        | EiwNXq6,YNPSD5PYsmLPPXao580 ze9cp3tv40
 Supplier#000045781        | zR QSidJwmSsw6Gm1TO
 Supplier#000045826        | WLFI6swjU2qoCMmZWRs,niXuO3URE2G1W
 Supplier#000045836        | mr1DhhfNeAt26Gd8zFZKIAGnMrJUS1HM9
 Supplier#000045935        | 0essTwiwRPEVpp
 Supplier#000045981        | riojKdedfaD9bpvv b,bcuoSXAntW
 Supplier#000046164        |  WpFTBoB,7YH0UeryrCtWpGLtqbxmqCbUyf
 Supplier#000046253        | piT038BzYrEMIe2h75nBt9P,RdcunLS9mUz dPDD
 Supplier#000046280        | wJfUlPWTgHdHyn7Kl4nSWnC
 Supplier#000046326        | nVDnxcKPT6R,fxP4z4L7KTfVwSZVxwYsg8HqJy
 Supplier#000046350        | tRlZzc0es82q
 Supplier#000046380        | mQz6k37aH6gKZiRRZEpN1W
 Supplier#000046449        | bi9XPJH0Fulsst
 Supplier#000046467        | HqTXeUL 3mpKvG4fhisVsGE1qaTcDC6
 Supplier#000046482        | 6omTY18fXobGZCNhVVWwE6qGnZy2k8fiED
 Supplier#000046498        | OEryvcaVbbF
 Supplier#000046516        | sW0fZtNTXoh
 Supplier#000046548        | BUd6Gi,eHI7C9kWn
 Supplier#000046686        | PgPaJPvDyqy0S
 Supplier#000046691        | NGRkMoUy rB,5
 Supplier#000046692        | zopd,qaW4nUtDce Y,mn A
 Supplier#000046715        | dx81DrD4 1nahXCGHRZ3Mh9eKsTnBGenA9FqIMNV
 Supplier#000046818        |  d65ho5gyhj2NIUHZTJAWulQXuhG
 Supplier#000046864        | ,DxqBB0fT,WV I
 Supplier#000047014        | vh9r1xzcw,OF01waNzmEEM7
 Supplier#000047047        | CXxP30CKZnVuE8u 8L5Mn7ozt3vMhQyOdqe
 Supplier#000047061        | pDvkt6RBZLz,4
 Supplier#000047247        | A2x7QfHGQ8GyE 9zqepSo
 Supplier#000047297        | K2XFsSTJYfZgk s6
 Supplier#000047332        | x pJoz53Y0HAxQvy0
 Supplier#000047364        | Wa6r0y9sMbhh7
 Supplier#000047384        | 23pcgRsC5BtL4WcAzc
 Supplier#000047450        | CS,iG0Qx2a0xx1u0Zt8yrM
 Supplier#000047573        | TwKtw8evDy
 Supplier#000047647        | SwUE2GdyZ81zLau
 Supplier#000047653        | IG1VviMTf,8Ej5AFXjEkFwsQH,a
 Supplier#000047688        | CfQRvx5joT
 Supplier#000047700        | ZqIlMqJ2bXHyBTSb0vhMcCz Bac
 Supplier#000047738        | MqHwL6qDLpVbp3Nsc3bp7VOO c9u4yCIW74Wx4i,
 Supplier#000047804        | 4mOiWOFBE68ZHEnOgGw8ff61Y
 Supplier#000047874        | Nls9Ap6rMi9KC3MQ5cTI
 Supplier#000047918        | QSanNlzaDyfw0GxW4ghA8G
 Supplier#000047952        | CBKJ,eb4ncBvs9Y0GFpWA32lhw6ReFzdyx
 Supplier#000047967        | f g9hJWntmwk0TW3n7sLCMNgCJ2,5GRfwJLi
 Supplier#000048034        | yCHhiCLYrAirCSi5PEib
 Supplier#000048035        | FR6AaIuSFmlzsfjZ30j
 Supplier#000048046        | Dg0Wbydc1P93QI xTa6,YsYjIRLYJkRoytUcXC
 Supplier#000048112        | q8d7Oq9q9EZrrMAGYasn0k83CxlUW
 Supplier#000048230        | yQtkyQRjCHyLyf7iXPL2mt0v F0nMapDGhD 
 Supplier#000048285        | KhzmKcD3abVVHZYVdv6ttKUKiy8p xjqe4s
 Supplier#000048358        | PgPX6FiE0dHCur Yn56H2DiIMV7eRHLAWRiE3Q
 Supplier#000048371        | BQzBAIkcdMMjev,PCDBwi8JQ1tKZ 2nCroYm0WWq
 Supplier#000048411        | oijgKZRWTx1mvKJVUb
 Supplier#000048438        | aGHnaMtQklknq i,Cu7oA,
 Supplier#000048464        | KkYICydd3mn2p2 
 Supplier#000048598        | yWj14GyPoP5KVdyYcwWP
 Supplier#000048632        | 7Ds7DZhBJWJ R6au
 Supplier#000048658        | 8Fihj7,NVx 9qznFR1Dj PRZP20zJBopsE98
 Supplier#000048666        | MgQC56X3kvC8pmdzewyOMKbYEE
 Supplier#000048676        | Rt9dxsdUL3cQO
 Supplier#000048679        | Kh0pT2ZLnJ4rMXyzTR
 Supplier#000048720        | FSTbn vs3O59yKdXoXJ
 Supplier#000048738        | WY32QtVUvLTQ xarnZhShuRghvy
 Supplier#000048776        | ADZv9KsgUHtjEeL11M0mun08
 Supplier#000048778        | mBDXnf9H9PREHC
 Supplier#000048813        | FMZA6xju8wKYlehH
 Supplier#000048866        | jOyV6aa99T,S94E3faY1fqMa
 Supplier#000049001        | eevO465dcIM0NZvb2B,v3l3tQUI
 Supplier#000049053        | vqJHteUEgcpxKEE
 Supplier#000049099        | o7yEe57WYXyDYIEI7
 Supplier#000049176        | mN51rfw mWkR
 Supplier#000049190        | 8c00PYHIMHKvSoONlJl7W5mX
 Supplier#000049246        | 5PjmBrogIHTNXDwOfjQxUomhPo5weToe
 Supplier#000049258        | j6sHp0pT6AykF2NNcOSodewBAuZJnydTj
 Supplier#000049276        | x9pK02PdQtQKnZ1L4dey
 Supplier#000049378        | yJeaFWQsx ithtcfTujr sZhpdvWA,
 Supplier#000049379        | mA6VjYpSm, tZKd
 Supplier#000049512        | t7,3kfOVOyYDxmL5b9
 Supplier#000049625        | 8YajLnsSxVOgTBj1B117qoy9u6bPzqR7cqO5sv
 Supplier#000049714        | v7zHAD ,Ul1JEAL0ENJKlqFPDYdAIty4L8IJiO7
 Supplier#000049908        | EkETOQZDGw3gan 8bW4ZXtBf,JNYZ
 Supplier#000049944        | qcRbTPKO4KZtgMngNHr8LlZdya
 Supplier#000050003        | KtkCrHj9KN
 Supplier#000050054        | yQK4vbLhJn560TUcWUwxuazb8Mpg,grNsHjgNUW
 Supplier#000050067        | wzqjit7tyDft
 Supplier#000050079        | iIBUxekXzu
 Supplier#000050186        | HU8w0fcx1TNBjOmY,GxWIvAEbJO Qlyu8lD
 Supplier#000050204        | 8MIjJA7,nW4Xu0opHIXBRAz3iFEA
 Supplier#000050242        | oa T3jEuwW4LHfen40MXpIT8D,bl QHPWSnw
 Supplier#000050261        | q,ktdatlOghcq7pBP9KD8PfXRje1t7AG
 Supplier#000050281        | Vd82y UTWs0ljrOepKL6O
 Supplier#000050409        | NoMnpezxFM8kCgmgGk4AdXBhiPo89eqpF
 Supplier#000050412        | oDwRW8JaOCW1k4Jb84DJM
 Supplier#000050448        | dwoM2kTJpRdQ3Bv9z5T39ldUYSBDrV6FP4KX
 Supplier#000050474        | CzPMQO1OwJdksTBpJXjL47VK6HNg5fapGXJPFoC
 Supplier#000050475        | ,rvSK0pGwlyPJyT8VyQD4oby5c7opiM
 Supplier#000050521        | up2voV0GJZLXVxiG0 ,97FD9jYP6k7TaVcMMpY,P
 Supplier#000050522        | pKwsH8BXpOKxYSyU1AZly9i
 Supplier#000050568        | t5lb8ag9en9rJv3
 Supplier#000050651        | 1d7J F9FA9G
 Supplier#000050693        | XKBwf5iQvWPl
 Supplier#000050707        | o0e i7Z0qAJEQ
 Supplier#000050741        | auxgMzNO5Fpouzrb,j,08tJpN,3yR1Ul2Gn0
 Supplier#000050805        | DGYexYi8DwPgDqaMpl3nzWtEHDX,NYSC9Sroi10L
 Supplier#000050864        | RWcq6tDOVaNF2dpAtISKaWK3fHqmux
 Supplier#000050887        | TxMfdIdOnEINgaEhlL,5nHuIEjuinBHnfPIdWiLM
 Supplier#000050923        | 93oYT3ywRY8VapQPMz, inIcKwlX
 Supplier#000050942        | NEC48Kmb9Q4SX4YtQvav0c
 Supplier#000050954        | TsQ7p4zJAoBuTyr4,BtA0YUD28d0b4QMN
 Supplier#000050995        | O09KpA2KCFHmdNDcd0hpSV5d
 Supplier#000051082        | OCovPbCTVtvLODiQ,,KqTFhfOY
 Supplier#000051111        | VhKFsSd6BrQrwFMUtGGhJ4QzA
 Supplier#000051142        | B hR4PYu09 JR3uk
 Supplier#000051204        | sqRwxeIlMUtCjWbR5s
 Supplier#000051258        | EsWPV55sCxqyRZWCh5 R72hAY1P
 Supplier#000051362        | inEiIBhwHW26Ff ,ViSb88X9BSSTc
 Supplier#000051466        | 3wEVeQbrDbSvYV ZHTGSrUBSARGL7Jfd92TwaL,V
 Supplier#000051468        | jZvgL,buXXQ3rrHRC7vlHZJavthfSWceLbCqZs
 Supplier#000051486        | oWeBqBb7qJM0OjbMn
 Supplier#000051571        | bP9aoZyynibFbMzvMHH8siQxiNpWLN1WH,e5v
 Supplier#000051632        | aX lsXsLnBHoXPDZn
 Supplier#000051634        | Q5Dnp3ihxbbBo1eTDc
 Supplier#000051665        | IXf96KmcWBVpzE2b
 Supplier#000051739        | JY9iSaEJR0z,Si w
 Supplier#000051878        | gX4k7amBtE F11sP6dshbyRQ5p,5418Y71qFJ1
 Supplier#000051943        | g2TaBM2m1NTMI3,dC4GDMjg87c
 Supplier#000052029        | ziJuVIm6eqWQNBHSIGM,46ofgtyu0Rb
 Supplier#000052052        | E5snA3oahJakJWsS2H,7k3v7B64uGSiK2 T
 Supplier#000052101        | UrlAIFHcwC2kwBT3aHK7r
 Supplier#000052113        | 3Et5 hm3GmiN8X3tm8CAf
 Supplier#000052266        | l Nk,72wGHEk9EjHX7fq2ReLUqVeaE,ibiZTq
 Supplier#000052318        | L1s,dnVbpeX477TpoxjjfJ8zGcW 7owVMM
 Supplier#000052326        | C e0l AJNJmF7DbF8YOk0QFWnw
 Supplier#000052355        | oXeC4v5d5ra4qKOE
 Supplier#000052391        | 7GJk2sURHhN5y4rqZok3nxFFvopr4YDC 
 Supplier#000052407        | kUpGdF8mt1,
 Supplier#000052447        | D9kLqZqFW5Foe1STCFDyAzahAIi4GZI 
 Supplier#000052562        | 0gc2lSnXuNvdr0s3ZLEOwHQVsy,SFvpSbmPl
 Supplier#000052684        | ztbrhNNVuTLlGx,,GqX ANh4
 Supplier#000052726        | toQD9aTBq2t8xnp
 Supplier#000052819        | MXyKNGc33  OMXsK
 Supplier#000052826        | ORbviqFvyWp5SDvRACpzfd2HsIlwSK
 Supplier#000052837        | dw,OaP8wErP1CRKhqa3JfZPy0Yi15V25onXu5
 Supplier#000052927        | pPkJC8s7tRjAFcoWeC2BINZcT8PNYoOg
 Supplier#000052958        | h1g1ZjjXlV,mKeowAUR6h1AcWxd
 Supplier#000052995        | 3l36MY 9kHvz4vvcv1AosSzEyStN9g
 Supplier#000053185        | LBwzI7ut78DdccvMXarV8ppoQOFiPps
 Supplier#000053223        | wWk8uJ7iLsrQABbZpJp
 Supplier#000053228        | 1NH3Qbe2AuRykFfsH6U
 Supplier#000053265        | ,kZzHe1R4rvPR5l td,P3,bD3ZLnz
 Supplier#000053357        | 2Npk,yBvZ6sNWs5ErR
 Supplier#000053375        | vrLaQog,Or51yD
 Supplier#000053410        | CuDKkJSVJDjx
 Supplier#000053567        | ysqzAaGSQRkXAKXdu,kR6kkD2
 Supplier#000053659        | HbiOT31WGzL0fnzd,aCF
 Supplier#000053698        | fzHhXxLoabqVDGk,D05gNi7
 Supplier#000053764        | tpJbeuDs5EiK6ylz5CnKV4vp
 Supplier#000053823        |  lJ,CpHtxfNQN
 Supplier#000053901        | PgET9nlVrVC,
 Supplier#000054104        | ZuM1hrbVEDhHaIljaGi
 Supplier#000054174        | lJ5gB,n8fbRMewNWX09J12
 Supplier#000054269        | STjPwgLQi9e6eyNCC0 TdwvuTwB1zfOR
 Supplier#000054305        | CZ53kBpWmT
 Supplier#000054382        | JnRCI28cSWsUehqnnavzerUqc
 Supplier#000054508        | TlbKAYGqb8mF8dJViCtWKLjVtI0yrW3wB0WB
 Supplier#000054552        | f5QeHiVJlFywaiMyy 5pUZBZ5IObKXs P
 Supplier#000054644        | aNIZt0nbE01,2BYHqNpiZSV6N,qYeS71
 Supplier#000054662        | 2Dg0Ma3ZdW,EHxh304mDjzCPUV5
 Supplier#000054671        | HzyxWEJ9V 7mPgz
 Supplier#000054693        | LLKdyRcDU7
 Supplier#000054698        | XqMUxx1mxapjBuVVZIsUVzyK ss2t0
 Supplier#000054748        | dbt0vXWAILVB
 Supplier#000054801        | rTNAx5XYkcKnDlmbyKsaR8Q62XtzHfah7mYFj
 Supplier#000054833        | c9pwfy7TF3ENYR
 Supplier#000054884        | 9hbI7HrZEDWfoaC0sXAm4Kry6gawxX
 Supplier#000054885        | wf7Z6d Ovx3
 Supplier#000054930        | 9wkey6r1Fug0MrIG3TxmQ
 Supplier#000054985        | BBJaFoookCHgBepi3Cx8SRamNd6aYr,QxBpk
 Supplier#000055011        | qmhqDaig2b8gc2YOuu
 Supplier#000055108        | RTuREu,wEy5zVm4pTdEttzgXNAR
 Supplier#000055203        | VFw9qHnyySuiVKeXr4P7jR2UVOEZq
 Supplier#000055269        | uzrJLETX5M
 Supplier#000055300        | fMH2vymPVYaO6a
 Supplier#000055301        | 7QUWYKUCfZKuDST1
 Supplier#000055318        | DaLDyQeO0X8T
 Supplier#000055360        | 15aSHnyFS8Chx3ix
 Supplier#000055392        | rtDon9a5E5
 Supplier#000055464        | ,14VgNBzT,Xgre
 Supplier#000055558        | gvwcITTGCKelyRuybMM3bi9F
 Supplier#000055637        | eJ9oFbN7xHKZ73JP3G RnUQ
 Supplier#000055645        | ydz4CiAOVrEc00Lb2SOgBNnUyaq m8D2dOuhiGAo
 Supplier#000055687        | SriMVvVfwAyH6OSV
 Supplier#000055738        | N8gn356LefHz8TFv
 Supplier#000055741        | IGoTm4yWpMwF
 Supplier#000055821        | wMrOF1vz2ExgAPtH0h r5oaKgN Q
 Supplier#000055852        | nh9UmonFMTPgwHUtSscmVaALvd3iMeWA5WK,7EU
 Supplier#000055906        | KiAVG98onAzUZ0ukdS5kPx5Af3TJek22
 Supplier#000055926        | WtDeTJt7Aa9F9bpyeml,
 Supplier#000056039        | xLeJID4BA7mI4M
 Supplier#000056171        | SJcxUewAmY7SK
 Supplier#000056186        | 1xlWcQ ffN5Zf31
 Supplier#000056187        | 9sSkJWnXFEapIkcNzAsiJ
 Supplier#000056199        | ubSXiSmzZHwu7SueuncsMxYCO
 Supplier#000056218        | Io3pZQaa8AT
 Supplier#000056262        | ES5HtBElUAC4t P13zehFrGl39RE0NOo8I9
 Supplier#000056318        | DEl,NpEzenid7OKKgLEnTjU0
 Supplier#000056488        | Paxa5, scdaPN ,fIusnECQ3
 Supplier#000056554        | twqOwosYQtgpzq5 0V40OFCt895msq
 Supplier#000056642        |  DymJsu7xxe97N,6W5N0ZyvMyx8ljO
 Supplier#000056649        | psJlhx9wnwVPvWW0zZy55tnn njkgPDxA3E
 Supplier#000056677        | TRZF6eOTw12ue zU KjZZIZ
 Supplier#000056679        | 8oRYow9RiqRxQ9bw,884nJnMQ25fdTf0NNr
 Supplier#000056687        | z,6SUKOpdSC
 Supplier#000056724        | kAmxW0uwMOWTA5e
 Supplier#000056784        | Sd30Y4tFcoNOPwA9p9cf3zARZbzkZLTZv6Z
 Supplier#000056828        | x1yht RTYBBP,s6OI
 Supplier#000056863        | 6BEYM hgRPMFMGjEbi0dojIB5x8S2TO1
 Supplier#000056926        | MSRNXjuJCf2Eit91phaGSF,smiXeko 9SvEurIb
 Supplier#000056941        | drG12vLLN6e 8yXrhvSCYnnQsK8gd2 
 Supplier#000056985        | iqObqpvUEha,wThvXC
 Supplier#000057028        | 31q5HZh8O,oLB3c44DR6d
 Supplier#000057043        | qR8Kr9o4YS,iv86GCLiv7a1uSuv
 Supplier#000057052        | dkoehFZtjn7PK
 Supplier#000057055        | AQNUmXKglztSpx 0AJf0
 Supplier#000057070        | SIEufZy8tVqXmKTY0hNsXagikAQ k
 Supplier#000057162        | hNbYQtRVxmB LAA,0pRu5peztoEqodNQ
 Supplier#000057166        | G2fznWj33BqNxqGDvWu3W1FpKB7
 Supplier#000057188        | O9,qw0HyZe8cd7alqEoFahZyJ,M8eyjqYzJPf4kA
 Supplier#000057237        | TGGw1WZcLIyivxdSOSvllpiU UuRd0T7Du
 Supplier#000057253        | VFcbrwmkHpCrtk5oBWX,yDq7q0G8zhIIiVxI
 Supplier#000057270        | PXh55P2SHIa03GvuXqxxMGXFfqF5
 Supplier#000057297        | rHowvOzTPMI5ZLRbm91RfetYBu
 Supplier#000057322        | uI5QP47AJxmIwjfd5wNcSKP6ycn36JA
 Supplier#000057488        | s92BQr,UYmZO
 Supplier#000057492        | 50s9RRcooDa5iWpH
 Supplier#000057545        | QjDZKsyJbDVNiFv
 Supplier#000057558        | FHREbVq5rs4EpHcTHF1
 Supplier#000057604        | UBN6DJh2kfazU
 Supplier#000057619        | yzkDDu2XIP9YGMbmr3eAuS0BdT, IUWV,eLCW
 Supplier#000057651        | JCgw4GzFHOGkWrmDfJS,8h9h2W9Ho kHwOf1ih
 Supplier#000057666        | vLs0Of200WUBa9YAUD0
 Supplier#000057855        | eUYsRYSX1Mai7pSsJL7 T1Nc
 Supplier#000057898        | YjLnSbz5g,TolxpU7PS0W40p1x
 Supplier#000057975        | nF54HPhPFAGTL6fU,LfUU3qcrWuLfnm
 Supplier#000057976        | Mdve757kCIlceiKxX6dq
 Supplier#000058021        | pSdauxY9,ca
 Supplier#000058122        | ElqfwyYAdK,5,GqzjU5l0MTb,2N9DaJYKwRA
 Supplier#000058206        | nzTYFT1dexHm 
 Supplier#000058223        | pc4dEuah8Ben
 Supplier#000058359        | E2 ylA2JBC
 Supplier#000058416        | HpWPzJPjrwYnRNzkqbAZ,ODnlD
 Supplier#000058448        | 8 so4 RgQKN6Dscq79DM4sQM jzp8rE31
 Supplier#000058470        | DKNalxpSj5qI9Uz
 Supplier#000058492        | EWocIqAlCgEIglaATYnl7AjX81
 Supplier#000058520        | EoxXbdccz2zDkmCMcz4nB
 Supplier#000058532        | jvEeywUoMPuGz1mbYF0OLQzgQeVSOfGfov,Sw
 Supplier#000058603        | GRTGjjWrvFabJuApQ
 Supplier#000058691        | FEoncnCvahXDnPq,kXGJA5DKl td8elKa7
 Supplier#000058736        | htr3nn7xv5,LhMnStlLdsKilgi0BH7
 Supplier#000058860        | gdFAhy5XJTPkgAJY,8yUVuiEP4V
 Supplier#000058868        | 9j4SVYlZ9jTBOiwNSy
 Supplier#000058903        | eSkSXOOJ7A
 Supplier#000058972        | ACJz1tApCd0TRKA9iGOVRJDGoXi
 Supplier#000059186        | gCiBPn31yOsOo2F1hG,oiaZVUwLYpInY
 Supplier#000059229        | yaXLr5pJ7hTfVC3h,
 Supplier#000059232        | xh2mOan5KvCY0E
 Supplier#000059303        | IPv6PJU6fm36stpMJRX1 6M8kYYLma8LrlwC
 Supplier#000059309        | Pv0RZ1bwXo
 Supplier#000059347        | 9pcT86mqZsPUuT9nk
 Supplier#000059418        | ZaSi19vvm0VMD
 Supplier#000059464        | OF,NmgvXIEKMKCwhIHOADlyxGo
 Supplier#000059558        | rd0fr2y301ZUrvQfOjpii
 Supplier#000059582        | dlGHEbrcCjEaNKpx67vjv
 Supplier#000059598        | 3w4rfTcTVd5sUXwnAWfoaBcD,mb
 Supplier#000059599        | FgPWVdW1pN1Sx8bRSNOHzuBPlw
 Supplier#000059607        | 59VKTbMAdIbpjUbwEOjQAXmw RsWEIZ,gWtT
 Supplier#000059634        | ObHsKQobnnDKx
 Supplier#000059820        | 9V gGEztcewVRAFAYWSW6SCz
 Supplier#000059837        | A7UQuy1PFqQ
 Supplier#000059859        | EKl qcGgaYwmYwhQasfBtKuJwxDZaeUb06A
 Supplier#000059888        | FRRt4ai7LX8RJ8,7I76eUylhEPPV
 Supplier#000060111        | odYdecL,4OP472A4UYfdlx
 Supplier#000060326        | YBqEMK,FaO1N4xSVfDJehzCbSZKr,b5o
 Supplier#000060371        | NDQuWdpDnv,xMLR9hhv2jkFKx
 Supplier#000060382        | on0gSoaTfctVFAt5frDfQ6j8114yhF
 Supplier#000060398        | YbZIQ5GPAW1AsG9SRTtLF
 Supplier#000060431        | hCEirLi3JZlQJyKKTOT9DfR1B6s0
 Supplier#000060457        | V9geh5WlPQS5bE4LPIvoVkPVL7
 Supplier#000060561        | PWKLPEY3XIDMIPSCJ2xPV
 Supplier#000060571        | 1AcSruvb8XmSP18A,KxnxVv2wz
 Supplier#000060644        | garva,1vl2A5Z7oLAE1lN4Qg  IUx,,7HV
 Supplier#000060682        | tv1GfylEkG0BiOV2XRnOknesZ02c0Bnlun
 Supplier#000060688        | FyKi6ddP2 AnRrvsKByapPMG5BpOCGnw5GxwRMNU
 Supplier#000060791        | Vns3AM57gG0pTQj7MEGFfRsAI4PzV5ifWil4AB2
 Supplier#000060866        | giYAw1 01gbwLVTTmenejBnWP I7NibHc7DIbzl
 Supplier#000060873        | Ggsoh HsAEYOUiEBEUbz3,og
 Supplier#000060897        | J3uB98NuvlGWWcZeiMeSg5AL74R1qBXvrqYYX
 Supplier#000060914        | Oo2PLDmWuMj1LPL92yJHYxvGKpQ
 Supplier#000061008        | DwQGOPb8MXMVj
 Supplier#000061059        | DqwJlFCJ2D9iIw 61Rj9t
 Supplier#000061103        | IrFvGnsg089E5uWUIPrqG6ZL0u485XgqdaBsCA
 Supplier#000061153        |  gWV90KTvhj6WGckZLHy
 Supplier#000061199        | i4oaC1wbRl9g367sO,,557rcEY
 Supplier#000061262        | zkPKy1PXkWJAY
 Supplier#000061269        | tCAHSEvrauA2hV416Tgx M
 Supplier#000061355        | caY gJLVToOKefbRdDEchO708b,z0oFfxFWI
 Supplier#000061413        | dYcPcCPoRwSIuLFXqsix 
 Supplier#000061419        |  lePE8LYwhx
 Supplier#000061442        | KUYTNt728e3CKzvi2RGzA7e
 Supplier#000061597        | dpWftlqkR1j1cFvWuAV,N
 Supplier#000061645        | KrzZLQP7bW6Y,OAXX3wV,xQIUdn
 Supplier#000061696        | ImbvZl0SuIxxPZ2Dw9j,EzkBYMrpwqEg
 Supplier#000061801        | nkDd6aFRmAsMSGkdnm3dqJAA
 Supplier#000061803        | QGq73pJELgl6ktoow69VkKtbHe1MJRxLR
 Supplier#000061849        | un5gDhjjMny, 3khs CSSvTiTJkR
 Supplier#000061884        | F2v mCeMj7aHK oeAOCpwIKq CNiCGYQCSrLo60H
 Supplier#000061917        | SjcxdYDMC7xSSsu,NgjLUqVvi5eDBV,S8c
 Supplier#000061943        | sw FBNx,oQIW,iRxinjSh6,8Zzm6NELja
 Supplier#000061962        | L7pW qj,1EKx0
 Supplier#000061987        | J8w9YUufmanpQWmMil3W
 Supplier#000062008        | ZvsuJyGceYJ Uzr
 Supplier#000062012        | cR LtM,es,ro9BfRODEF7Z5ssknTzl8JLB1TRu4F
 Supplier#000062096        | B pUF 8mF7nNwq1DQ6opR8EG9bFd0 ZMV2
 Supplier#000062203        | JEXw0OHInc
 Supplier#000062303        | UTTP2X,v7f
 Supplier#000062316        | mMJCRbQvGWzf2PrNyYTY9PTEU
 Supplier#000062372        | LdAeQayYe8HYi1hsd4rGz6yJgmLzYGjTGTNHFcb
 Supplier#000062438        | Wb8Sh0hK6 uqmBA8608Vyf6hbfVkZRlz6AEwJ re
 Supplier#000062504        | aFX Md7wQtRw24d7pWKvOSWlzjSTtl14Z,rLo
 Supplier#000062641        | cfPjxnp,VqEnpuU
 Supplier#000062647        | ovlASn6yJIysOXm
 Supplier#000062687        | 6zJyrSM0JXOrAen8nz8SHzdZB
 Supplier#000062775        | Y54QZugQ5xTRR 27J22tyDpo3nXwOXaN
 Supplier#000062798        | qWNikTbbXjK4qtvUfg
 Supplier#000062826        | M skTPHTr128X62g6vnHbDvCbfQHyLsmfGDVvacO
 Supplier#000062971        | p3rfnk3k9jbtLLNglV4y4svNSja0uH
 Supplier#000063194        | IdKD1v Q6M2CYtVTNk
 Supplier#000063204        | oT3Aa2U7uaqegFHTyPacvNJHIm5bOY
 Supplier#000063207        | 3JAOF3CsRhaBgjMEFhGTFyiH
 Supplier#000063233        | bSQ,GG0Gpa
 Supplier#000063356        | tkmMzMhksPR,2hT3JbF46sCGxaF,158KlPeGQ6T
 Supplier#000063412        | OK2Te0iipvPSMfEI6QMJ6LNLvyQNv6
 Supplier#000063421        | yjuR7efngNm9t6C2VYfgYYeah5
 Supplier#000063431        | pUXb2rl1Agb4v1FkPY4Hl7
 Supplier#000063432        | urLTO87WQYt1cRrwsgfOlYGCGHDO83
 Supplier#000063439        | R44Ry65jDztLtFGYA
 Supplier#000063648        | 681qsEmOtP1eX
 Supplier#000063732        | 2HoTzy7irH 9SNLLIKLXkel2AAGuj7X92uczZW
 Supplier#000063865        | g3qwdaS9pUzlO
 Supplier#000063884        | MtZ1s5AUVaRjPBMpH6O8H K
 Supplier#000063959        | E3ZIzZ9I3YtKi7ozjDa
 Supplier#000063967        | gPu9KTKDWywvO9rCYhMGZv7 qH2pI2MKcbuuCi
 Supplier#000063968        | sFIIXlozN8y18EjJH8Vk
 Supplier#000064031        | zsFiIY4J80aHkXMYllto3QRf,jA 7tJlWnK
 Supplier#000064060        | vtz u1LgshOOINk9VUriILf4uPO
 Supplier#000064137        | aby1hrbsQEHJTVgW0E7o9PKzZfxzxt7wE
 Supplier#000064158        | pw4MzkblmGQ6djQ3KUm6A6LjDEFcYq,Dg9YzN
 Supplier#000064159        | L8baDm4BN76VXFShEUwLBf32gLxN
 Supplier#000064203        | L G1ytTXpC
 Supplier#000064280        | 9,wnSN2An0WlW0LboUv
 Supplier#000064298        | EBcMow8R v,8M35uvHtwBZVem
 Supplier#000064363        | Fim LXOXppp2FLIxanK4y
 Supplier#000064543        | 5wlVkmAn z5VeIz0YPAWZ1,Papgqkwgk5WfPf
 Supplier#000064553        | bkWGo34IASAu1teVw3KChFO3RGZtOxYcN5j3bB2
 Supplier#000064632        | jVKZ7FwPnKcgEuoXFmznisym5
 Supplier#000064765        | j4nj7YxAeIGORx
 Supplier#000064784        | 7WeEpAs3er6I4G77fsw0IM,m7eHj6Dwv0tgYFe
 Supplier#000064802        | 1QzUfXRQKkyFFDv114sLHdBypWe
 Supplier#000064830        | NTx1z2n5FBWm
 Supplier#000064906        | EJiIo5Yihuzzy8g8qzFNyfxT49IMxm7Z140Op
 Supplier#000064935        | HSTosMVBZbQGeuBXRmycHp
 Supplier#000064983        | Vzt1n,XXU0E,JQN,ca8YwJnKERCO,mv
 Supplier#000065030        | VBJ 9pmCbcDhAaZkoQ2dF32gzkcbc7EzcfeUYxF
 Supplier#000065044        | gNqNMBF1oK4,ntewaJ54Bu5uVxZyLN
 Supplier#000065090        | horT5QtYtA fxTu0OXxcqrO CKmxYMR
 Supplier#000065101        | TvpjIu1,c1tHoVTQx,FHFYbhehSDs39l7
 Supplier#000065103        | NoxedkaMxwl68Q33RMxPjRCDixqy
 Supplier#000065119        | M6zvrFv2XUb27O50
 Supplier#000065185        | OvJZxwcv vGx8XBvH,yUFO
 Supplier#000065191        | jp2buc70y F sbtaatXDOoldsFKxGMWtCFteC
 Supplier#000065199        | NTq95rmMOH6AR f1 3UmZ
 Supplier#000065307        | 8hnHtc2fiIWR6FfN
 Supplier#000065316        | aDQ4IZK1vhnzq4GNZTokIvGrkK5fWLJqFSjw
 Supplier#000065366        | TUGGeYWEmNTLXureS5CsDM PthUyApgdEJi
 Supplier#000065447        | ,Cv8O0SXDWLkd6,q74lSLCNGXt
 Supplier#000065483        | fz0ag,lzmPwWxrePFeGv5
 Supplier#000065523        | 5X8Ok8ElL1TLu3YNTN3
 Supplier#000065657        | eMoqOJU umz6JHS0YRZ0J
 Supplier#000065675        | bgk ejjx2zSzfSFalhnhrl98RVdmblcvq
 Supplier#000065678        | a43Wq2iSx8rpuXPuCziQkxh7s 12aVY
 Supplier#000065714        | HN4BGFjoPr4Ierog qNmd
 Supplier#000065723        | jYimb stccF7R8s2t
 Supplier#000065744        | j3Cj1ZMgP44kJyTRjkL
 Supplier#000065783        | 6w8msdWwiT73r46rHbrO
 Supplier#000065808        | qRgsN2a,csN9ytmgkQOA20oRe5AH
 Supplier#000065829        | kWdIJqqg   E5iIz6A9EavnJ
 Supplier#000065835        | IPVBzcrAx1RD2Gq2IL1tbtZsUZyslDfny
 Supplier#000065851        | dGMWPW86NY7ReFJp1xwk1
 Supplier#000065921        | 8L7WM0DJLsJf9 0BOVSj
 Supplier#000065944        | ZeAOsiLVRItuq,LA
 Supplier#000065973        | JCFWHCRxQDgcbd1WXWQFzZViVDd,
 Supplier#000066000        | JphHQUETdYKJZo9j5v1,
 Supplier#000066009        | sXScHtPvSDWT456QjX6vxXS7ojHOPW1EQND
 Supplier#000066061        | HVYsDd5X7fFPT
 Supplier#000066136        | NK993DRwuo,IA5Q1AePeq1nwQ1VK
 Supplier#000066272        | M0kGMvBkkARs3JW8
 Supplier#000066278        | 5ij3SIcLX3WZjl7I3KN
 Supplier#000066327        | HqDT7HARYD myabzrh3XWTmm,D
 Supplier#000066353        | WoCgEk,0oaTG
 Supplier#000066356        | ukHFZzfOsY7GSkmuymD2oROR
 Supplier#000066466        | zabtxnGWuPpdS9ChIs1fUBMp5e7oNO
 Supplier#000066468        | 4ReQM5PkdiOGPkE KonrNbMyq
 Supplier#000066481        | Bb4W6MKX61yDvV7F5b9ixVT
 Supplier#000066552        | CDClLEUorYqQ6D
 Supplier#000066620        | x1mtc4k 2JB1ge b
 Supplier#000066635        | 3,OVA1PJESvxt
 Supplier#000066659        | x1 jx929pofTfjNKbRJsjr2niEUaZv
 Supplier#000066751        | lYFm3opdGRwq2
 Supplier#000066788        | 3Mqyuc65zwv
 Supplier#000066875        | mO5dFIEIJjjavmgQx7h1B 2
 Supplier#000066886        | KBKqCVaybw44tVPIvlByPyQm1T157kNWGUeLyu
 Supplier#000066960        | BzryX49wNQcxEmxtn9M2L,Ei
 Supplier#000067200        | H3HXFlEUlCVjhlDOO1QEjA6J kAE27mN3R8YV
 Supplier#000067209        | yl7TMLRBe7N2NYcMKRwPjlU8weK680w2
 Supplier#000067319        | 17NLslffSeHGZ2
 Supplier#000067415        | tOU dWpO7m3,
 Supplier#000067521        | 4Obh8OEaMoB,  ne1SJ63evNWUEv 7Z3LP0bdwUs
 Supplier#000067557        | tv7cjLsj3jKxvD84ciK1qGphDS4jJM
 Supplier#000067663        | o9qpgZrix0zPHLAwtqaoNHSF
 Supplier#000067694        | oG7d1wCbrseTJ7B9HFCT3tGW
 Supplier#000067728        | LUlA8 VJq6PdjmmXUcgVu
 Supplier#000067751        | h3W0 EDjjJH2l9gmbMP
 Supplier#000067823        | 5qwAuwivxbRAMv7,j7oE
 Supplier#000067840        | I0D6oAnfQOipRmya9DBuAsWSMA
 Supplier#000067942        | OV3q1nz1WynMGkVo3KNdDHty6w6L 4i0Sj
 Supplier#000068001        | LSk42UrT4Zvey0Pjm9sTM4XqCsI6mjtT4X
 Supplier#000068044        | VW6lQazrgV18GNL7s3rbq69 IJHJhJG,wZ
 Supplier#000068055        |  jTJmiZn4M27yOOd5 2yurhhf1X0T0OAc
 Supplier#000068073        | mcYym4dMOQfYq
 Supplier#000068090        | ho8tnc5r3zDjHXnerk
 Supplier#000068258        | 8Pka7ZD0wDhZ38JIYjb7zXHCGeud
 Supplier#000068259        | zNstMwCtOH8tKBZJp7TK
 Supplier#000068298        | 0NPH7wFPocDf3JaM
 Supplier#000068482        | T7Vq g7Clm
 Supplier#000068531        | JMRH1eCT FAx2fXQO,vhV32JEl3
 Supplier#000068556        | GTO2ZdwC7k
 Supplier#000068600        | JNuqgqHncqiidyBK0WexePVFlHMAWUod
 Supplier#000068708        | BB86SUNeYGDIlT
 Supplier#000068758        | rJ3v0RJfbsrtlgd3NtOXZC,hKvDoru
 Supplier#000068804        | RGRzTFyOIffteV5ZmtFYHGT3pXvnqbom0hUxCMN
 Supplier#000068844        | D1JKPjoHvvBvt,WEDhqmne4deSjlg9dwgcwGPS1O
 Supplier#000068952        | Y7AZvvya7GKczwBm
 Supplier#000069001        | yiUzs1mLpmib B5SDaBioBJO zIsicXkUM0SmC5
 Supplier#000069041        | gWn8aXP43t IBDi D3eA
 Supplier#000069057        | FpSRhX5Mev29bZuuDKv
 Supplier#000069177        | kiB39befWfN4fqdo
 Supplier#000069301        | VgjGQbqXfZPSV0d6gl HvHN8UPN,TORs
 Supplier#000069305        | TnAtw8Kt1Uhc0DKuviaNBv3ZGM7r7QfWhzLaY
 Supplier#000069467        | GjDiJTs5nu8Mwo04B05AVE8
 Supplier#000069556        | SnLzW7w7PFwvZtsC3164TWo,7W
 Supplier#000069801        | V6z7nulEk,VS4O6HCM4fsKG2Ki,QHEWuVl,kjcM
 Supplier#000069869        | un 7rDWdvwr1y3Bf yrEyImi,hVeaIqs hqtyu
 Supplier#000069939        | 72JPSwGG QP7
 Supplier#000070002        | y8RmXghVxjxA6dJCoAXNHbvY3E
 Supplier#000070041        | NdEwxW6xC35PuCZV6XcN3dUXz,heicjdj 5I07L,
 Supplier#000070084        | 4oMCFAmAnNBNb
 Supplier#000070164        | zuipgGni3xqq3dBWHaWITkqSceluyG 
 Supplier#000070399        | SmOdR9JQEyi1C
 Supplier#000070403        | IOS,Y1CDogWlsgQWy03M,hg4dBbvfoBms5
 Supplier#000070410        | SAwiYF5PH76ASy9XqHMzG8l8fEHkBkY
 Supplier#000070445        | fMQ r7ch C9g2uA4QrxNve9jFo2Vr9HX3B,H2Pm
 Supplier#000070472        | TshGkXpNOKnVTU8HUxgq51MRFG
 Supplier#000070543        | lcBT7GGIQvfCBKi0P55jzcnUt4NsV28Wss
 Supplier#000070574        | Vb3Uap,EObaj4oFKV1hm2SAei1djTQzEXV
 Supplier#000070636        | SmkoW3XZ9KZh8KBYXACyVVDvb
 Supplier#000070713        | yE0gRJbqqBzDVhx0
 Supplier#000070742        | MEdEpbPh0mzuq6z3ZajEYjEA
 Supplier#000070764        | Vlu1Noi87xYpehnCe0uHIWWdWkpUQ82y 
 Supplier#000070774        | v77H27wX0eJCigqBjW9HtSlQyyx
 Supplier#000070930        | yfH26xKuLHlodpKKgK85TIhOUr0B
 Supplier#000070955        | Y5m7wthNVDlC4DAp2M
 Supplier#000070971        | CVJmfGLtVqPsltKMU0H0GIYwBD,xJqCh8xMLS54O
 Supplier#000070979        | CCTivoHBioSYbKYAJvKN3oZPmnCrDMzGXGLChdc
 Supplier#000071018        | Gwd3eKlYgIV,js0YlM7bHpVJAXWJF2s8Vb IPV
 Supplier#000071074        | jodh3,DAgs5KHc8hkWSZLR4Vg
 Supplier#000071098        | kSSJRTesgf8
 Supplier#000071109        | md0pzqeI5WN3yCnlEbxe,weUGRjQi1h
 Supplier#000071119        | i7dZP3JLAWv9at
 Supplier#000071133        | nJgc8e VWbJIWgz5gyMOZSGpl
 Supplier#000071172        | ctftbxeT5Hhj
 Supplier#000071233        | GCF2nTQk6YT
 Supplier#000071430        | je,XuNr2,xUEcoMLpcz9fpVdUf T
 Supplier#000071437        | pmODYpVX4B4
 Supplier#000071486        | OrX7dI5BfxlIyr6HKGSFuwS05hIILBBn9O2jWex
 Supplier#000071552        | zb,lv2eJ27
 Supplier#000071798        | zV1SUKLQnyS9gCyfec3NeAGZ
 Supplier#000071833        | q1rJvEgdVnsE9LROxuQ
 Supplier#000071895        | NhFlxhvwh,A LFe28iUZY2W6QQa4XHdYRFhAZ
 Supplier#000071977        | aeqIh85V0HTenkyfn2xhN4yOVxojUNWz8hBbB
 Supplier#000072025        | j5U,HBptCZl7
 Supplier#000072179        | BGSyq1TlcWt1C4BcJGz44kF
 Supplier#000072194        | Vx92FipBkqGTSJnBh2mmIXoKP2
 Supplier#000072248        | GupvhOe4sc066ruPxettQngiBgCu94Fsh6lA1Wf
 Supplier#000072389        | v48nbVXf8BZF0l0aYhzdB
 Supplier#000072396        | TMp4FQTQdFCUt2pRw2VmjIWEzsuOZoJSV,kxQ
 Supplier#000072499        | kZtIzRTjqUpvPsH9Rus40TnDj,HMlfhIoKvT5k1
 Supplier#000072558        | R,PeMCvE,HNjGEZqElHNgcFDpLGOv4Tc
 Supplier#000072602        | s y35QTaG gJgT4aKtKige9FJT VrY ACOI
 Supplier#000072661        | 5WyJvRr7lTTJujMGiAGN
 Supplier#000072691        | D9vAjhcnnpOMib6thhL,TiX7tiAYFgAQ5
 Supplier#000072743        | QRPpZJhD7LtB4yzifdB80b uEOZ3I
 Supplier#000072751        | oZ3DJ,HLGqR7P2qK P5pQypM7El5GYVUO6Y
 Supplier#000072799        | QymvTUXjpMNZq6Jtk
 Supplier#000072832        | DNCSY1yvNpWyqR
 Supplier#000072857        | RhE4w7S9Pz9i 9lAxmn3a,9s
 Supplier#000072881        | cHjvW4VTGqUzmIWE1E,2yQEJmLrAHQP
 Supplier#000072992        | yR5mQS4OqXb01rxZ9j 
 Supplier#000073023        | 0B,CJ4zhI8IVarEPdWfu9aA
 Supplier#000073032        | lw83H ZuJFjPZ8lFhm
 Supplier#000073078        | 8K9WxbwQUPYhjh08 bu,wHUJe8
 Supplier#000073171        | 4rTol1w99UzoRthSK
 Supplier#000073256        | JYKW2LYRLoMSgN6bHwHUNKKXn
 Supplier#000073304        | IQAQyjYRzC9joQUyg80MYMHToXULShD
 Supplier#000073327        | ea9CNM3om5y038Sxe0ey1,ytbQOgeXgoow5Lp6
 Supplier#000073341        | 9pmizAfzRC1cfxB2zpry AYh9otf4c5vESISPvKL
 Supplier#000073362        | 3kYyTzgrj drjrED4ca1
 Supplier#000073536        | qXF,wfgsBLzOF5,uF6HEdWS9Y6dsYGgRKUj,5c
 Supplier#000073626        | oL,TxSLSJZDQYQ6Py926MejouU
 Supplier#000073643        | xDMvxyO5zv9zu9Tp0uQ0mwPqphy
 Supplier#000073651        | PpAktzvsF8PJu
 Supplier#000073702        | r1T4sMfXj47fcNg6jgGH1
 Supplier#000073890        | 2LM3oibWY71Md,muE1TNn
 Supplier#000073926        | EIIxG,,GGygYJKZTJkkEB5xg
 Supplier#000073958        |  go3ZEmznE Vd5D fb9NxqzC7ss
 Supplier#000074139        | VQPb7vqPxNYzkbf14H4B8Fffp3
 Supplier#000074309        | 68VoQB6x8wvw7Iscxwec
 Supplier#000074341        | 8QIP8HmoKbjeF 7PGecH3Xi ,
 Supplier#000074381        | xmaev Ir00F5oIM
 Supplier#000074396        |  FHTO6WspJgYvVtxGauI71E6dzEuYaxUJWmS
 Supplier#000074457        | DL0KlnZtLHzyyfHwErS ynHYoEhmeMo4LWJkkac
 Supplier#000074462        | Euq795IwVU KtyPs,PL6mpWG0erTVfBjLSKMWB
 Supplier#000074552        | EUmY5V6U8P
 Supplier#000074618        | jlNar1AQCIV3bCTcAJ9
 Supplier#000074698        | cFeEZfKB8YZ2XP
 Supplier#000074740        | ZcIjzDKA3cx3VH23eI1vcN2aUZr7xXEK1DsrK4yj
 Supplier#000074834        | mkS2X0iYckRwZLmkLxLnE1lL8m1uxbLcMi
 Supplier#000074849        | 1EoE1H5U5r6q3jD2ITz
 Supplier#000074857        | taFmexsrqwktstXD jsoeOQnM
 Supplier#000074858        | OQQpMQ20aUhuBhMSwje5
 Supplier#000074968        | 0LcWFM ghwMZAnkms4S,8lKKmgjjRiPJw6NcY 
 Supplier#000075018        | 8XdO6ew hPv 89NaEyEXfVA81SPrr
 Supplier#000075025        | 1ekhDDPEkr9EUNc9ev,asIRvBssjo
 Supplier#000075082        | 8Cqv4OGm5mN448oGk2BI9,,GvditLrh6k
 Supplier#000075177        | u7dlnS3zC1ft6DTJW SFoZW3EAxTV8g7Rhvl
 Supplier#000075181        | ucA7asDETcdDTXLLb3W43M0
 Supplier#000075197        | SR78hn5m7HWJm
 Supplier#000075220        | pkybJo9mxnAFRZQ
 Supplier#000075224        | mCrBlrGStv
 Supplier#000075290        | d8Y26JjM2NqTLyQ
 Supplier#000075291        | MGU9JYDhbF6Wm5SoiT
 Supplier#000075301        | scq7yMfSK7a
 Supplier#000075330        | W,i41zqcpfkRbbxFWwk0Fc
 Supplier#000075364        | RZCeI6IAArYSzgHGbVXLmF
 Supplier#000075405        | DKehuTDURZv4rq3BHPVfxcE wEIkZRbkrMDLxb
 Supplier#000075460        | roI8AmzC5ie8Ml1,jzo
 Supplier#000075485        | 42m68tNO3Vce4lZBFC7exSu1Oww4haZ
 Supplier#000075497        | zvOlvltw5nSxPeCI,B4Acbyst8N iLmK U
 Supplier#000075511        | AIiNn3YYfoidEm9S1tvpx3i0jONn5KocsGGX
 Supplier#000075582        | bBWLAApyNkVFECzQC,K1icLHySeDzmwTkqBIzZ
 Supplier#000075627        | 88MMoqsbsQcqg1WOS
 Supplier#000075659        | O48Zgj9wVF1JBfEXpY013nyY
 Supplier#000075720        | LJ87593E5l9lP
 Supplier#000075874        | RP 6,5fMLndkGh8jH26qPzYHDUX6qS7b
 Supplier#000075901        | JLVg 97fSmOPox3IYcZPwqtZVUWnuDv5Lv0kaH
 Supplier#000075946        | HEh80urmjYLt7C 4Lkpsp
 Supplier#000075965        | e1GCbMk9ivLcGemgTtNC50u4RHcByf6gat6Cx6Kj
 Supplier#000075998        | beLshV7mWlKRNJjxi0IAbyYBd1clENe,5W
 Supplier#000076008        | Np8Lw4mCJ,A
 Supplier#000076056        | UvYNpnz0Plum4Yc SB1UlY66lNYhdS90QD0cRO
 Supplier#000076060        | uJE,V1ZEBxgVrnJArtycZCOuIO 47QsOo2
 Supplier#000076093        | FeJVF3982z7PXC36rkjLt moxSXYe2OgSJDmhrNF
 Supplier#000076116        | ixQJlgCQDZZnmnm42IPdw1StbKe
 Supplier#000076163        | n1H5wzYnGQatzxhLdXA2
 Supplier#000076167        | 7jbx9cw3uC0YTE50gnGWQzDBT8 oAEU2Rl
 Supplier#000076189        | vo323xPe6gywYtkrCD38oI4vNVtCdZozsSEe
 Supplier#000076190        | HbKC1Rf nFfZUKi0Q2xyxm
 Supplier#000076332        | aOjDEdpuCo8kGuBycM02gN
 Supplier#000076452        | RbdXAtswFAma
 Supplier#000076480        | TObWBp0xq0vvEhOvD8CvtyZbu0A6krKntbXPK
 Supplier#000076490        | DCQcw9TSkbrnRtmgu,KTAEu53ARRO
 Supplier#000076608        | Q4otfqjotGIBfpLqjXgQQVbcPMo3eHi
 Supplier#000076798        | BQuJ16b8 lCYnu2fbLBRTXlQV
 Supplier#000076805        | RsDEzLJIY9pgePIXKMbIFbxQKsxWsfus8
 Supplier#000076826        | wRQ5tU5V0Ei9unIsHkI
 Supplier#000076829        | nqZRnnTT,AGFnNHO
 Supplier#000076884        | pjr8,t81VYpOi,ep2Nyfxc
 Supplier#000077215        | ZH13z5f5PKR8Vam67CEadbRtQkIS
 Supplier#000077240        | pba1MwOPnC,A,GxV1d9D7NHX81onkX4Cz6
 Supplier#000077398        | 2VPJuZuN7r8w
 Supplier#000077431        | kP5xoUrEZps4oOi2QMQMb3tLxF,FsWhANuBIrl
 Supplier#000077548        | n 5wBIvemPxaCTTxhVPqR cO
 Supplier#000077617        | 7ZW4,5rMwECc
 Supplier#000077621        |  tQ0Z h nd4tZRCWj1bmRhj5Dz7L98t2aWTSW7
 Supplier#000077746        | FeiK2WU4sf2e3cm9mmxRKZdOKq7lsO6z
 Supplier#000077789        | rqmGz3GMadzTtV8kZFY
 Supplier#000077809        | KzKh81mdwG Rfgnmk0OGZOtov 
 Supplier#000077850        | AJj7xcSGd6MUCUOKmLtx0ix5dzlXB 9yYJJM
 Supplier#000077857        | lAVxy2JtvTQ,yQe9f Ufwu0rmd
 Supplier#000077911        | AgP4sRqHSP54YMd1mT
 Supplier#000077973        | bVnksdiFiF6 fuazNb9cEn3S,
 Supplier#000078064        | iLPQIJxNLhboO zpRfLl 8jiML7I
 Supplier#000078077        | DCJk9d9BuynTUNgb,YYCqLnx2JYBA
 Supplier#000078081        | 65j39XUs71gSJ
 Supplier#000078114        | pAHf092b5qpTrk4ONOAiWhv47a
 Supplier#000078147        | yEpdkU5Dab3cvBjs9h8wHm4fr6Ju0i08n3XCHOI
 Supplier#000078168        | CjA0WfpZ4mQo
 Supplier#000078310        | K5wRYXM, ONBgET52R7rpzqZD0b3KuMDXEl
 Supplier#000078463        | 4y5QcuvN,89by C4OoaGHP8RPXS3
 Supplier#000078485        | Iyeb muVn0TwPX79vz2QIq4QM3,YqCqV
 Supplier#000078496        | RSwBZK,B2P7SFepK
 Supplier#000078520        | JPjl5GzS8vOISQ
 Supplier#000078557        | 6o3C4xiDCG0Gj5PgMZLtxqROEB
 Supplier#000078564        | nCJxwt8xoUOBL l34r
 Supplier#000078662        | ,,5OkttyHQzl d3kq
 Supplier#000078736        | oyrXf3Fuz6G0L7fWSZg
 Supplier#000078766        |  h72QsJk4Z7SJuxnd7 dgD1x6x8INaY lF
 Supplier#000078898        | pvRou,lFdg3JKFOyX puO,iQeV1Hfeh0C
 Supplier#000079020        | 0rY8LuXXU0
 Supplier#000079041        | BxioaRgLDLpQmqu
 Supplier#000079065        | 9d07HoaT6znEG6zsoSKKrX
 Supplier#000079090        | geKMGZu4DipbtMoM1pAzhIrfLKC9Q C
 Supplier#000079216        | kffgGDyYhQpwfT,H11LaAsw
 Supplier#000079313        | 7kuh p1NKDfp8UrM nbTxHQrMXHVM
 Supplier#000079323        | SvE3FdPF6 p5LljCcm6Qq
 Supplier#000079385        | blOMugPUuDdy5xbgonPtDbwCy6UbPOGYYudhXay
 Supplier#000079387        | 1KKQkMjwaJZ0 F8hDTnxf6jo7Gl6,Y5bAp5Ql
 Supplier#000079413        | vx6xyqn2Ty6MfQEcM ,tgYIgysPHkkubY58i
 Supplier#000079486        | 6RAVm4atDP89Y0HAC
 Supplier#000079532        | p6PfqvZRVJzogWyHjtbSrNqYxyfH58JOuAe
 Supplier#000079536        | 0kgoUrZOzg83cBH528Bw
 Supplier#000079664        | cBWfEmCBGmmFyEkbrqdEFOim1MmS 5IyS4k1
 Supplier#000079676        | Zo8eIYniYp86f I
 Supplier#000079691        | 46bA8Liz4q9F
 Supplier#000079749        | 6zc3ipuik5RZD,iAVdz6HkgraV0CrWGNsyfNmYRv
 Supplier#000079750        | 503XacP7TunSoc Z,Ll
 Supplier#000079758        | hLFw545AW5kBi6xvb8ZVAK,lhQYA
 Supplier#000079846        | LM3RLShWp4g8duP7aM9D30jct89Jh8
 Supplier#000079853        | SIRd1q21stXNtkD,UFsmaVv73
 Supplier#000079875        | MAJoXasYN1b3E IVn,nM3vs3jkIpIIGU
(1435 rows)

